Component: ARM Compiler 5.06 update 6 (build 750) Tool: armlink [4d35ed]

==============================================================================

Section Cross References

    startup_fm33lg0xx.o(RESET) refers to startup_fm33lg0xx.o(STACK) for __initial_sp
    startup_fm33lg0xx.o(RESET) refers to startup_fm33lg0xx.o(.text) for Reset_Handler
    startup_fm33lg0xx.o(RESET) refers to uart0.o(i.UART0_IRQHandler) for UART0_IRQHandler
    startup_fm33lg0xx.o(RESET) refers to uart1.o(i.UART1_IRQHandler) for UART1_IRQHandler
    startup_fm33lg0xx.o(RESET) refers to uart5.o(i.UART5_IRQHandler) for UART5_IRQHandler
    startup_fm33lg0xx.o(RESET) refers to time.o(i.ATIM_IRQHandler) for ATIM_IRQHandler
    startup_fm33lg0xx.o(RESET) refers to gpio.o(i.GPIO_IRQHandler) for GPIO_IRQHandler
    startup_fm33lg0xx.o(.text) refers to system_fm33lg0xx.o(i.SystemInit) for SystemInit
    startup_fm33lg0xx.o(.text) refers to entry.o(.ARM.Collect$$$$00000000) for __main
    mf_config.o(i.MF_Clock_Init) refers to system_fm33lg0xx.o(i.SystemCoreClockUpdate) for SystemCoreClockUpdate
    main.o(i.main) refers to fm33lg0xx_fl.o(i.FL_Init) for FL_Init
    main.o(i.main) refers to mf_config.o(i.MF_Clock_Init) for MF_Clock_Init
    main.o(i.main) refers to main.o(i.test_Init) for test_Init
    main.o(i.main) refers to uart5.o(i.Uart5_Rx_rec) for Uart5_Rx_rec
    main.o(i.main) refers to uart1.o(i.Uart1_Rx_rec) for Uart1_Rx_rec
    main.o(i.main) refers to uart0.o(i.Uart0_Rx_rec) for Uart0_Rx_rec
    main.o(i.main) refers to led_ctrl.o(i.LED_FLAG_LOOP) for LED_FLAG_LOOP
    main.o(i.main) refers to test_list.o(i.test_Loop_Func) for test_Loop_Func
    main.o(i.test_Init) refers to gpio.o(i.Others_GPIO_Init) for Others_GPIO_Init
    main.o(i.test_Init) refers to uart5.o(i.UART5_MF_Config_Init) for UART5_MF_Config_Init
    main.o(i.test_Init) refers to uart1.o(i.UART1_MF_Config_Init) for UART1_MF_Config_Init
    main.o(i.test_Init) refers to uart0.o(i.UART0_MF_Config_Init) for UART0_MF_Config_Init
    main.o(i.test_Init) refers to time.o(i.ATIM_Init) for ATIM_Init
    main.o(i.test_Init) refers to adc_chk.o(i.MF_ADC_PC10_Config_Init) for MF_ADC_PC10_Config_Init
    main.o(i.test_Init) refers to test_list.o(i.test_start_Init) for test_start_Init
    main.o(i.test_Init) refers to wtd.o(i.WatchDog_Init) for WatchDog_Init
    uart5.o(i.MF_UART5_Init) refers to fm33lg0xx_fl_gpio.o(i.FL_GPIO_Init) for FL_GPIO_Init
    uart5.o(i.MF_UART5_Init) refers to fm33lg0xx_fl_uart.o(i.FL_UART_Init) for FL_UART_Init
    uart5.o(i.MF_UART5_Interrupt_Init) refers to uart5.o(i.FL_UART_EnableIT_TXShiftBuffEmpty) for FL_UART_EnableIT_TXShiftBuffEmpty
    uart5.o(i.UART5_IRQHandler) refers to uart5.o(i.FL_UART_WriteTXBuff) for FL_UART_WriteTXBuff
    uart5.o(i.UART5_IRQHandler) refers to uart5.o(.bss) for uart5_Rec_shuju_neirong
    uart5.o(i.UART5_IRQHandler) refers to uart5.o(.data) for uart5_Rec_shuju_neirong_count
    uart5.o(i.UART5_MF_Config_Init) refers to uart5.o(i.MF_UART5_Init) for MF_UART5_Init
    uart5.o(i.UART5_MF_Config_Init) refers to uart5.o(i.MF_UART5_Interrupt_Init) for MF_UART5_Interrupt_Init
    uart5.o(i.UART5_MF_Config_Init) refers to uart5.o(i.UART5_MF_NVIC_Init) for UART5_MF_NVIC_Init
    uart5.o(i.UART5_MF_Config_Init) refers to uart5.o(i.Uart5_Tx_Send_init) for Uart5_Tx_Send_init
    uart5.o(i.UART5_MF_NVIC_Init) refers to fm33lg0xx_fl.o(i.FL_NVIC_Init) for FL_NVIC_Init
    uart5.o(i.Uart5_Rx_rec) refers to led_ctrl.o(i.LED_FLAG_Run) for LED_FLAG_Run
    uart5.o(i.Uart5_Rx_rec) refers to memcpya.o(.text) for __aeabi_memcpy4
    uart5.o(i.Uart5_Rx_rec) refers to uart5.o(i.Uart5_Tx_Send) for Uart5_Tx_Send
    uart5.o(i.Uart5_Rx_rec) refers to uart5.o(.data) for uart5_Rec_shuju_flag
    uart5.o(i.Uart5_Rx_rec) refers to uart5.o(.bss) for uart5_Rec_shuju_neirong
    uart5.o(i.Uart5_Tx_Send) refers to fm33lg0xx_fl.o(i.FL_DelayMs) for FL_DelayMs
    uart5.o(i.Uart5_Tx_Send) refers to memcpya.o(.text) for __aeabi_memcpy
    uart5.o(i.Uart5_Tx_Send) refers to uart5.o(i.FL_UART_EnableIT_TXShiftBuffEmpty) for FL_UART_EnableIT_TXShiftBuffEmpty
    uart5.o(i.Uart5_Tx_Send) refers to uart5.o(i.FL_UART_WriteTXBuff) for FL_UART_WriteTXBuff
    uart5.o(i.Uart5_Tx_Send) refers to uart5.o(.data) for chaoshi_dengdai
    uart5.o(i.Uart5_Tx_Send) refers to uart5.o(.bss) for UART5Op
    uart5.o(i.Uart5_Tx_Send_init) refers to uart5.o(.bss) for UART5Op
    time.o(i.ATIM_IRQHandler) refers to uart5.o(.data) for uart5_Rec_shuju_time_count
    time.o(i.ATIM_IRQHandler) refers to uart1.o(.data) for uart1_Rec_shuju_time_count
    time.o(i.ATIM_IRQHandler) refers to uart0.o(.data) for uart0_Rec_shuju_time_count
    time.o(i.ATIM_IRQHandler) refers to test_list.o(.bss) for Test_quanju_canshu_L
    time.o(i.ATIM_IRQHandler) refers to led_ctrl.o(.data) for LED_thing_time
    time.o(i.ATIM_Init) refers to time.o(i.MF_ATIM_TimerBase_Init) for MF_ATIM_TimerBase_Init
    time.o(i.ATIM_Init) refers to time.o(i.MF_ATIM_Interrupt_Init) for MF_ATIM_Interrupt_Init
[...]
    Removing fm33lg0xx_fl_lptim16.o(i.FL_LPTIM16_SetETRTriggerEdge), (12 bytes).
    Removing fm33lg0xx_fl_lptim16.o(i.FL_LPTIM16_StructInit), (22 bytes).
    Removing fm33lg0xx_fl_lptim32.o(.rev16_text), (4 bytes).
    Removing fm33lg0xx_fl_lptim32.o(.revsh_text), (4 bytes).
    Removing fm33lg0xx_fl_lptim32.o(i.FL_LPTIM32_DeInit), (184 bytes).
    Removing fm33lg0xx_fl_lptim32.o(i.FL_LPTIM32_EnableETRFilter), (12 bytes).
    Removing fm33lg0xx_fl_lptim32.o(i.FL_LPTIM32_IC_Init), (312 bytes).
    Removing fm33lg0xx_fl_lptim32.o(i.FL_LPTIM32_IC_StructInit), (8 bytes).
    Removing fm33lg0xx_fl_lptim32.o(i.FL_LPTIM32_Init), (580 bytes).
    Removing fm33lg0xx_fl_lptim32.o(i.FL_LPTIM32_OC_Init), (272 bytes).
    Removing fm33lg0xx_fl_lptim32.o(i.FL_LPTIM32_OC_StructInit), (8 bytes).
    Removing fm33lg0xx_fl_lptim32.o(i.FL_LPTIM32_SetChannelMode), (78 bytes).
    Removing fm33lg0xx_fl_lptim32.o(i.FL_LPTIM32_SetETRCountEdge), (12 bytes).
    Removing fm33lg0xx_fl_lptim32.o(i.FL_LPTIM32_SetETRTriggerEdge), (12 bytes).
    Removing fm33lg0xx_fl_lptim32.o(i.FL_LPTIM32_StructInit), (20 bytes).
    Removing fm33lg0xx_fl_lpuart.o(.rev16_text), (4 bytes).
    Removing fm33lg0xx_fl_lpuart.o(.revsh_text), (4 bytes).
    Removing fm33lg0xx_fl_lpuart.o(i.FL_CMU_DisableGroup3OperationClock), (16 bytes).
    Removing fm33lg0xx_fl_lpuart.o(i.FL_CMU_EnableGroup3BusClock), (16 bytes).
    Removing fm33lg0xx_fl_lpuart.o(i.FL_CMU_EnableGroup3OperationClock), (16 bytes).
    Removing fm33lg0xx_fl_lpuart.o(i.FL_CMU_IsEnabledGroup3BusClock), (24 bytes).
    Removing fm33lg0xx_fl_lpuart.o(i.FL_LPUART_DeInit), (208 bytes).
    Removing fm33lg0xx_fl_lpuart.o(i.FL_LPUART_Init), (736 bytes).
    Removing fm33lg0xx_fl_lpuart.o(i.FL_LPUART_StructInit), (24 bytes).
    Removing fm33lg0xx_fl_lpuart.o(i.FL_RMU_DisableResetAPBPeripheral), (34 bytes).
    Removing fm33lg0xx_fl_lpuart.o(i.FL_RMU_EnableResetAPBPeripheral), (34 bytes).
    Removing fm33lg0xx_fl_opa.o(.rev16_text), (4 bytes).
    Removing fm33lg0xx_fl_opa.o(.revsh_text), (4 bytes).
    Removing fm33lg0xx_fl_opa.o(i.FL_OPA_DeInit), (168 bytes).
    Removing fm33lg0xx_fl_opa.o(i.FL_OPA_Init), (452 bytes).
    Removing fm33lg0xx_fl_opa.o(i.FL_OPA_StructInit), (22 bytes).
    Removing fm33lg0xx_fl_pgl.o(.rev16_text), (4 bytes).
    Removing fm33lg0xx_fl_pgl.o(.revsh_text), (4 bytes).
    Removing fm33lg0xx_fl_pgl.o(i.FL_PGL_DeInit), (168 bytes).
    Removing fm33lg0xx_fl_pgl.o(i.FL_PGL_EnableLUTInputMask), (78 bytes).
    Removing fm33lg0xx_fl_pgl.o(i.FL_PGL_LUT_Init), (608 bytes).
    Removing fm33lg0xx_fl_pgl.o(i.FL_PGL_SetLUTEffectiveEdge), (94 bytes).
    Removing fm33lg0xx_fl_pgl.o(i.FL_PGL_SetLUTInputSource), (140 bytes).
    Removing fm33lg0xx_fl_pgl.o(i.FL_PGL_SetLUTOutputMode), (92 bytes).
    Removing fm33lg0xx_fl_pgl.o(i.FL_PGL_StructInit), (24 bytes).
    Removing fm33lg0xx_fl_pmu.o(.rev16_text), (4 bytes).
    Removing fm33lg0xx_fl_pmu.o(.revsh_text), (4 bytes).
    Removing fm33lg0xx_fl_pmu.o(i.FL_PMU_Sleep_DeInit), (56 bytes).
    Removing fm33lg0xx_fl_pmu.o(i.FL_PMU_Sleep_Init), (332 bytes).
    Removing fm33lg0xx_fl_pmu.o(i.FL_PMU_StructInit), (22 bytes).
    Removing fm33lg0xx_fl_rng.o(.rev16_text), (4 bytes).
    Removing fm33lg0xx_fl_rng.o(.revsh_text), (4 bytes).
    Removing fm33lg0xx_fl_rng.o(i.FL_CMU_SetRNGPrescaler), (24 bytes).
    Removing fm33lg0xx_fl_rng.o(i.FL_RNG_ClearFlag_CRCComplete), (10 bytes).
    Removing fm33lg0xx_fl_rng.o(i.FL_RNG_DeInit), (168 bytes).
    Removing fm33lg0xx_fl_rng.o(i.FL_RNG_Disable), (10 bytes).
    Removing fm33lg0xx_fl_rng.o(i.FL_RNG_Init), (188 bytes).
    Removing fm33lg0xx_fl_rng.o(i.GetCrc32), (132 bytes).
    Removing fm33lg0xx_fl_rng.o(i.GetRandomNumber), (92 bytes).
    Removing fm33lg0xx_fl_rtca.o(.rev16_text), (4 bytes).
    Removing fm33lg0xx_fl_rtca.o(.revsh_text), (4 bytes).
    Removing fm33lg0xx_fl_rtca.o(i.FL_RTCA_ConfigTime), (128 bytes).
    Removing fm33lg0xx_fl_rtca.o(i.FL_RTCA_DeInit), (76 bytes).
    Removing fm33lg0xx_fl_rtca.o(i.FL_RTCA_GetTime), (74 bytes).
    Removing fm33lg0xx_fl_rtca.o(i.FL_RTCA_Init), (64 bytes).
    Removing fm33lg0xx_fl_rtca.o(i.FL_RTCA_StructInit), (18 bytes).
    Removing fm33lg0xx_fl_rtcb.o(.rev16_text), (4 bytes).
    Removing fm33lg0xx_fl_rtcb.o(.revsh_text), (4 bytes).
    Removing fm33lg0xx_fl_rtcb.o(i.FL_RTCB_ConfigTime), (128 bytes).
    Removing fm33lg0xx_fl_rtcb.o(i.FL_RTCB_DeInit), (88 bytes).
    Removing fm33lg0xx_fl_rtcb.o(i.FL_RTCB_GetTime), (74 bytes).
    Removing fm33lg0xx_fl_rtcb.o(i.FL_RTCB_Init), (56 bytes).
    Removing fm33lg0xx_fl_rtcb.o(i.FL_RTCB_StructInit), (18 bytes).
    Removing fm33lg0xx_fl_spi.o(.rev16_text), (4 bytes).
    Removing fm33lg0xx_fl_spi.o(.revsh_text), (4 bytes).
    Removing fm33lg0xx_fl_spi.o(i.FL_CMU_DisableGroup3BusClock), (16 bytes).
    Removing fm33lg0xx_fl_spi.o(i.FL_CMU_EnableGroup3BusClock), (16 bytes).
    Removing fm33lg0xx_fl_spi.o(i.FL_RMU_DisableResetAPBPeripheral), (34 bytes).
    Removing fm33lg0xx_fl_spi.o(i.FL_RMU_EnableResetAPBPeripheral), (34 bytes).
    Removing fm33lg0xx_fl_spi.o(i.FL_SPI_DeInit), (192 bytes).
    Removing fm33lg0xx_fl_spi.o(i.FL_SPI_Init), (496 bytes).
    Removing fm33lg0xx_fl_spi.o(i.FL_SPI_StructInit), (28 bytes).
    Removing fm33lg0xx_fl_svd.o(.rev16_text), (4 bytes).
    Removing fm33lg0xx_fl_svd.o(.revsh_text), (4 bytes).
    Removing fm33lg0xx_fl_svd.o(i.FL_SVD_DeInit), (168 bytes).
    Removing fm33lg0xx_fl_svd.o(i.FL_SVD_Init), (416 bytes).
    Removing fm33lg0xx_fl_svd.o(i.FL_SVD_StructInit), (18 bytes).
    Removing fm33lg0xx_fl_u7816.o(.rev16_text), (4 bytes).
    Removing fm33lg0xx_fl_u7816.o(.revsh_text), (4 bytes).
    Removing fm33lg0xx_fl_u7816.o(i.FL_U7816_DeInit), (168 bytes).
    Removing fm33lg0xx_fl_u7816.o(i.FL_U7816_Init), (648 bytes).
    Removing fm33lg0xx_fl_u7816.o(i.FL_U7816_StructInit), (52 bytes).
    Removing fm33lg0xx_fl_uart.o(.rev16_text), (4 bytes).
    Removing fm33lg0xx_fl_uart.o(.revsh_text), (4 bytes).
    Removing fm33lg0xx_fl_uart.o(i.FL_CMU_DisableGroup3BusClock), (16 bytes).
    Removing fm33lg0xx_fl_uart.o(i.FL_CMU_DisableGroup3OperationClock), (16 bytes).
    Removing fm33lg0xx_fl_uart.o(i.FL_RMU_DisableResetAPBPeripheral), (34 bytes).
    Removing fm33lg0xx_fl_uart.o(i.FL_RMU_EnableResetAPBPeripheral), (34 bytes).
    Removing fm33lg0xx_fl_uart.o(i.FL_UART_DeInit), (272 bytes).
    Removing fm33lg0xx_fl_uart.o(i.FL_UART_InfraRed_Init), (480 bytes).
    Removing fm33lg0xx_fl_uart.o(i.FL_UART_InfraRed_StructInit), (20 bytes).
    Removing fm33lg0xx_fl_uart.o(i.FL_UART_StructInit), (28 bytes).
    Removing fm33lg0xx_fl_vao.o(.rev16_text), (4 bytes).
    Removing fm33lg0xx_fl_vao.o(.revsh_text), (4 bytes).
    Removing fm33lg0xx_fl_vao.o(i.FL_CDIF_EnableCPUToVAO), (10 bytes).
    Removing fm33lg0xx_fl_vao.o(i.FL_CDIF_EnableVAOToCPU), (10 bytes).
    Removing fm33lg0xx_fl_vao.o(i.FL_VAO_DeInit), (92 bytes).
    Removing fm33lg0xx_fl_vao.o(i.FL_VAO_IO_Init), (400 bytes).
    Removing fm33lg0xx_fl_vao.o(i.FL_VAO_IO_StructInit), (16 bytes).
    Removing fm33lg0xx_fl_vao.o(i.FL_VAO_XTLF_Init), (288 bytes).
    Removing fm33lg0xx_fl_vao.o(i.FL_VAO_XTLF_StructInit), (10 bytes).
    Removing fm33lg0xx_fl_wwdt.o(.rev16_text), (4 bytes).
    Removing fm33lg0xx_fl_wwdt.o(.revsh_text), (4 bytes).
    Removing fm33lg0xx_fl_wwdt.o(i.FL_WWDT_DeInit), (36 bytes).
    Removing fm33lg0xx_fl_wwdt.o(i.FL_WWDT_Init), (144 bytes).
    Removing fm33lg0xx_fl_wwdt.o(i.FL_WWDT_StructInit), (6 bytes).
    Removing fm33lg0xx_fl_vrefp.o(.rev16_text), (4 bytes).
    Removing fm33lg0xx_fl_vrefp.o(.revsh_text), (4 bytes).
    Removing fm33lg0xx_fl_vrefp.o(i.FL_VREFP_DeInit), (36 bytes).
    Removing fm33lg0xx_fl_vrefp.o(i.FL_VREFP_Init), (436 bytes).
    Removing fm33lg0xx_fl_vrefp.o(i.FL_VREFP_StructInit), (28 bytes).
    Removing fadd.o(.text), (178 bytes).
    Removing fmul.o(.text), (122 bytes).
    Removing fdiv.o(.text), (124 bytes).
    Removing ffltui.o(.text), (14 bytes).
    Removing dfltui.o(.text), (28 bytes).
    Removing ffixui.o(.text), (40 bytes).
    Removing dfixui.o(.text), (60 bytes).
    Removing cfcmple.o(.text), (20 bytes).
    Removing fepilogue.o(.text), (130 bytes).

407 unused section(s) (total 37379 bytes) removed from the image.

==============================================================================

Image Symbol Table

    Local Symbols

    Symbol Name                              Value     Ov Type        Size  Object(Section)

    RESET                                    0x00000000   Section      192  startup_fm33lg0xx.o(RESET)
    ../clib/microlib/division.c              0x00000000   Number         0  uldiv.o ABSOLUTE
    ../clib/microlib/division.c              0x00000000   Number         0  uidiv.o ABSOLUTE
    ../clib/microlib/division.c              0x00000000   Number         0  idiv.o ABSOLUTE
    ../clib/microlib/init/entry.s            0x00000000   Number         0  entry7b.o ABSOLUTE
    ../clib/microlib/init/entry.s            0x00000000   Number         0  entry7a.o ABSOLUTE
    ../clib/microlib/init/entry.s            0x00000000   Number         0  entry5.o ABSOLUTE
    ../clib/microlib/init/entry.s            0x00000000   Number         0  entry9b.o ABSOLUTE
    ../clib/microlib/init/entry.s            0x00000000   Number         0  entry8a.o ABSOLUTE
    ../clib/microlib/init/entry.s            0x00000000   Number         0  entry10a.o ABSOLUTE
    ../clib/microlib/init/entry.s            0x00000000   Number         0  entry8b.o ABSOLUTE
    ../clib/microlib/init/entry.s            0x00000000   Number         0  entry2.o ABSOLUTE
    ../clib/microlib/init/entry.s            0x00000000   Number         0  entry9a.o ABSOLUTE
    ../clib/microlib/init/entry.s            0x00000000   Number         0  entry.o ABSOLUTE
    ../clib/microlib/init/entry.s            0x00000000   Number         0  entry11b.o ABSOLUTE
    ../clib/microlib/init/entry.s            0x00000000   Number         0  entry11a.o ABSOLUTE
    ../clib/microlib/init/entry.s            0x00000000   Number         0  entry10b.o ABSOLUTE
    ../clib/microlib/longlong.c              0x00000000   Number         0  llmul.o ABSOLUTE
    ../clib/microlib/longlong.c              0x00000000   Number         0  llsshr.o ABSOLUTE
    ../clib/microlib/longlong.c              0x00000000   Number         0  llushr.o ABSOLUTE
    ../clib/microlib/longlong.c              0x00000000   Number         0  llshl.o ABSOLUTE
    ../clib/microlib/printf/printf.c         0x00000000   Number         0  printfa.o ABSOLUTE
    ../clib/microlib/stdio/fputc.c           0x00000000   Number         0  fputc.o ABSOLUTE
    ../clib/microlib/stdio/semi.s            0x00000000   Number         0  semi.o ABSOLUTE
    ../clib/microlib/stdio/streams.c         0x00000000   Number         0  stdout.o ABSOLUTE
    ../clib/microlib/string/memcpy.c         0x00000000   Number         0  memcpya.o ABSOLUTE
    ../clib/microlib/string/memcpy.c         0x00000000   Number         0  memcpyb.o ABSOLUTE
    ../clib/microlib/string/memset.c         0x00000000   Number         0  memseta.o ABSOLUTE
    ../clib/microlib/stubs.s                 0x00000000   Number         0  iusefp.o ABSOLUTE
    ../clib/microlib/stubs.s                 0x00000000   Number         0  iusesemip.o ABSOLUTE
    ../fplib/microlib/fpadd.c                0x00000000   Number         0  fadd.o ABSOLUTE
    ../fplib/microlib/fpadd.c                0x00000000   Number         0  dadd.o ABSOLUTE
    ../fplib/microlib/fpdiv.c                0x00000000   Number         0  ddiv.o ABSOLUTE
    ../fplib/microlib/fpdiv.c                0x00000000   Number         0  fdiv.o ABSOLUTE
    ../fplib/microlib/fpepilogue.c           0x00000000   Number         0  depilogue.o ABSOLUTE
    ../fplib/microlib/fpepilogue.c           0x00000000   Number         0  fepilogue.o ABSOLUTE
    ../fplib/microlib/fpfix.c                0x00000000   Number         0  dfixui.o ABSOLUTE
    ../fplib/microlib/fpfix.c                0x00000000   Number         0  dfixul.o ABSOLUTE
    ../fplib/microlib/fpfix.c                0x00000000   Number         0  ffixui.o ABSOLUTE
    ../fplib/microlib/fpflt.c                0x00000000   Number         0  ffltui.o ABSOLUTE
    ../fplib/microlib/fpflt.c                0x00000000   Number         0  dfltui.o ABSOLUTE
    ../fplib/microlib/fpmul.c                0x00000000   Number         0  fmul.o ABSOLUTE
    ../fplib/microlib/fpmul.c                0x00000000   Number         0  dmul.o ABSOLUTE
    ..\Drivers\CMSIS\Device\FM\FM33xx\Source\Templates\ARM\startup_fm33lg0xx.s 0x00000000   Number         0  startup_fm33lg0xx.o ABSOLUTE
    ..\Drivers\CMSIS\Device\FM\FM33xx\Source\system_fm33lg0xx.c 0x00000000   Number         0  system_fm33lg0xx.o ABSOLUTE
    ..\Drivers\FM33LG0xx_FL_Driver\Src\fm33lg0xx_fl.c 0x00000000   Number         0  fm33lg0xx_fl.o ABSOLUTE
    ..\Drivers\FM33LG0xx_FL_Driver\Src\fm33lg0xx_fl_adc.c 0x00000000   Number         0  fm33lg0xx_fl_adc.o ABSOLUTE
    ..\Drivers\FM33LG0xx_FL_Driver\Src\fm33lg0xx_fl_aes.c 0x00000000   Number         0  fm33lg0xx_fl_aes.o ABSOLUTE
    ..\Drivers\FM33LG0xx_FL_Driver\Src\fm33lg0xx_fl_atim.c 0x00000000   Number         0  fm33lg0xx_fl_atim.o ABSOLUTE
    ..\Drivers\FM33LG0xx_FL_Driver\Src\fm33lg0xx_fl_bstim16.c 0x00000000   Number         0  fm33lg0xx_fl_bstim16.o ABSOLUTE
    ..\Drivers\FM33LG0xx_FL_Driver\Src\fm33lg0xx_fl_bstim32.c 0x00000000   Number         0  fm33lg0xx_fl_bstim32.o ABSOLUTE
    ..\Drivers\FM33LG0xx_FL_Driver\Src\fm33lg0xx_fl_can.c 0x00000000   Number         0  fm33lg0xx_fl_can.o ABSOLUTE
    ..\Drivers\FM33LG0xx_FL_Driver\Src\fm33lg0xx_fl_cmu.c 0x00000000   Number         0  fm33lg0xx_fl_cmu.o ABSOLUTE
    ..\Drivers\FM33LG0xx_FL_Driver\Src\fm33lg0xx_fl_comp.c 0x00000000   Number         0  fm33lg0xx_fl_comp.o ABSOLUTE
    ..\Drivers\FM33LG0xx_FL_Driver\Src\fm33lg0xx_fl_crc.c 0x00000000   Number         0  fm33lg0xx_fl_crc.o ABSOLUTE
    ..\Drivers\FM33LG0xx_FL_Driver\Src\fm33lg0xx_fl_dac.c 0x00000000   Number         0  fm33lg0xx_fl_dac.o ABSOLUTE
    ..\Drivers\FM33LG0xx_FL_Driver\Src\fm33lg0xx_fl_divas.c 0x00000000   Number         0  fm33lg0xx_fl_divas.o ABSOLUTE
    ..\Drivers\FM33LG0xx_FL_Driver\Src\fm33lg0xx_fl_dma.c 0x00000000   Number         0  fm33lg0xx_fl_dma.o ABSOLUTE
    ..\Drivers\FM33LG0xx_FL_Driver\Src\fm33lg0xx_fl_exti.c 0x00000000   Number         0  fm33lg0xx_fl_exti.o ABSOLUTE
    ..\Drivers\FM33LG0xx_FL_Driver\Src\fm33lg0xx_fl_flash.c 0x00000000   Number         0  fm33lg0xx_fl_flash.o ABSOLUTE
    ..\Drivers\FM33LG0xx_FL_Driver\Src\fm33lg0xx_fl_gpio.c 0x00000000   Number         0  fm33lg0xx_fl_gpio.o ABSOLUTE
    ..\Drivers\FM33LG0xx_FL_Driver\Src\fm33lg0xx_fl_gptim.c 0x00000000   Number         0  fm33lg0xx_fl_gptim.o ABSOLUTE
    ..\Drivers\FM33LG0xx_FL_Driver\Src\fm33lg0xx_fl_i2c.c 0x00000000   Number         0  fm33lg0xx_fl_i2c.o ABSOLUTE
    ..\Drivers\FM33LG0xx_FL_Driver\Src\fm33lg0xx_fl_iwdt.c 0x00000000   Number         0  fm33lg0xx_fl_iwdt.o ABSOLUTE
    ..\Drivers\FM33LG0xx_FL_Driver\Src\fm33lg0xx_fl_lcd.c 0x00000000   Number         0  fm33lg0xx_fl_lcd.o ABSOLUTE
    ..\Drivers\FM33LG0xx_FL_Driver\Src\fm33lg0xx_fl_lptim16.c 0x00000000   Number         0  fm33lg0xx_fl_lptim16.o ABSOLUTE
    ..\Drivers\FM33LG0xx_FL_Driver\Src\fm33lg0xx_fl_lptim32.c 0x00000000   Number         0  fm33lg0xx_fl_lptim32.o ABSOLUTE
    ..\Drivers\FM33LG0xx_FL_Driver\Src\fm33lg0xx_fl_lpuart.c 0x00000000   Number         0  fm33lg0xx_fl_lpuart.o ABSOLUTE
    ..\Drivers\FM33LG0xx_FL_Driver\Src\fm33lg0xx_fl_opa.c 0x00000000   Number         0  fm33lg0xx_fl_opa.o ABSOLUTE
    ..\Drivers\FM33LG0xx_FL_Driver\Src\fm33lg0xx_fl_pgl.c 0x00000000   Number         0  fm33lg0xx_fl_pgl.o ABSOLUTE
    ..\Drivers\FM33LG0xx_FL_Driver\Src\fm33lg0xx_fl_pmu.c 0x00000000   Number         0  fm33lg0xx_fl_pmu.o ABSOLUTE
    ..\Drivers\FM33LG0xx_FL_Driver\Src\fm33lg0xx_fl_rng.c 0x00000000   Number         0  fm33lg0xx_fl_rng.o ABSOLUTE
    ..\Drivers\FM33LG0xx_FL_Driver\Src\fm33lg0xx_fl_rtca.c 0x00000000   Number         0  fm33lg0xx_fl_rtca.o ABSOLUTE
    ..\Drivers\FM33LG0xx_FL_Driver\Src\fm33lg0xx_fl_rtcb.c 0x00000000   Number         0  fm33lg0xx_fl_rtcb.o ABSOLUTE
    ..\Drivers\FM33LG0xx_FL_Driver\Src\fm33lg0xx_fl_spi.c 0x00000000   Number         0  fm33lg0xx_fl_spi.o ABSOLUTE
    ..\Drivers\FM33LG0xx_FL_Driver\Src\fm33lg0xx_fl_svd.c 0x00000000   Number         0  fm33lg0xx_fl_svd.o ABSOLUTE
    ..\Drivers\FM33LG0xx_FL_Driver\Src\fm33lg0xx_fl_u7816.c 0x00000000   Number         0  fm33lg0xx_fl_u7816.o ABSOLUTE
    ..\Drivers\FM33LG0xx_FL_Driver\Src\fm33lg0xx_fl_uart.c 0x00000000   Number         0  fm33lg0xx_fl_uart.o ABSOLUTE
    ..\Drivers\FM33LG0xx_FL_Driver\Src\fm33lg0xx_fl_vao.c 0x00000000   Number         0  fm33lg0xx_fl_vao.o ABSOLUTE
    ..\Drivers\FM33LG0xx_FL_Driver\Src\fm33lg0xx_fl_vrefp.c 0x00000000   Number         0  fm33lg0xx_fl_vrefp.o ABSOLUTE
    ..\Drivers\FM33LG0xx_FL_Driver\Src\fm33lg0xx_fl_wwdt.c 0x00000000   Number         0  fm33lg0xx_fl_wwdt.o ABSOLUTE
    ..\MF-config\Src\mf_config.c             0x00000000   Number         0  mf_config.o ABSOLUTE
    ..\Src\ADC_CHK.c                         0x00000000   Number         0  adc_chk.o ABSOLUTE
    ..\Src\GPIO.c                            0x00000000   Number         0  gpio.o ABSOLUTE
    ..\Src\LED_CTRL.c                        0x00000000   Number         0  led_ctrl.o ABSOLUTE
    ..\Src\PC_xieyi_Ctrl.c                   0x00000000   Number         0  pc_xieyi_ctrl.o ABSOLUTE
    ..\Src\Test_List.c                       0x00000000   Number         0  test_list.o ABSOLUTE
    ..\Src\WTD.c                             0x00000000   Number         0  wtd.o ABSOLUTE
    ..\Src\ZDINA219.c                        0x00000000   Number         0  zdina219.o ABSOLUTE
    ..\Src\main.c                            0x00000000   Number         0  main.o ABSOLUTE
    ..\Src\time.c                            0x00000000   Number         0  time.o ABSOLUTE
    ..\Src\tongxin_xieyi_Ctrl.c              0x00000000   Number         0  tongxin_xieyi_ctrl.o ABSOLUTE
    ..\Src\uart0.c                           0x00000000   Number         0  uart0.o ABSOLUTE
    ..\Src\uart1.c                           0x00000000   Number         0  uart1.o ABSOLUTE
    ..\Src\uart5.c                           0x00000000   Number         0  uart5.o ABSOLUTE
    ..\\Drivers\\CMSIS\\Device\\FM\\FM33xx\\Source\\system_fm33lg0xx.c 0x00000000   Number         0  system_fm33lg0xx.o ABSOLUTE
    ..\\Drivers\\FM33LG0xx_FL_Driver\\Src\\fm33lg0xx_fl.c 0x00000000   Number         0  fm33lg0xx_fl.o ABSOLUTE
    ..\\Drivers\\FM33LG0xx_FL_Driver\\Src\\fm33lg0xx_fl_adc.c 0x00000000   Number         0  fm33lg0xx_fl_adc.o ABSOLUTE
    ..\\Drivers\\FM33LG0xx_FL_Driver\\Src\\fm33lg0xx_fl_aes.c 0x00000000   Number         0  fm33lg0xx_fl_aes.o ABSOLUTE
    ..\\Drivers\\FM33LG0xx_FL_Driver\\Src\\fm33lg0xx_fl_atim.c 0x00000000   Number         0  fm33lg0xx_fl_atim.o ABSOLUTE
    ..\\Drivers\\FM33LG0xx_FL_Driver\\Src\\fm33lg0xx_fl_bstim16.c 0x00000000   Number         0  fm33lg0xx_fl_bstim16.o ABSOLUTE
    ..\\Drivers\\FM33LG0xx_FL_Driver\\Src\\fm33lg0xx_fl_bstim32.c 0x00000000   Number         0  fm33lg0xx_fl_bstim32.o ABSOLUTE
    ..\\Drivers\\FM33LG0xx_FL_Driver\\Src\\fm33lg0xx_fl_can.c 0x00000000   Number         0  fm33lg0xx_fl_can.o ABSOLUTE
    ..\\Drivers\\FM33LG0xx_FL_Driver\\Src\\fm33lg0xx_fl_cmu.c 0x00000000   Number         0  fm33lg0xx_fl_cmu.o ABSOLUTE
    ..\\Drivers\\FM33LG0xx_FL_Driver\\Src\\fm33lg0xx_fl_comp.c 0x00000000   Number         0  fm33lg0xx_fl_comp.o ABSOLUTE
    ..\\Drivers\\FM33LG0xx_FL_Driver\\Src\\fm33lg0xx_fl_crc.c 0x00000000   Number         0  fm33lg0xx_fl_crc.o ABSOLUTE
    ..\\Drivers\\FM33LG0xx_FL_Driver\\Src\\fm33lg0xx_fl_dac.c 0x00000000   Number         0  fm33lg0xx_fl_dac.o ABSOLUTE
    ..\\Drivers\\FM33LG0xx_FL_Driver\\Src\\fm33lg0xx_fl_divas.c 0x00000000   Number         0  fm33lg0xx_fl_divas.o ABSOLUTE
    ..\\Drivers\\FM33LG0xx_FL_Driver\\Src\\fm33lg0xx_fl_dma.c 0x00000000   Number         0  fm33lg0xx_fl_dma.o ABSOLUTE
    ..\\Drivers\\FM33LG0xx_FL_Driver\\Src\\fm33lg0xx_fl_exti.c 0x00000000   Number         0  fm33lg0xx_fl_exti.o ABSOLUTE
    ..\\Drivers\\FM33LG0xx_FL_Driver\\Src\\fm33lg0xx_fl_flash.c 0x00000000   Number         0  fm33lg0xx_fl_flash.o ABSOLUTE
    ..\\Drivers\\FM33LG0xx_FL_Driver\\Src\\fm33lg0xx_fl_gpio.c 0x00000000   Number         0  fm33lg0xx_fl_gpio.o ABSOLUTE
    ..\\Drivers\\FM33LG0xx_FL_Driver\\Src\\fm33lg0xx_fl_gptim.c 0x00000000   Number         0  fm33lg0xx_fl_gptim.o ABSOLUTE
    ..\\Drivers\\FM33LG0xx_FL_Driver\\Src\\fm33lg0xx_fl_i2c.c 0x00000000   Number         0  fm33lg0xx_fl_i2c.o ABSOLUTE
    ..\\Drivers\\FM33LG0xx_FL_Driver\\Src\\fm33lg0xx_fl_iwdt.c 0x00000000   Number         0  fm33lg0xx_fl_iwdt.o ABSOLUTE
    ..\\Drivers\\FM33LG0xx_FL_Driver\\Src\\fm33lg0xx_fl_lcd.c 0x00000000   Number         0  fm33lg0xx_fl_lcd.o ABSOLUTE
    ..\\Drivers\\FM33LG0xx_FL_Driver\\Src\\fm33lg0xx_fl_lptim16.c 0x00000000   Number         0  fm33lg0xx_fl_lptim16.o ABSOLUTE
    ..\\Drivers\\FM33LG0xx_FL_Driver\\Src\\fm33lg0xx_fl_lptim32.c 0x00000000   Number         0  fm33lg0xx_fl_lptim32.o ABSOLUTE
    ..\\Drivers\\FM33LG0xx_FL_Driver\\Src\\fm33lg0xx_fl_lpuart.c 0x00000000   Number         0  fm33lg0xx_fl_lpuart.o ABSOLUTE
    ..\\Drivers\\FM33LG0xx_FL_Driver\\Src\\fm33lg0xx_fl_opa.c 0x00000000   Number         0  fm33lg0xx_fl_opa.o ABSOLUTE
    ..\\Drivers\\FM33LG0xx_FL_Driver\\Src\\fm33lg0xx_fl_pgl.c 0x00000000   Number         0  fm33lg0xx_fl_pgl.o ABSOLUTE
    ..\\Drivers\\FM33LG0xx_FL_Driver\\Src\\fm33lg0xx_fl_pmu.c 0x00000000   Number         0  fm33lg0xx_fl_pmu.o ABSOLUTE
    ..\\Drivers\\FM33LG0xx_FL_Driver\\Src\\fm33lg0xx_fl_rng.c 0x00000000   Number         0  fm33lg0xx_fl_rng.o ABSOLUTE
    ..\\Drivers\\FM33LG0xx_FL_Driver\\Src\\fm33lg0xx_fl_rtca.c 0x00000000   Number         0  fm33lg0xx_fl_rtca.o ABSOLUTE
    ..\\Drivers\\FM33LG0xx_FL_Driver\\Src\\fm33lg0xx_fl_rtcb.c 0x00000000   Number         0  fm33lg0xx_fl_rtcb.o ABSOLUTE
    ..\\Drivers\\FM33LG0xx_FL_Driver\\Src\\fm33lg0xx_fl_spi.c 0x00000000   Number         0  fm33lg0xx_fl_spi.o ABSOLUTE
    ..\\Drivers\\FM33LG0xx_FL_Driver\\Src\\fm33lg0xx_fl_svd.c 0x00000000   Number         0  fm33lg0xx_fl_svd.o ABSOLUTE
    ..\\Drivers\\FM33LG0xx_FL_Driver\\Src\\fm33lg0xx_fl_u7816.c 0x00000000   Number         0  fm33lg0xx_fl_u7816.o ABSOLUTE
    ..\\Drivers\\FM33LG0xx_FL_Driver\\Src\\fm33lg0xx_fl_uart.c 0x00000000   Number         0  fm33lg0xx_fl_uart.o ABSOLUTE
    ..\\Drivers\\FM33LG0xx_FL_Driver\\Src\\fm33lg0xx_fl_vao.c 0x00000000   Number         0  fm33lg0xx_fl_vao.o ABSOLUTE
    ..\\Drivers\\FM33LG0xx_FL_Driver\\Src\\fm33lg0xx_fl_vrefp.c 0x00000000   Number         0  fm33lg0xx_fl_vrefp.o ABSOLUTE
    ..\\Drivers\\FM33LG0xx_FL_Driver\\Src\\fm33lg0xx_fl_wwdt.c 0x00000000   Number         0  fm33lg0xx_fl_wwdt.o ABSOLUTE
    ..\\MF-config\\Src\\mf_config.c          0x00000000   Number         0  mf_config.o ABSOLUTE
    ..\\Src\\ADC_CHK.c                       0x00000000   Number         0  adc_chk.o ABSOLUTE
    ..\\Src\\GPIO.c                          0x00000000   Number         0  gpio.o ABSOLUTE
    ..\\Src\\LED_CTRL.c                      0x00000000   Number         0  led_ctrl.o ABSOLUTE
    ..\\Src\\PC_xieyi_Ctrl.c                 0x00000000   Number         0  pc_xieyi_ctrl.o ABSOLUTE
    ..\\Src\\Test_List.c                     0x00000000   Number         0  test_list.o ABSOLUTE
    ..\\Src\\WTD.c                           0x00000000   Number         0  wtd.o ABSOLUTE
    ..\\Src\\ZDINA219.c                      0x00000000   Number         0  zdina219.o ABSOLUTE
    ..\\Src\\main.c                          0x00000000   Number         0  main.o ABSOLUTE
    ..\\Src\\time.c                          0x00000000   Number         0  time.o ABSOLUTE
    ..\\Src\\tongxin_xieyi_Ctrl.c            0x00000000   Number         0  tongxin_xieyi_ctrl.o ABSOLUTE
    ..\\Src\\uart0.c                         0x00000000   Number         0  uart0.o ABSOLUTE
    ..\\Src\\uart1.c                         0x00000000   Number         0  uart1.o ABSOLUTE
    ..\\Src\\uart5.c                         0x00000000   Number         0  uart5.o ABSOLUTE
    cdrcmple.s                               0x00000000   Number         0  cdrcmple.o ABSOLUTE
    cfcmple.s                                0x00000000   Number         0  cfcmple.o ABSOLUTE
    dc.s                                     0x00000000   Number         0  dc.o ABSOLUTE
    handlers.s                               0x00000000   Number         0  handlers.o ABSOLUTE
    init.s                                   0x00000000   Number         0  init.o ABSOLUTE
    .ARM.Collect$$$$00000000                 0x000000c0   Section        0  entry.o(.ARM.Collect$$$$00000000)
    .ARM.Collect$$$$00000001                 0x000000c0   Section        4  entry2.o(.ARM.Collect$$$$00000001)
    .ARM.Collect$$$$00000004                 0x000000c4   Section        4  entry5.o(.ARM.Collect$$$$00000004)
    .ARM.Collect$$$$00000008                 0x000000c8   Section        0  entry7b.o(.ARM.Collect$$$$00000008)
    .ARM.Collect$$$$0000000A                 0x000000c8   Section        0  entry8b.o(.ARM.Collect$$$$0000000A)
    .ARM.Collect$$$$0000000B                 0x000000c8   Section        8  entry9a.o(.ARM.Collect$$$$0000000B)
    .ARM.Collect$$$$0000000D                 0x000000d0   Section        0  entry10a.o(.ARM.Collect$$$$0000000D)
    .ARM.Collect$$$$0000000F                 0x000000d0   Section        0  entry11a.o(.ARM.Collect$$$$0000000F)
    .ARM.Collect$$$$00002712                 0x000000d0   Section        4  entry2.o(.ARM.Collect$$$$00002712)
    __lit__00000000                          0x000000d0   Data           4  entry2.o(.ARM.Collect$$$$00002712)
    .text                                    0x000000d4   Section       28  startup_fm33lg0xx.o(.text)
    .text                                    0x000000f0   Section        0  uidiv.o(.text)
    .text                                    0x0000011c   Section        0  uldiv.o(.text)
    .text                                    0x0000017c   Section        0  llmul.o(.text)
    .text                                    0x000001f6   Section        0  memcpya.o(.text)
    .text                                    0x0000021a   Section        0  memseta.o(.text)
    .text                                    0x00000240   Section        0  dadd.o(.text)
    .text                                    0x000003a4   Section        0  dmul.o(.text)
    .text                                    0x00000474   Section        0  ddiv.o(.text)
    .text                                    0x00000564   Section        0  llshl.o(.text)
    .text                                    0x00000584   Section        0  llushr.o(.text)
    .text                                    0x000005a6   Section        0  llsshr.o(.text)
    .text                                    0x000005cc   Section        0  depilogue.o(.text)
    .text                                    0x000005cc   Section        0  iusefp.o(.text)
    .text                                    0x0000068c   Section        0  dfixul.o(.text)
    .text                                    0x000006cc   Section       40  cdrcmple.o(.text)
    .text                                    0x000006f4   Section       36  init.o(.text)
    i.ATIM_IRQHandler                        0x00000718   Section        0  time.o(i.ATIM_IRQHandler)
    i.ATIM_Init                              0x000007e4   Section        0  time.o(i.ATIM_Init)
    i.ATIM_NVIC_Init                         0x000007f8   Section        0  time.o(i.ATIM_NVIC_Init)
    i.ATIM_Start                             0x00000808   Section        0  time.o(i.ATIM_Start)
    i.DeBug_print                            0x00000820   Section        0  uart1.o(i.DeBug_print)
    i.FL_ADC_ClearFlag_EndOfConversion       0x00000864   Section        0  adc_chk.o(i.FL_ADC_ClearFlag_EndOfConversion)
    FL_ADC_ClearFlag_EndOfConversion         0x00000865   Thumb Code     6  adc_chk.o(i.FL_ADC_ClearFlag_EndOfConversion)
    i.FL_ADC_CommonInit                      0x0000086c   Section        0  fm33lg0xx_fl_adc.o(i.FL_ADC_CommonInit)
    i.FL_ADC_Disable                         0x000009f8   Section        0  adc_chk.o(i.FL_ADC_Disable)
    FL_ADC_Disable                           0x000009f9   Thumb Code    10  adc_chk.o(i.FL_ADC_Disable)
    i.FL_ADC_Disable                         0x00000a02   Section        0  fm33lg0xx_fl_adc.o(i.FL_ADC_Disable)
    FL_ADC_Disable                           0x00000a03   Thumb Code    10  fm33lg0xx_fl_adc.o(i.FL_ADC_Disable)
    i.FL_ADC_DisableOverSampling             0x00000a0c   Section        0  fm33lg0xx_fl_adc.o(i.FL_ADC_DisableOverSampling)
    FL_ADC_DisableOverSampling               0x00000a0d   Thumb Code    12  fm33lg0xx_fl_adc.o(i.FL_ADC_DisableOverSampling)
    i.FL_ADC_DisableSequencerChannel         0x00000a18   Section        0  adc_chk.o(i.FL_ADC_DisableSequencerChannel)
    FL_ADC_DisableSequencerChannel           0x00000a19   Thumb Code    12  adc_chk.o(i.FL_ADC_DisableSequencerChannel)
    i.FL_ADC_Enable                          0x00000a24   Section        0  adc_chk.o(i.FL_ADC_Enable)
    FL_ADC_Enable                            0x00000a25   Thumb Code    10  adc_chk.o(i.FL_ADC_Enable)
    i.FL_ADC_EnableSWConversion              0x00000a2e   Section        0  adc_chk.o(i.FL_ADC_EnableSWConversion)
    FL_ADC_EnableSWConversion                0x00000a2f   Thumb Code    10  adc_chk.o(i.FL_ADC_EnableSWConversion)
    i.FL_ADC_EnableSequencerChannel          0x00000a38   Section        0  adc_chk.o(i.FL_ADC_EnableSequencerChannel)
    FL_ADC_EnableSequencerChannel            0x00000a39   Thumb Code    12  adc_chk.o(i.FL_ADC_EnableSequencerChannel)
    i.FL_ADC_Init                            0x00000a44   Section        0  fm33lg0xx_fl_adc.o(i.FL_ADC_Init)
    i.FL_ADC_IsActiveFlag_EndOfConversion    0x00000dcc   Section        0  adc_chk.o(i.FL_ADC_IsActiveFlag_EndOfConversion)
    FL_ADC_IsActiveFlag_EndOfConversion      0x00000dcd   Thumb Code    16  adc_chk.o(i.FL_ADC_IsActiveFlag_EndOfConversion)
    i.FL_ADC_SetClockSource                  0x00000ddc   Section        0  fm33lg0xx_fl_adc.o(i.FL_ADC_SetClockSource)
    FL_ADC_SetClockSource                    0x00000ddd   Thumb Code    12  fm33lg0xx_fl_adc.o(i.FL_ADC_SetClockSource)
    i.FL_ATIM_GenerateUpdateEvent            0x00000de8   Section        0  fm33lg0xx_fl_atim.o(i.FL_ATIM_GenerateUpdateEvent)
    FL_ATIM_GenerateUpdateEvent              0x00000de9   Thumb Code    10  fm33lg0xx_fl_atim.o(i.FL_ATIM_GenerateUpdateEvent)
    i.FL_ATIM_Init                           0x00000df4   Section        0  fm33lg0xx_fl_atim.o(i.FL_ATIM_Init)
    i.FL_ATIM_IsActiveFlag_Update            0x00000f8c   Section        0  fm33lg0xx_fl_atim.o(i.FL_ATIM_IsActiveFlag_Update)
    FL_ATIM_IsActiveFlag_Update              0x00000f8d   Thumb Code    16  fm33lg0xx_fl_atim.o(i.FL_ATIM_IsActiveFlag_Update)
    i.FL_ATIM_SetCounterAlignedMode          0x00000f9c   Section        0  fm33lg0xx_fl_atim.o(i.FL_ATIM_SetCounterAlignedMode)
    FL_ATIM_SetCounterAlignedMode            0x00000f9d   Thumb Code    12  fm33lg0xx_fl_atim.o(i.FL_ATIM_SetCounterAlignedMode)
    i.FL_ATIM_SetCounterDirection            0x00000fa8   Section        0  fm33lg0xx_fl_atim.o(i.FL_ATIM_SetCounterDirection)
    FL_ATIM_SetCounterDirection              0x00000fa9   Thumb Code    12  fm33lg0xx_fl_atim.o(i.FL_ATIM_SetCounterDirection)
    i.FL_CMU_EnableGroup3BusClock            0x00000fb4   Section        0  fm33lg0xx_fl_uart.o(i.FL_CMU_EnableGroup3BusClock)
    FL_CMU_EnableGroup3BusClock              0x00000fb5   Thumb Code    12  fm33lg0xx_fl_uart.o(i.FL_CMU_EnableGroup3BusClock)
    i.FL_CMU_EnableGroup3OperationClock      0x00000fc4   Section        0  fm33lg0xx_fl_atim.o(i.FL_CMU_EnableGroup3OperationClock)
    FL_CMU_EnableGroup3OperationClock        0x00000fc5   Thumb Code    12  fm33lg0xx_fl_atim.o(i.FL_CMU_EnableGroup3OperationClock)
    i.FL_CMU_EnableGroup3OperationClock      0x00000fd4   Section        0  fm33lg0xx_fl_uart.o(i.FL_CMU_EnableGroup3OperationClock)
    FL_CMU_EnableGroup3OperationClock        0x00000fd5   Thumb Code    12  fm33lg0xx_fl_uart.o(i.FL_CMU_EnableGroup3OperationClock)
    i.FL_CMU_EnableGroup4BusClock            0x00000fe4   Section        0  fm33lg0xx_fl_atim.o(i.FL_CMU_EnableGroup4BusClock)
    FL_CMU_EnableGroup4BusClock              0x00000fe5   Thumb Code    12  fm33lg0xx_fl_atim.o(i.FL_CMU_EnableGroup4BusClock)
    i.FL_CMU_GetAHBClockFreq                 0x00000ff4   Section        0  fm33lg0xx_fl_cmu.o(i.FL_CMU_GetAHBClockFreq)
    i.FL_CMU_GetAPBClockFreq                 0x0000106c   Section        0  fm33lg0xx_fl_cmu.o(i.FL_CMU_GetAPBClockFreq)
    i.FL_CMU_GetPLLClockFreq                 0x000010e4   Section        0  fm33lg0xx_fl_cmu.o(i.FL_CMU_GetPLLClockFreq)
    i.FL_CMU_GetRCHFClockFreq                0x00001190   Section        0  fm33lg0xx_fl_cmu.o(i.FL_CMU_GetRCHFClockFreq)
    i.FL_CMU_GetRCLFClockFreq                0x000011e0   Section        0  fm33lg0xx_fl_cmu.o(i.FL_CMU_GetRCLFClockFreq)
    i.FL_CMU_GetSystemClockFreq              0x0000122c   Section        0  fm33lg0xx_fl_cmu.o(i.FL_CMU_GetSystemClockFreq)
    i.FL_CMU_SetADCPrescaler                 0x00001290   Section        0  adc_chk.o(i.FL_CMU_SetADCPrescaler)
    FL_CMU_SetADCPrescaler                   0x00001291   Thumb Code    16  adc_chk.o(i.FL_CMU_SetADCPrescaler)
    i.FL_DelayInit                           0x000012a4   Section        0  fm33lg0xx_fl.o(i.FL_DelayInit)
    i.FL_DelayMs                             0x000012c4   Section        0  fm33lg0xx_fl.o(i.FL_DelayMs)
    i.FL_DelayUs                             0x000012fc   Section        0  fm33lg0xx_fl.o(i.FL_DelayUs)
    i.FL_GPIO_DisablePinAnalogSwitch         0x00001340   Section        0  fm33lg0xx_fl_gpio.o(i.FL_GPIO_DisablePinAnalogSwitch)
    FL_GPIO_DisablePinAnalogSwitch           0x00001341   Thumb Code    10  fm33lg0xx_fl_gpio.o(i.FL_GPIO_DisablePinAnalogSwitch)
    i.FL_GPIO_DisablePinInput                0x0000134a   Section        0  fm33lg0xx_fl_gpio.o(i.FL_GPIO_DisablePinInput)
    FL_GPIO_DisablePinInput                  0x0000134b   Thumb Code    10  fm33lg0xx_fl_gpio.o(i.FL_GPIO_DisablePinInput)
    i.FL_GPIO_DisablePinOpenDrain            0x00001354   Section        0  fm33lg0xx_fl_gpio.o(i.FL_GPIO_DisablePinOpenDrain)
    FL_GPIO_DisablePinOpenDrain              0x00001355   Thumb Code    10  fm33lg0xx_fl_gpio.o(i.FL_GPIO_DisablePinOpenDrain)
    i.FL_GPIO_DisablePinPullup               0x0000135e   Section        0  fm33lg0xx_fl_gpio.o(i.FL_GPIO_DisablePinPullup)
    FL_GPIO_DisablePinPullup                 0x0000135f   Thumb Code    10  fm33lg0xx_fl_gpio.o(i.FL_GPIO_DisablePinPullup)
    i.FL_GPIO_DisablePinRemap                0x00001368   Section        0  fm33lg0xx_fl_gpio.o(i.FL_GPIO_DisablePinRemap)
    FL_GPIO_DisablePinRemap                  0x00001369   Thumb Code    10  fm33lg0xx_fl_gpio.o(i.FL_GPIO_DisablePinRemap)
    i.FL_GPIO_Init                           0x00001374   Section        0  fm33lg0xx_fl_gpio.o(i.FL_GPIO_Init)
    i.FL_GPIO_SetPinMode                     0x0000155c   Section        0  fm33lg0xx_fl_gpio.o(i.FL_GPIO_SetPinMode)
    FL_GPIO_SetPinMode                       0x0000155d   Thumb Code    26  fm33lg0xx_fl_gpio.o(i.FL_GPIO_SetPinMode)
    i.FL_IWDT_Init                           0x00001578   Section        0  fm33lg0xx_fl_iwdt.o(i.FL_IWDT_Init)
    i.FL_IWDT_ReadCounter                    0x00001698   Section        0  fm33lg0xx_fl_iwdt.o(i.FL_IWDT_ReadCounter)
    FL_IWDT_ReadCounter                      0x00001699   Thumb Code    20  fm33lg0xx_fl_iwdt.o(i.FL_IWDT_ReadCounter)
    i.FL_IWDT_StructInit                     0x000016ac   Section        0  fm33lg0xx_fl_iwdt.o(i.FL_IWDT_StructInit)
    i.FL_Init                                0x000016b6   Section        0  fm33lg0xx_fl.o(i.FL_Init)
    i.FL_NVIC_Init                           0x000016c0   Section        0  fm33lg0xx_fl.o(i.FL_NVIC_Init)
    i.FL_UART_EnableIT_TXShiftBuffEmpty      0x00001708   Section        0  uart5.o(i.FL_UART_EnableIT_TXShiftBuffEmpty)
    FL_UART_EnableIT_TXShiftBuffEmpty        0x00001709   Thumb Code    10  uart5.o(i.FL_UART_EnableIT_TXShiftBuffEmpty)
    i.FL_UART_EnableIT_TXShiftBuffEmpty      0x00001712   Section        0  uart1.o(i.FL_UART_EnableIT_TXShiftBuffEmpty)
    FL_UART_EnableIT_TXShiftBuffEmpty        0x00001713   Thumb Code    10  uart1.o(i.FL_UART_EnableIT_TXShiftBuffEmpty)
    i.FL_UART_EnableIT_TXShiftBuffEmpty      0x0000171c   Section        0  uart0.o(i.FL_UART_EnableIT_TXShiftBuffEmpty)
    FL_UART_EnableIT_TXShiftBuffEmpty        0x0000171d   Thumb Code    10  uart0.o(i.FL_UART_EnableIT_TXShiftBuffEmpty)
    i.FL_UART_Init                           0x00001728   Section        0  fm33lg0xx_fl_uart.o(i.FL_UART_Init)
    i.FL_UART_WriteTXBuff                    0x00001a0c   Section        0  uart5.o(i.FL_UART_WriteTXBuff)
    FL_UART_WriteTXBuff                      0x00001a0d   Thumb Code    12  uart5.o(i.FL_UART_WriteTXBuff)
    i.FL_UART_WriteTXBuff                    0x00001a18   Section        0  uart1.o(i.FL_UART_WriteTXBuff)
    FL_UART_WriteTXBuff                      0x00001a19   Thumb Code    12  uart1.o(i.FL_UART_WriteTXBuff)
    i.FL_UART_WriteTXBuff                    0x00001a24   Section        0  uart0.o(i.FL_UART_WriteTXBuff)
    FL_UART_WriteTXBuff                      0x00001a25   Thumb Code    12  uart0.o(i.FL_UART_WriteTXBuff)
    i.GPIO_IRQHandler                        0x00001a30   Section        0  gpio.o(i.GPIO_IRQHandler)
    i.GetSingleChannelSample_POLL            0x00001a58   Section        0  adc_chk.o(i.GetSingleChannelSample_POLL)
    GetSingleChannelSample_POLL              0x00001a59   Thumb Code   114  adc_chk.o(i.GetSingleChannelSample_POLL)
    i.GetSingleChannelVoltage_POLL           0x00001ad4   Section        0  adc_chk.o(i.GetSingleChannelVoltage_POLL)
    i.GetVREF1P2Sample_POLL                  0x00001b50   Section        0  adc_chk.o(i.GetVREF1P2Sample_POLL)
    GetVREF1P2Sample_POLL                    0x00001b51   Thumb Code   144  adc_chk.o(i.GetVREF1P2Sample_POLL)
    i.LED_FLAG_LOOP                          0x00001bec   Section        0  led_ctrl.o(i.LED_FLAG_LOOP)
    i.LED_FLAG_Run                           0x00001c18   Section        0  led_ctrl.o(i.LED_FLAG_Run)
    i.LED_Off                                0x00001c34   Section        0  gpio.o(i.LED_Off)
    i.LED_On                                 0x00001c44   Section        0  gpio.o(i.LED_On)
    i.MF_ADC_Common_Init                     0x00001c54   Section        0  adc_chk.o(i.MF_ADC_Common_Init)
    MF_ADC_Common_Init                       0x00001c55   Thumb Code    24  adc_chk.o(i.MF_ADC_Common_Init)
    i.MF_ADC_Init                            0x00001c6c   Section        0  adc_chk.o(i.MF_ADC_Init)
    MF_ADC_Init                              0x00001c6d   Thumb Code   258  adc_chk.o(i.MF_ADC_Init)
    i.MF_ADC_PC10_Config_Init                0x00001d78   Section        0  adc_chk.o(i.MF_ADC_PC10_Config_Init)
    i.MF_ATIM_Interrupt_Init                 0x00001d84   Section        0  time.o(i.MF_ATIM_Interrupt_Init)
    i.MF_ATIM_TimerBase_Init                 0x00001da4   Section        0  time.o(i.MF_ATIM_TimerBase_Init)
    i.MF_Clock_Init                          0x00001dd4   Section        0  mf_config.o(i.MF_Clock_Init)
    i.MF_UART0_Init                          0x00001e58   Section        0  uart0.o(i.MF_UART0_Init)
    i.MF_UART0_Interrupt_Init                0x00001ec4   Section        0  uart0.o(i.MF_UART0_Interrupt_Init)
    i.MF_UART1_Init                          0x00001ef8   Section        0  uart1.o(i.MF_UART1_Init)
    i.MF_UART1_Interrupt_Init                0x00001f60   Section        0  uart1.o(i.MF_UART1_Interrupt_Init)
    i.MF_UART5_Init                          0x00001f94   Section        0  uart5.o(i.MF_UART5_Init)
    i.MF_UART5_Interrupt_Init                0x00001ffc   Section        0  uart5.o(i.MF_UART5_Interrupt_Init)
    i.NVIC_SetPriority                       0x00002030   Section        0  fm33lg0xx_fl.o(i.NVIC_SetPriority)
    NVIC_SetPriority                         0x00002031   Thumb Code   110  fm33lg0xx_fl.o(i.NVIC_SetPriority)
    i.Others_GPIO_Init                       0x000020a8   Section        0  gpio.o(i.Others_GPIO_Init)
    i.PC_Chuankou_tongxin_Debug_send         0x000020d4   Section        0  uart1.o(i.PC_Chuankou_tongxin_Debug_send)
    i.PC_Chuankou_tongxin_send               0x000020f4   Section        0  uart1.o(i.PC_Chuankou_tongxin_send)
    i.PC_xieyifasong_2                       0x00002104   Section        0  pc_xieyi_ctrl.o(i.PC_xieyifasong_2)
    i.PC_xieyijiexi                          0x0000219c   Section        0  pc_xieyi_ctrl.o(i.PC_xieyijiexi)
    i.SystemCoreClockUpdate                  0x00002210   Section        0  system_fm33lg0xx.o(i.SystemCoreClockUpdate)
    i.SystemInit                             0x0000234c   Section        0  system_fm33lg0xx.o(i.SystemInit)
    i.SystemPLLClockUpdate                   0x00002448   Section        0  system_fm33lg0xx.o(i.SystemPLLClockUpdate)
    SystemPLLClockUpdate                     0x00002449   Thumb Code   182  system_fm33lg0xx.o(i.SystemPLLClockUpdate)
    i.TONGXIN_xieyijiexi                     0x00002518   Section        0  tongxin_xieyi_ctrl.o(i.TONGXIN_xieyijiexi)
    i.UART0_IRQHandler                       0x00002594   Section        0  uart0.o(i.UART0_IRQHandler)
    i.UART0_MF_Config_Init                   0x00002684   Section        0  uart0.o(i.UART0_MF_Config_Init)
    i.UART0_MF_NVIC_Init                     0x00002698   Section        0  uart0.o(i.UART0_MF_NVIC_Init)
    i.UART1_IRQHandler                       0x000026a8   Section        0  uart1.o(i.UART1_IRQHandler)
    i.UART1_MF_Config_Init                   0x000027a0   Section        0  uart1.o(i.UART1_MF_Config_Init)
    i.UART1_MF_NVIC_Init                     0x000027b4   Section        0  uart1.o(i.UART1_MF_NVIC_Init)
    i.UART5_IRQHandler                       0x000027c4   Section        0  uart5.o(i.UART5_IRQHandler)
    i.UART5_MF_Config_Init                   0x000028b4   Section        0  uart5.o(i.UART5_MF_Config_Init)
    i.UART5_MF_NVIC_Init                     0x000028c8   Section        0  uart5.o(i.UART5_MF_NVIC_Init)
    i.UART_TX_state_change                   0x000028d8   Section        0  uart1.o(i.UART_TX_state_change)
    i.Uart0_Rx_rec                           0x00002910   Section        0  uart0.o(i.Uart0_Rx_rec)
    i.Uart0_Tx_Send_init                     0x00002968   Section        0  uart0.o(i.Uart0_Tx_Send_init)
    i.Uart1_Rx_rec                           0x00002978   Section        0  uart1.o(i.Uart1_Rx_rec)
    i.Uart1_Tx_Send                          0x000029e4   Section        0  uart1.o(i.Uart1_Tx_Send)
    i.Uart1_Tx_Send_init                     0x00002a5c   Section        0  uart1.o(i.Uart1_Tx_Send_init)
    i.Uart5_Rx_rec                           0x00002a74   Section        0  uart5.o(i.Uart5_Rx_rec)
    i.Uart5_Tx_Send                          0x00002ac4   Section        0  uart5.o(i.Uart5_Tx_Send)
    i.Uart5_Tx_Send_init                     0x00002b38   Section        0  uart5.o(i.Uart5_Tx_Send_init)
    i.WatchDog_Init                          0x00002b48   Section        0  wtd.o(i.WatchDog_Init)
    i.__0vsnprintf                           0x00002b78   Section        0  printfa.o(i.__0vsnprintf)
    i.__ARM_clz                              0x00002ba4   Section        0  depilogue.o(i.__ARM_clz)
    i.__ARM_common_ll_muluu                  0x00002bd2   Section        0  adc_chk.o(i.__ARM_common_ll_muluu)
    i.__ARM_common_switch8                   0x00002c02   Section        0  test_list.o(i.__ARM_common_switch8)
    i.__scatterload_copy                     0x00002c1e   Section       14  handlers.o(i.__scatterload_copy)
    i.__scatterload_null                     0x00002c2c   Section        2  handlers.o(i.__scatterload_null)
    i.__scatterload_zeroinit                 0x00002c2e   Section       14  handlers.o(i.__scatterload_zeroinit)
    i._fp_digits                             0x00002c3c   Section        0  printfa.o(i._fp_digits)
    _fp_digits                               0x00002c3d   Thumb Code   344  printfa.o(i._fp_digits)
    i._printf_core                           0x00002db0   Section        0  printfa.o(i._printf_core)
    _printf_core                             0x00002db1   Thumb Code  1754  printfa.o(i._printf_core)
    i._printf_post_padding                   0x0000349c   Section        0  printfa.o(i._printf_post_padding)
    _printf_post_padding                     0x0000349d   Thumb Code    32  printfa.o(i._printf_post_padding)
    i._printf_pre_padding                    0x000034bc   Section        0  printfa.o(i._printf_pre_padding)
    _printf_pre_padding                      0x000034bd   Thumb Code    44  printfa.o(i._printf_pre_padding)
    i._snputc                                0x000034e8   Section        0  printfa.o(i._snputc)
    _snputc                                  0x000034e9   Thumb Code    22  printfa.o(i._snputc)
    i.get_VDD1_dianya                        0x000034fe   Section        0  adc_chk.o(i.get_VDD1_dianya)
    i.get_VDD2_dianya                        0x00003514   Section        0  adc_chk.o(i.get_VDD2_dianya)
    i.get_VDD3_dianya                        0x0000352a   Section        0  adc_chk.o(i.get_VDD3_dianya)
    i.get_VDD4_dianya                        0x0000353e   Section        0  adc_chk.o(i.get_VDD4_dianya)
    i.get_VDD5_dianya                        0x00003554   Section        0  adc_chk.o(i.get_VDD5_dianya)
    i.get_VDD6_dianya                        0x00003568   Section        0  adc_chk.o(i.get_VDD6_dianya)
    i.main                                   0x00003580   Section        0  main.o(i.main)
    i.test_Init                              0x000035c4   Section        0  main.o(i.test_Init)
    i.test_Loop_Func                         0x000035e8   Section        0  test_list.o(i.test_Loop_Func)
    i.test_err_end_Func                      0x00003660   Section        0  test_list.o(i.test_err_end_Func)
    i.test_simple_chk                        0x0000367c   Section        0  test_list.o(i.test_simple_chk)
    i.test_start_Init                        0x000036dc   Section        0  test_list.o(i.test_start_Init)
    i.test_testend                           0x000036e0   Section        0  test_list.o(i.test_testend)
    .data                                    0x20000000   Section        1  main.o(.data)
    .data                                    0x20000002   Section        8  uart5.o(.data)
    .data                                    0x2000000a   Section        6  uart1.o(.data)
    .data                                    0x20000010   Section        2  led_ctrl.o(.data)
    .data                                    0x20000014   Section       13  test_list.o(.data)
    .data                                    0x20000022   Section        6  uart0.o(.data)
    .data                                    0x20000028   Section       12  system_fm33lg0xx.o(.data)
    .bss                                     0x20000034   Section      616  uart5.o(.bss)
    .bss                                     0x2000029c   Section      616  uart1.o(.bss)
    .bss                                     0x20000504   Section       12  test_list.o(.bss)
    .bss                                     0x20000510   Section      616  uart0.o(.bss)
    .bss                                     0x20000778   Section      200  pc_xieyi_ctrl.o(.bss)
    STACK                                    0x20000840   Section     2048  startup_fm33lg0xx.o(STACK)

    Global Symbols

    Symbol Name                              Value     Ov Type        Size  Object(Section)

    BuildAttributes$$THM_ISAv3M$S$PE$A:L22$X:L11$S22$IEEE1$IW$USESV6$~STKCKD$USESV7$~SHL$OTIME$ROPI$EBA8$MICROLIB$REQ8$PRES8$EABIv2 0x00000000   Number         0  anon$$obj.o ABSOLUTE
    __ARM_use_no_argv                        0x00000000   Number         0  main.o ABSOLUTE
    __Vectors                                0x00000000   Data           4  startup_fm33lg0xx.o(RESET)
    __cpp_initialize__aeabi_                  - Undefined Weak Reference
    __cxa_finalize                            - Undefined Weak Reference
    __decompress                              - Undefined Weak Reference
    _clock_init                               - Undefined Weak Reference
    _microlib_exit                            - Undefined Weak Reference
    __Vectors_End                            0x000000c0   Data           0  startup_fm33lg0xx.o(RESET)
    __Vectors_Size                           0x000000c0   Number         0  startup_fm33lg0xx.o ABSOLUTE
    __main                                   0x000000c1   Thumb Code     0  entry.o(.ARM.Collect$$$$00000000)
    _main_stk                                0x000000c1   Thumb Code     0  entry2.o(.ARM.Collect$$$$00000001)
    _main_scatterload                        0x000000c5   Thumb Code     0  entry5.o(.ARM.Collect$$$$00000004)
    __main_after_scatterload                 0x000000c9   Thumb Code     0  entry5.o(.ARM.Collect$$$$00000004)
    _main_clock                              0x000000c9   Thumb Code     0  entry7b.o(.ARM.Collect$$$$00000008)
    _main_cpp_init                           0x000000c9   Thumb Code     0  entry8b.o(.ARM.Collect$$$$0000000A)
    _main_init                               0x000000c9   Thumb Code     0  entry9a.o(.ARM.Collect$$$$0000000B)
    __rt_final_cpp                           0x000000d1   Thumb Code     0  entry10a.o(.ARM.Collect$$$$0000000D)
    __rt_final_exit                          0x000000d1   Thumb Code     0  entry11a.o(.ARM.Collect$$$$0000000F)
    Reset_Handler                            0x000000d5   Thumb Code     8  startup_fm33lg0xx.o(.text)
    NMI_Handler                              0x000000dd   Thumb Code     2  startup_fm33lg0xx.o(.text)
    HardFault_Handler                        0x000000df   Thumb Code     2  startup_fm33lg0xx.o(.text)
    SVC_Handler                              0x000000e1   Thumb Code     2  startup_fm33lg0xx.o(.text)
    PendSV_Handler                           0x000000e3   Thumb Code     2  startup_fm33lg0xx.o(.text)
    SysTick_Handler                          0x000000e5   Thumb Code     2  startup_fm33lg0xx.o(.text)
    ADC_IRQHandler                           0x000000e7   Thumb Code     0  startup_fm33lg0xx.o(.text)
    AES_IRQHandler                           0x000000e7   Thumb Code     0  startup_fm33lg0xx.o(.text)
    BSTIM_IRQHandler                         0x000000e7   Thumb Code     0  startup_fm33lg0xx.o(.text)
    CAN_IRQHandler                           0x000000e7   Thumb Code     0  startup_fm33lg0xx.o(.text)
    CCL_IRQHandler                           0x000000e7   Thumb Code     0  startup_fm33lg0xx.o(.text)
    COMPx_IRQHandler                         0x000000e7   Thumb Code     0  startup_fm33lg0xx.o(.text)
    DAC_IRQHandler                           0x000000e7   Thumb Code     0  startup_fm33lg0xx.o(.text)
    DMA_IRQHandler                           0x000000e7   Thumb Code     0  startup_fm33lg0xx.o(.text)
    FDET_IRQHandler                          0x000000e7   Thumb Code     0  startup_fm33lg0xx.o(.text)
    FLASH_IRQHandler                         0x000000e7   Thumb Code     0  startup_fm33lg0xx.o(.text)
    GPTIM0_1_IRQHandler                      0x000000e7   Thumb Code     0  startup_fm33lg0xx.o(.text)
    GPTIM2_IRQHandler                        0x000000e7   Thumb Code     0  startup_fm33lg0xx.o(.text)
    I2C_IRQHandler                           0x000000e7   Thumb Code     0  startup_fm33lg0xx.o(.text)
    LPTIM_IRQHandler                         0x000000e7   Thumb Code     0  startup_fm33lg0xx.o(.text)
    LPUARTx_IRQHandler                       0x000000e7   Thumb Code     0  startup_fm33lg0xx.o(.text)
    LUT_IRQHandler                           0x000000e7   Thumb Code     0  startup_fm33lg0xx.o(.text)
    RTC_IRQHandler                           0x000000e7   Thumb Code     0  startup_fm33lg0xx.o(.text)
    SPI0_IRQHandler                          0x000000e7   Thumb Code     0  startup_fm33lg0xx.o(.text)
    SPI1_IRQHandler                          0x000000e7   Thumb Code     0  startup_fm33lg0xx.o(.text)
    SPI2_IRQHandler                          0x000000e7   Thumb Code     0  startup_fm33lg0xx.o(.text)
    SVD_IRQHandler                           0x000000e7   Thumb Code     0  startup_fm33lg0xx.o(.text)
    U7816_IRQHandler                         0x000000e7   Thumb Code     0  startup_fm33lg0xx.o(.text)
    UART3_IRQHandler                         0x000000e7   Thumb Code     0  startup_fm33lg0xx.o(.text)
    UART4_IRQHandler                         0x000000e7   Thumb Code     0  startup_fm33lg0xx.o(.text)
    VREF_IRQHandler                          0x000000e7   Thumb Code     0  startup_fm33lg0xx.o(.text)
    WDT_IRQHandler                           0x000000e7   Thumb Code     0  startup_fm33lg0xx.o(.text)
    WKUPx_IRQHandler                         0x000000e7   Thumb Code     0  startup_fm33lg0xx.o(.text)
    __aeabi_uidiv                            0x000000f1   Thumb Code     0  uidiv.o(.text)
    __aeabi_uidivmod                         0x000000f1   Thumb Code    44  uidiv.o(.text)
    __aeabi_uldivmod                         0x0000011d   Thumb Code    96  uldiv.o(.text)
    __aeabi_lmul                             0x0000017d   Thumb Code   122  llmul.o(.text)
    _ll_mul                                  0x0000017d   Thumb Code     0  llmul.o(.text)
    __aeabi_memcpy                           0x000001f7   Thumb Code    36  memcpya.o(.text)
    __aeabi_memcpy4                          0x000001f7   Thumb Code     0  memcpya.o(.text)
    __aeabi_memcpy8                          0x000001f7   Thumb Code     0  memcpya.o(.text)
    __aeabi_memset                           0x0000021b   Thumb Code    14  memseta.o(.text)
    __aeabi_memset4                          0x0000021b   Thumb Code     0  memseta.o(.text)
    __aeabi_memset8                          0x0000021b   Thumb Code     0  memseta.o(.text)
    __aeabi_memclr                           0x00000229   Thumb Code     4  memseta.o(.text)
    __aeabi_memclr4                          0x00000229   Thumb Code     0  memseta.o(.text)
    __aeabi_memclr8                          0x00000229   Thumb Code     0  memseta.o(.text)
    _memset$wrapper                          0x0000022d   Thumb Code    18  memseta.o(.text)
    __aeabi_dadd                             0x00000241   Thumb Code   328  dadd.o(.text)
    __aeabi_dsub                             0x00000389   Thumb Code    12  dadd.o(.text)
    __aeabi_drsub                            0x00000395   Thumb Code    12  dadd.o(.text)
    __aeabi_dmul                             0x000003a5   Thumb Code   202  dmul.o(.text)
    __aeabi_ddiv                             0x00000475   Thumb Code   234  ddiv.o(.text)
    __aeabi_llsl                             0x00000565   Thumb Code    32  llshl.o(.text)
    _ll_shift_l                              0x00000565   Thumb Code     0  llshl.o(.text)
    __aeabi_llsr                             0x00000585   Thumb Code    34  llushr.o(.text)
    _ll_ushift_r                             0x00000585   Thumb Code     0  llushr.o(.text)
    __aeabi_lasr                             0x000005a7   Thumb Code    38  llsshr.o(.text)
    _ll_sshift_r                             0x000005a7   Thumb Code     0  llsshr.o(.text)
    __I$use$fp                               0x000005cd   Thumb Code     0  iusefp.o(.text)
    _double_round                            0x000005cd   Thumb Code    26  depilogue.o(.text)
    _double_epilogue                         0x000005e7   Thumb Code   164  depilogue.o(.text)
    __aeabi_d2ulz                            0x0000068d   Thumb Code    54  dfixul.o(.text)
    __aeabi_cdrcmple                         0x000006cd   Thumb Code    38  cdrcmple.o(.text)
    __scatterload                            0x000006f5   Thumb Code    28  init.o(.text)
    __scatterload_rt2                        0x000006f5   Thumb Code     0  init.o(.text)
    ATIM_IRQHandler                          0x00000719   Thumb Code   174  time.o(i.ATIM_IRQHandler)
    ATIM_Init                                0x000007e5   Thumb Code    20  time.o(i.ATIM_Init)
    ATIM_NVIC_Init                           0x000007f9   Thumb Code    16  time.o(i.ATIM_NVIC_Init)
    ATIM_Start                               0x00000809   Thumb Code    18  time.o(i.ATIM_Start)
    DeBug_print                              0x00000821   Thumb Code    62  uart1.o(i.DeBug_print)
    FL_ADC_CommonInit                        0x0000086d   Thumb Code   386  fm33lg0xx_fl_adc.o(i.FL_ADC_CommonInit)
    FL_ADC_Init                              0x00000a45   Thumb Code   890  fm33lg0xx_fl_adc.o(i.FL_ADC_Init)
    FL_ATIM_Init                             0x00000df5   Thumb Code   400  fm33lg0xx_fl_atim.o(i.FL_ATIM_Init)
    FL_CMU_GetAHBClockFreq                   0x00000ff5   Thumb Code   114  fm33lg0xx_fl_cmu.o(i.FL_CMU_GetAHBClockFreq)
    FL_CMU_GetAPBClockFreq                   0x0000106d   Thumb Code   114  fm33lg0xx_fl_cmu.o(i.FL_CMU_GetAPBClockFreq)
    FL_CMU_GetPLLClockFreq                   0x000010e5   Thumb Code   162  fm33lg0xx_fl_cmu.o(i.FL_CMU_GetPLLClockFreq)
    FL_CMU_GetRCHFClockFreq                  0x00001191   Thumb Code    60  fm33lg0xx_fl_cmu.o(i.FL_CMU_GetRCHFClockFreq)
    FL_CMU_GetRCLFClockFreq                  0x000011e1   Thumb Code    70  fm33lg0xx_fl_cmu.o(i.FL_CMU_GetRCLFClockFreq)
    FL_CMU_GetSystemClockFreq                0x0000122d   Thumb Code    86  fm33lg0xx_fl_cmu.o(i.FL_CMU_GetSystemClockFreq)
    FL_DelayInit                             0x000012a5   Thumb Code    26  fm33lg0xx_fl.o(i.FL_DelayInit)
    FL_DelayMs                               0x000012c5   Thumb Code    46  fm33lg0xx_fl.o(i.FL_DelayMs)
    FL_DelayUs                               0x000012fd   Thumb Code    56  fm33lg0xx_fl.o(i.FL_DelayUs)
    FL_GPIO_Init                             0x00001375   Thumb Code   470  fm33lg0xx_fl_gpio.o(i.FL_GPIO_Init)
    FL_IWDT_Init                             0x00001579   Thumb Code   272  fm33lg0xx_fl_iwdt.o(i.FL_IWDT_Init)
    FL_IWDT_StructInit                       0x000016ad   Thumb Code    10  fm33lg0xx_fl_iwdt.o(i.FL_IWDT_StructInit)
    FL_Init                                  0x000016b7   Thumb Code     8  fm33lg0xx_fl.o(i.FL_Init)
    FL_NVIC_Init                             0x000016c1   Thumb Code    68  fm33lg0xx_fl.o(i.FL_NVIC_Init)
    FL_UART_Init                             0x00001729   Thumb Code   712  fm33lg0xx_fl_uart.o(i.FL_UART_Init)
    GPIO_IRQHandler                          0x00001a31   Thumb Code    34  gpio.o(i.GPIO_IRQHandler)
    GetSingleChannelVoltage_POLL             0x00001ad5   Thumb Code   110  adc_chk.o(i.GetSingleChannelVoltage_POLL)
    LED_FLAG_LOOP                            0x00001bed   Thumb Code    36  led_ctrl.o(i.LED_FLAG_LOOP)
    LED_FLAG_Run                             0x00001c19   Thumb Code    20  led_ctrl.o(i.LED_FLAG_Run)
    LED_Off                                  0x00001c35   Thumb Code    10  gpio.o(i.LED_Off)
    LED_On                                   0x00001c45   Thumb Code    10  gpio.o(i.LED_On)
    MF_ADC_PC10_Config_Init                  0x00001d79   Thumb Code    12  adc_chk.o(i.MF_ADC_PC10_Config_Init)
    MF_ATIM_Interrupt_Init                   0x00001d85   Thumb Code    28  time.o(i.MF_ATIM_Interrupt_Init)
    MF_ATIM_TimerBase_Init                   0x00001da5   Thumb Code    40  time.o(i.MF_ATIM_TimerBase_Init)
    MF_Clock_Init                            0x00001dd5   Thumb Code   122  mf_config.o(i.MF_Clock_Init)
    MF_UART0_Init                            0x00001e59   Thumb Code   100  uart0.o(i.MF_UART0_Init)
    MF_UART0_Interrupt_Init                  0x00001ec5   Thumb Code    46  uart0.o(i.MF_UART0_Interrupt_Init)
    MF_UART1_Init                            0x00001ef9   Thumb Code    96  uart1.o(i.MF_UART1_Init)
    MF_UART1_Interrupt_Init                  0x00001f61   Thumb Code    46  uart1.o(i.MF_UART1_Interrupt_Init)
    MF_UART5_Init                            0x00001f95   Thumb Code    96  uart5.o(i.MF_UART5_Init)
    MF_UART5_Interrupt_Init                  0x00001ffd   Thumb Code    46  uart5.o(i.MF_UART5_Interrupt_Init)
    Others_GPIO_Init                         0x000020a9   Thumb Code    38  gpio.o(i.Others_GPIO_Init)
    PC_Chuankou_tongxin_Debug_send           0x000020d5   Thumb Code    28  uart1.o(i.PC_Chuankou_tongxin_Debug_send)
    PC_Chuankou_tongxin_send                 0x000020f5   Thumb Code    16  uart1.o(i.PC_Chuankou_tongxin_send)
    PC_xieyifasong_2                         0x00002105   Thumb Code   144  pc_xieyi_ctrl.o(i.PC_xieyifasong_2)
    PC_xieyijiexi                            0x0000219d   Thumb Code   112  pc_xieyi_ctrl.o(i.PC_xieyijiexi)
    SystemCoreClockUpdate                    0x00002211   Thumb Code   282  system_fm33lg0xx.o(i.SystemCoreClockUpdate)
    SystemInit                               0x0000234d   Thumb Code   230  system_fm33lg0xx.o(i.SystemInit)
    TONGXIN_xieyijiexi                       0x00002519   Thumb Code   118  tongxin_xieyi_ctrl.o(i.TONGXIN_xieyijiexi)
    UART0_IRQHandler                         0x00002595   Thumb Code   214  uart0.o(i.UART0_IRQHandler)
    UART0_MF_Config_Init                     0x00002685   Thumb Code    20  uart0.o(i.UART0_MF_Config_Init)
    UART0_MF_NVIC_Init                       0x00002699   Thumb Code    16  uart0.o(i.UART0_MF_NVIC_Init)
    UART1_IRQHandler                         0x000026a9   Thumb Code   218  uart1.o(i.UART1_IRQHandler)
    UART1_MF_Config_Init                     0x000027a1   Thumb Code    20  uart1.o(i.UART1_MF_Config_Init)
    UART1_MF_NVIC_Init                       0x000027b5   Thumb Code    16  uart1.o(i.UART1_MF_NVIC_Init)
    UART5_IRQHandler                         0x000027c5   Thumb Code   214  uart5.o(i.UART5_IRQHandler)
    UART5_MF_Config_Init                     0x000028b5   Thumb Code    20  uart5.o(i.UART5_MF_Config_Init)
    UART5_MF_NVIC_Init                       0x000028c9   Thumb Code    16  uart5.o(i.UART5_MF_NVIC_Init)
    UART_TX_state_change                     0x000028d9   Thumb Code    50  uart1.o(i.UART_TX_state_change)
    Uart0_Rx_rec                             0x00002911   Thumb Code    68  uart0.o(i.Uart0_Rx_rec)
    Uart0_Tx_Send_init                       0x00002969   Thumb Code    10  uart0.o(i.Uart0_Tx_Send_init)
    Uart1_Rx_rec                             0x00002979   Thumb Code    84  uart1.o(i.Uart1_Rx_rec)
    Uart1_Tx_Send                            0x000029e5   Thumb Code   104  uart1.o(i.Uart1_Tx_Send)
    Uart1_Tx_Send_init                       0x00002a5d   Thumb Code    18  uart1.o(i.Uart1_Tx_Send_init)
    Uart5_Rx_rec                             0x00002a75   Thumb Code    58  uart5.o(i.Uart5_Rx_rec)
    Uart5_Tx_Send                            0x00002ac5   Thumb Code    98  uart5.o(i.Uart5_Tx_Send)
    Uart5_Tx_Send_init                       0x00002b39   Thumb Code    10  uart5.o(i.Uart5_Tx_Send_init)
    WatchDog_Init                            0x00002b49   Thumb Code    38  wtd.o(i.WatchDog_Init)
    __0vsnprintf                             0x00002b79   Thumb Code    40  printfa.o(i.__0vsnprintf)
    __1vsnprintf                             0x00002b79   Thumb Code     0  printfa.o(i.__0vsnprintf)
    __2vsnprintf                             0x00002b79   Thumb Code     0  printfa.o(i.__0vsnprintf)
    __c89vsnprintf                           0x00002b79   Thumb Code     0  printfa.o(i.__0vsnprintf)
    vsnprintf                                0x00002b79   Thumb Code     0  printfa.o(i.__0vsnprintf)
    __ARM_clz                                0x00002ba5   Thumb Code    46  depilogue.o(i.__ARM_clz)
    __ARM_common_ll_muluu                    0x00002bd3   Thumb Code    48  adc_chk.o(i.__ARM_common_ll_muluu)
    __ARM_common_switch8                     0x00002c03   Thumb Code    28  test_list.o(i.__ARM_common_switch8)
    __scatterload_copy                       0x00002c1f   Thumb Code    14  handlers.o(i.__scatterload_copy)
    __scatterload_null                       0x00002c2d   Thumb Code     2  handlers.o(i.__scatterload_null)
    __scatterload_zeroinit                   0x00002c2f   Thumb Code    14  handlers.o(i.__scatterload_zeroinit)
    get_VDD1_dianya                          0x000034ff   Thumb Code    22  adc_chk.o(i.get_VDD1_dianya)
    get_VDD2_dianya                          0x00003515   Thumb Code    22  adc_chk.o(i.get_VDD2_dianya)
    get_VDD3_dianya                          0x0000352b   Thumb Code    20  adc_chk.o(i.get_VDD3_dianya)
    get_VDD4_dianya                          0x0000353f   Thumb Code    22  adc_chk.o(i.get_VDD4_dianya)
    get_VDD5_dianya                          0x00003555   Thumb Code    20  adc_chk.o(i.get_VDD5_dianya)
    get_VDD6_dianya                          0x00003569   Thumb Code    22  adc_chk.o(i.get_VDD6_dianya)
    main                                     0x00003581   Thumb Code    60  main.o(i.main)
    test_Init                                0x000035c5   Thumb Code    36  main.o(i.test_Init)
    test_Loop_Func                           0x000035e9   Thumb Code    94  test_list.o(i.test_Loop_Func)
    test_err_end_Func                        0x00003661   Thumb Code    24  test_list.o(i.test_err_end_Func)
    test_simple_chk                          0x0000367d   Thumb Code    90  test_list.o(i.test_simple_chk)
    test_start_Init                          0x000036dd   Thumb Code     2  test_list.o(i.test_start_Init)
    test_testend                             0x000036e1   Thumb Code    18  test_list.o(i.test_testend)
    Region$$Table$$Base                      0x000036fc   Number         0  anon$$obj.o(Region$$Table)
    Region$$Table$$Limit                     0x0000371c   Number         0  anon$$obj.o(Region$$Table)
    Debug_Mode                               0x20000000   Data           1  main.o(.data)
    uart5_Rec_shuju_flag                     0x20000002   Data           1  uart5.o(.data)
    uart5_Rec_shuju_neirong_count            0x20000004   Data           2  uart5.o(.data)
    chaoshi_dengdai                          0x20000006   Data           2  uart5.o(.data)
    uart5_Rec_shuju_time_count               0x20000008   Data           2  uart5.o(.data)
    send_over_flag                           0x2000000a   Data           1  uart1.o(.data)
    uart1_Rec_shuju_flag                     0x2000000b   Data           1  uart1.o(.data)
    uart1_Rec_shuju_neirong_count            0x2000000c   Data           2  uart1.o(.data)
    uart1_Rec_shuju_time_count               0x2000000e   Data           2  uart1.o(.data)
    LED_thing_FLAG                           0x20000010   Data           1  led_ctrl.o(.data)
    LED_thing_time                           0x20000011   Data           1  led_ctrl.o(.data)
    Test_liucheng_L                          0x20000014   Data           1  test_list.o(.data)
    Test_jiejuo_jilu                         0x20000018   Data           8  test_list.o(.data)
    test_xieyi_jilu_Rec                      0x20000020   Data           1  test_list.o(.data)
    uart0_Rec_shuju_flag                     0x20000022   Data           1  uart0.o(.data)
    uart0_Rec_shuju_neirong_count            0x20000024   Data           2  uart0.o(.data)
    uart0_Rec_shuju_time_count               0x20000026   Data           2  uart0.o(.data)
    XTLFClock                                0x20000028   Data           4  system_fm33lg0xx.o(.data)
    XTHFClock                                0x2000002c   Data           4  system_fm33lg0xx.o(.data)
    SystemCoreClock                          0x20000030   Data           4  system_fm33lg0xx.o(.data)
    uart5_Rec_shuju_neirong                  0x20000034   Data         200  uart5.o(.bss)
    uart5_Uart0_Tx_SendData                  0x200000fc   Data         200  uart5.o(.bss)
    send_data_zancun                         0x200001c4   Data         200  uart5.o(.bss)
    UART5Op                                  0x2000028c   Data          16  uart5.o(.bss)
    uart1_Rec_shuju_neirong                  0x2000029c   Data         200  uart1.o(.bss)
    uart1_Uart0_Tx_SendData                  0x20000364   Data         200  uart1.o(.bss)
    send_data_zancun_1                       0x2000042c   Data         200  uart1.o(.bss)
    UART1Op                                  0x200004f4   Data          16  uart1.o(.bss)
    Test_quanju_canshu_L                     0x20000504   Data          12  test_list.o(.bss)
    uart0_Rec_shuju_neirong                  0x20000510   Data         200  uart0.o(.bss)
    uart0_Uart0_Tx_SendData                  0x200005d8   Data         200  uart0.o(.bss)
    send_data_zancun_0                       0x200006a0   Data         200  uart0.o(.bss)
    UART0Op                                  0x20000768   Data          16  uart0.o(.bss)
    xieyi2_fanhui                            0x20000778   Data         200  pc_xieyi_ctrl.o(.bss)
    __initial_sp                             0x20001040   Data           0  startup_fm33lg0xx.o(STACK)



==============================================================================

Memory Map of the image

  Image Entry point : 0x000000c1

  Load Region LR_IROM1 (Base: 0x00000000, Size: 0x00003750, Max: 0x00040000, ABSOLUTE)

    Execution Region ER_IROM1 (Exec base: 0x00000000, Load base: 0x00000000, Size: 0x0000371c, Max: 0x00040000, ABSOLUTE)

    Exec Addr    Load Addr    Size         Type   Attr      Idx    E Section Name        Object

    0x00000000   0x00000000   0x000000c0   Data   RO            3    RESET               startup_fm33lg0xx.o
    0x000000c0   0x000000c0   0x00000000   Code   RO         3507  * .ARM.Collect$$$$00000000  mc_p.l(entry.o)
    0x000000c0   0x000000c0   0x00000004   Code   RO         3574    .ARM.Collect$$$$00000001  mc_p.l(entry2.o)
    0x000000c4   0x000000c4   0x00000004   Code   RO         3577    .ARM.Collect$$$$00000004  mc_p.l(entry5.o)
    0x000000c8   0x000000c8   0x00000000   Code   RO         3579    .ARM.Collect$$$$00000008  mc_p.l(entry7b.o)
    0x000000c8   0x000000c8   0x00000000   Code   RO         3581    .ARM.Collect$$$$0000000A  mc_p.l(entry8b.o)
    0x000000c8   0x000000c8   0x00000008   Code   RO         3582    .ARM.Collect$$$$0000000B  mc_p.l(entry9a.o)
    0x000000d0   0x000000d0   0x00000000   Code   RO         3584    .ARM.Collect$$$$0000000D  mc_p.l(entry10a.o)
    0x000000d0   0x000000d0   0x00000000   Code   RO         3586    .ARM.Collect$$$$0000000F  mc_p.l(entry11a.o)
    0x000000d0   0x000000d0   0x00000004   Code   RO         3575    .ARM.Collect$$$$00002712  mc_p.l(entry2.o)
    0x000000d4   0x000000d4   0x0000001c   Code   RO            4    .text               startup_fm33lg0xx.o
    0x000000f0   0x000000f0   0x0000002c   Code   RO         3510    .text               mc_p.l(uidiv.o)
    0x0000011c   0x0000011c   0x00000060   Code   RO         3514    .text               mc_p.l(uldiv.o)
    0x0000017c   0x0000017c   0x0000007a   Code   RO         3516    .text               mc_p.l(llmul.o)
    0x000001f6   0x000001f6   0x00000024   Code   RO         3518    .text               mc_p.l(memcpya.o)
    0x0000021a   0x0000021a   0x00000024   Code   RO         3520    .text               mc_p.l(memseta.o)
    0x0000023e   0x0000023e   0x00000002   PAD
    0x00000240   0x00000240   0x00000164   Code   RO         3558    .text               mf_p.l(dadd.o)
    0x000003a4   0x000003a4   0x000000d0   Code   RO         3560    .text               mf_p.l(dmul.o)
    0x00000474   0x00000474   0x000000f0   Code   RO         3562    .text               mf_p.l(ddiv.o)
    0x00000564   0x00000564   0x00000020   Code   RO         3591    .text               mc_p.l(llshl.o)
    0x00000584   0x00000584   0x00000022   Code   RO         3593    .text               mc_p.l(llushr.o)
    0x000005a6   0x000005a6   0x00000026   Code   RO         3595    .text               mc_p.l(llsshr.o)
    0x000005cc   0x000005cc   0x00000000   Code   RO         3597    .text               mc_p.l(iusefp.o)
    0x000005cc   0x000005cc   0x000000be   Code   RO         3600    .text               mf_p.l(depilogue.o)
    0x0000068a   0x0000068a   0x00000002   PAD
    0x0000068c   0x0000068c   0x00000040   Code   RO         3604    .text               mf_p.l(dfixul.o)
    0x000006cc   0x000006cc   0x00000028   Code   RO         3606    .text               mf_p.l(cdrcmple.o)
    0x000006f4   0x000006f4   0x00000024   Code   RO         3608    .text               mc_p.l(init.o)
    0x00000718   0x00000718   0x000000cc   Code   RO          368    i.ATIM_IRQHandler   time.o
    0x000007e4   0x000007e4   0x00000014   Code   RO          369    i.ATIM_Init         time.o
    0x000007f8   0x000007f8   0x00000010   Code   RO          370    i.ATIM_NVIC_Init    time.o
    0x00000808   0x00000808   0x00000018   Code   RO          371    i.ATIM_Start        time.o
    0x00000820   0x00000820   0x00000044   Code   RO          466    i.DeBug_print       uart1.o
    0x00000864   0x00000864   0x00000006   Code   RO          605    i.FL_ADC_ClearFlag_EndOfConversion  adc_chk.o
    0x0000086a   0x0000086a   0x00000002   PAD
    0x0000086c   0x0000086c   0x0000018c   Code   RO         1207    i.FL_ADC_CommonInit  fm33lg0xx_fl_adc.o
    0x000009f8   0x000009f8   0x0000000a   Code   RO          606    i.FL_ADC_Disable    adc_chk.o
    0x00000a02   0x00000a02   0x0000000a   Code   RO         1210    i.FL_ADC_Disable    fm33lg0xx_fl_adc.o
    0x00000a0c   0x00000a0c   0x0000000c   Code   RO         1211    i.FL_ADC_DisableOverSampling  fm33lg0xx_fl_adc.o
    0x00000a18   0x00000a18   0x0000000c   Code   RO          607    i.FL_ADC_DisableSequencerChannel  adc_chk.o
    0x00000a24   0x00000a24   0x0000000a   Code   RO          608    i.FL_ADC_Enable     adc_chk.o
    0x00000a2e   0x00000a2e   0x0000000a   Code   RO          609    i.FL_ADC_EnableSWConversion  adc_chk.o
    0x00000a38   0x00000a38   0x0000000c   Code   RO          610    i.FL_ADC_EnableSequencerChannel  adc_chk.o
    0x00000a44   0x00000a44   0x00000388   Code   RO         1212    i.FL_ADC_Init       fm33lg0xx_fl_adc.o
    0x00000dcc   0x00000dcc   0x00000010   Code   RO          611    i.FL_ADC_IsActiveFlag_EndOfConversion  adc_chk.o
    0x00000ddc   0x00000ddc   0x0000000c   Code   RO         1213    i.FL_ADC_SetClockSource  fm33lg0xx_fl_adc.o
    0x00000de8   0x00000de8   0x0000000a   Code   RO         1340    i.FL_ATIM_GenerateUpdateEvent  fm33lg0xx_fl_atim.o
    0x00000df2   0x00000df2   0x00000002   PAD
    0x00000df4   0x00000df4   0x00000198   Code   RO         1343    i.FL_ATIM_Init      fm33lg0xx_fl_atim.o
    0x00000f8c   0x00000f8c   0x00000010   Code   RO         1344    i.FL_ATIM_IsActiveFlag_Update  fm33lg0xx_fl_atim.o
    0x00000f9c   0x00000f9c   0x0000000c   Code   RO         1349    i.FL_ATIM_SetCounterAlignedMode  fm33lg0xx_fl_atim.o
    0x00000fa8   0x00000fa8   0x0000000c   Code   RO         1350    i.FL_ATIM_SetCounterDirection  fm33lg0xx_fl_atim.o
    0x00000fb4   0x00000fb4   0x00000010   Code   RO         3301    i.FL_CMU_EnableGroup3BusClock  fm33lg0xx_fl_uart.o
    0x00000fc4   0x00000fc4   0x00000010   Code   RO         1355    i.FL_CMU_EnableGroup3OperationClock  fm33lg0xx_fl_atim.o
    0x00000fd4   0x00000fd4   0x00000010   Code   RO         3302    i.FL_CMU_EnableGroup3OperationClock  fm33lg0xx_fl_uart.o
    0x00000fe4   0x00000fe4   0x00000010   Code   RO         1356    i.FL_CMU_EnableGroup4BusClock  fm33lg0xx_fl_atim.o
    0x00000ff4   0x00000ff4   0x00000078   Code   RO         1617    i.FL_CMU_GetAHBClockFreq  fm33lg0xx_fl_cmu.o
    0x0000106c   0x0000106c   0x00000078   Code   RO         1618    i.FL_CMU_GetAPBClockFreq  fm33lg0xx_fl_cmu.o
    0x000010e4   0x000010e4   0x000000ac   Code   RO         1619    i.FL_CMU_GetPLLClockFreq  fm33lg0xx_fl_cmu.o
    0x00001190   0x00001190   0x00000050   Code   RO         1620    i.FL_CMU_GetRCHFClockFreq  fm33lg0xx_fl_cmu.o
    0x000011e0   0x000011e0   0x0000004c   Code   RO         1621    i.FL_CMU_GetRCLFClockFreq  fm33lg0xx_fl_cmu.o
    0x0000122c   0x0000122c   0x00000064   Code   RO         1622    i.FL_CMU_GetSystemClockFreq  fm33lg0xx_fl_cmu.o
    0x00001290   0x00001290   0x00000014   Code   RO          612    i.FL_CMU_SetADCPrescaler  adc_chk.o
    0x000012a4   0x000012a4   0x00000020   Code   RO         1137    i.FL_DelayInit      fm33lg0xx_fl.o
    0x000012c4   0x000012c4   0x00000038   Code   RO         1138    i.FL_DelayMs        fm33lg0xx_fl.o
    0x000012fc   0x000012fc   0x00000044   Code   RO         1140    i.FL_DelayUs        fm33lg0xx_fl.o
    0x00001340   0x00001340   0x0000000a   Code   RO         2267    i.FL_GPIO_DisablePinAnalogSwitch  fm33lg0xx_fl_gpio.o
    0x0000134a   0x0000134a   0x0000000a   Code   RO         2268    i.FL_GPIO_DisablePinInput  fm33lg0xx_fl_gpio.o
    0x00001354   0x00001354   0x0000000a   Code   RO         2269    i.FL_GPIO_DisablePinOpenDrain  fm33lg0xx_fl_gpio.o
    0x0000135e   0x0000135e   0x0000000a   Code   RO         2270    i.FL_GPIO_DisablePinPullup  fm33lg0xx_fl_gpio.o
    0x00001368   0x00001368   0x0000000a   Code   RO         2271    i.FL_GPIO_DisablePinRemap  fm33lg0xx_fl_gpio.o
    0x00001372   0x00001372   0x00000002   PAD
    0x00001374   0x00001374   0x000001e8   Code   RO         2272    i.FL_GPIO_Init      fm33lg0xx_fl_gpio.o
    0x0000155c   0x0000155c   0x0000001a   Code   RO         2273    i.FL_GPIO_SetPinMode  fm33lg0xx_fl_gpio.o
    0x00001576   0x00001576   0x00000002   PAD
    0x00001578   0x00001578   0x00000120   Code   RO         2546    i.FL_IWDT_Init      fm33lg0xx_fl_iwdt.o
    0x00001698   0x00001698   0x00000014   Code   RO         2547    i.FL_IWDT_ReadCounter  fm33lg0xx_fl_iwdt.o
    0x000016ac   0x000016ac   0x0000000a   Code   RO         2548    i.FL_IWDT_StructInit  fm33lg0xx_fl_iwdt.o
    0x000016b6   0x000016b6   0x00000008   Code   RO         1142    i.FL_Init           fm33lg0xx_fl.o
    0x000016be   0x000016be   0x00000002   PAD
    0x000016c0   0x000016c0   0x00000048   Code   RO         1143    i.FL_NVIC_Init      fm33lg0xx_fl.o
    0x00001708   0x00001708   0x0000000a   Code   RO          282    i.FL_UART_EnableIT_TXShiftBuffEmpty  uart5.o
    0x00001712   0x00001712   0x0000000a   Code   RO          467    i.FL_UART_EnableIT_TXShiftBuffEmpty  uart1.o
    0x0000171c   0x0000171c   0x0000000a   Code   RO          938    i.FL_UART_EnableIT_TXShiftBuffEmpty  uart0.o
    0x00001726   0x00001726   0x00000002   PAD
    0x00001728   0x00001728   0x000002e4   Code   RO         3308    i.FL_UART_Init      fm33lg0xx_fl_uart.o
    0x00001a0c   0x00001a0c   0x0000000c   Code   RO          283    i.FL_UART_WriteTXBuff  uart5.o
    0x00001a18   0x00001a18   0x0000000c   Code   RO          468    i.FL_UART_WriteTXBuff  uart1.o
    0x00001a24   0x00001a24   0x0000000c   Code   RO          939    i.FL_UART_WriteTXBuff  uart0.o
    0x00001a30   0x00001a30   0x00000028   Code   RO          422    i.GPIO_IRQHandler   gpio.o
    0x00001a58   0x00001a58   0x0000007c   Code   RO          613    i.GetSingleChannelSample_POLL  adc_chk.o
    0x00001ad4   0x00001ad4   0x0000007c   Code   RO          614    i.GetSingleChannelVoltage_POLL  adc_chk.o
    0x00001b50   0x00001b50   0x0000009c   Code   RO          615    i.GetVREF1P2Sample_POLL  adc_chk.o
    0x00001bec   0x00001bec   0x0000002c   Code   RO          576    i.LED_FLAG_LOOP     led_ctrl.o
    0x00001c18   0x00001c18   0x0000001c   Code   RO          577    i.LED_FLAG_Run      led_ctrl.o
    0x00001c34   0x00001c34   0x00000010   Code   RO          423    i.LED_Off           gpio.o
    0x00001c44   0x00001c44   0x00000010   Code   RO          424    i.LED_On            gpio.o
    0x00001c54   0x00001c54   0x00000018   Code   RO          616    i.MF_ADC_Common_Init  adc_chk.o
    0x00001c6c   0x00001c6c   0x0000010c   Code   RO          617    i.MF_ADC_Init       adc_chk.o
    0x00001d78   0x00001d78   0x0000000c   Code   RO          618    i.MF_ADC_PC10_Config_Init  adc_chk.o
    0x00001d84   0x00001d84   0x00000020   Code   RO          372    i.MF_ATIM_Interrupt_Init  time.o
    0x00001da4   0x00001da4   0x00000030   Code   RO          373    i.MF_ATIM_TimerBase_Init  time.o
    0x00001dd4   0x00001dd4   0x00000084   Code   RO           13    i.MF_Clock_Init     mf_config.o
    0x00001e58   0x00001e58   0x0000006c   Code   RO          940    i.MF_UART0_Init     uart0.o
    0x00001ec4   0x00001ec4   0x00000034   Code   RO          941    i.MF_UART0_Interrupt_Init  uart0.o
    0x00001ef8   0x00001ef8   0x00000068   Code   RO          469    i.MF_UART1_Init     uart1.o
    0x00001f60   0x00001f60   0x00000034   Code   RO          470    i.MF_UART1_Interrupt_Init  uart1.o
    0x00001f94   0x00001f94   0x00000068   Code   RO          284    i.MF_UART5_Init     uart5.o
    0x00001ffc   0x00001ffc   0x00000034   Code   RO          285    i.MF_UART5_Interrupt_Init  uart5.o
    0x00002030   0x00002030   0x00000078   Code   RO         1144    i.NVIC_SetPriority  fm33lg0xx_fl.o
    0x000020a8   0x000020a8   0x0000002c   Code   RO          425    i.Others_GPIO_Init  gpio.o
    0x000020d4   0x000020d4   0x00000020   Code   RO          471    i.PC_Chuankou_tongxin_Debug_send  uart1.o
    0x000020f4   0x000020f4   0x00000010   Code   RO          472    i.PC_Chuankou_tongxin_send  uart1.o
    0x00002104   0x00002104   0x00000098   Code   RO         1015    i.PC_xieyifasong_2  pc_xieyi_ctrl.o
    0x0000219c   0x0000219c   0x00000074   Code   RO         1016    i.PC_xieyijiexi     pc_xieyi_ctrl.o
    0x00002210   0x00002210   0x0000013c   Code   RO         1099    i.SystemCoreClockUpdate  system_fm33lg0xx.o
    0x0000234c   0x0000234c   0x000000fc   Code   RO         1100    i.SystemInit        system_fm33lg0xx.o
    0x00002448   0x00002448   0x000000d0   Code   RO         1101    i.SystemPLLClockUpdate  system_fm33lg0xx.o
    0x00002518   0x00002518   0x0000007c   Code   RO         1051    i.TONGXIN_xieyijiexi  tongxin_xieyi_ctrl.o
    0x00002594   0x00002594   0x000000f0   Code   RO          942    i.UART0_IRQHandler  uart0.o
    0x00002684   0x00002684   0x00000014   Code   RO          943    i.UART0_MF_Config_Init  uart0.o
    0x00002698   0x00002698   0x00000010   Code   RO          944    i.UART0_MF_NVIC_Init  uart0.o
    0x000026a8   0x000026a8   0x000000f8   Code   RO          473    i.UART1_IRQHandler  uart1.o
    0x000027a0   0x000027a0   0x00000014   Code   RO          474    i.UART1_MF_Config_Init  uart1.o
    0x000027b4   0x000027b4   0x00000010   Code   RO          475    i.UART1_MF_NVIC_Init  uart1.o
    0x000027c4   0x000027c4   0x000000f0   Code   RO          286    i.UART5_IRQHandler  uart5.o
    0x000028b4   0x000028b4   0x00000014   Code   RO          287    i.UART5_MF_Config_Init  uart5.o
    0x000028c8   0x000028c8   0x00000010   Code   RO          288    i.UART5_MF_NVIC_Init  uart5.o
    0x000028d8   0x000028d8   0x00000038   Code   RO          476    i.UART_TX_state_change  uart1.o
    0x00002910   0x00002910   0x00000058   Code   RO          945    i.Uart0_Rx_rec      uart0.o
    0x00002968   0x00002968   0x00000010   Code   RO          947    i.Uart0_Tx_Send_init  uart0.o
    0x00002978   0x00002978   0x0000006c   Code   RO          477    i.Uart1_Rx_rec      uart1.o
    0x000029e4   0x000029e4   0x00000078   Code   RO          478    i.Uart1_Tx_Send     uart1.o
    0x00002a5c   0x00002a5c   0x00000018   Code   RO          479    i.Uart1_Tx_Send_init  uart1.o
    0x00002a74   0x00002a74   0x00000050   Code   RO          289    i.Uart5_Rx_rec      uart5.o
    0x00002ac4   0x00002ac4   0x00000074   Code   RO          290    i.Uart5_Tx_Send     uart5.o
    0x00002b38   0x00002b38   0x00000010   Code   RO          291    i.Uart5_Tx_Send_init  uart5.o
    0x00002b48   0x00002b48   0x00000030   Code   RO         1079    i.WatchDog_Init     wtd.o
    0x00002b78   0x00002b78   0x0000002c   Code   RO         3530    i.__0vsnprintf      mc_p.l(printfa.o)
    0x00002ba4   0x00002ba4   0x0000002e   Code   RO         3602    i.__ARM_clz         mf_p.l(depilogue.o)
    0x00002bd2   0x00002bd2   0x00000030   Code   RO          722    i.__ARM_common_ll_muluu  adc_chk.o
    0x00002c02   0x00002c02   0x0000001c   Code   RO          799    i.__ARM_common_switch8  test_list.o
    0x00002c1e   0x00002c1e   0x0000000e   Code   RO         3614    i.__scatterload_copy  mc_p.l(handlers.o)
    0x00002c2c   0x00002c2c   0x00000002   Code   RO         3615    i.__scatterload_null  mc_p.l(handlers.o)
    0x00002c2e   0x00002c2e   0x0000000e   Code   RO         3616    i.__scatterload_zeroinit  mc_p.l(handlers.o)
    0x00002c3c   0x00002c3c   0x00000174   Code   RO         3532    i._fp_digits        mc_p.l(printfa.o)
    0x00002db0   0x00002db0   0x000006ec   Code   RO         3533    i._printf_core      mc_p.l(printfa.o)
    0x0000349c   0x0000349c   0x00000020   Code   RO         3534    i._printf_post_padding  mc_p.l(printfa.o)
    0x000034bc   0x000034bc   0x0000002c   Code   RO         3535    i._printf_pre_padding  mc_p.l(printfa.o)
    0x000034e8   0x000034e8   0x00000016   Code   RO         3536    i._snputc           mc_p.l(printfa.o)
    0x000034fe   0x000034fe   0x00000016   Code   RO          619    i.get_VDD1_dianya   adc_chk.o
    0x00003514   0x00003514   0x00000016   Code   RO          620    i.get_VDD2_dianya   adc_chk.o
    0x0000352a   0x0000352a   0x00000014   Code   RO          621    i.get_VDD3_dianya   adc_chk.o
    0x0000353e   0x0000353e   0x00000016   Code   RO          622    i.get_VDD4_dianya   adc_chk.o
    0x00003554   0x00003554   0x00000014   Code   RO          623    i.get_VDD5_dianya   adc_chk.o
    0x00003568   0x00003568   0x00000016   Code   RO          624    i.get_VDD6_dianya   adc_chk.o
    0x0000357e   0x0000357e   0x00000002   PAD
    0x00003580   0x00003580   0x00000044   Code   RO          199    i.main              main.o
    0x000035c4   0x000035c4   0x00000024   Code   RO          200    i.test_Init         main.o
    0x000035e8   0x000035e8   0x00000078   Code   RO          738    i.test_Loop_Func    test_list.o
    0x00003660   0x00003660   0x0000001c   Code   RO          739    i.test_err_end_Func  test_list.o
    0x0000367c   0x0000367c   0x00000060   Code   RO          742    i.test_simple_chk   test_list.o
    0x000036dc   0x000036dc   0x00000002   Code   RO          744    i.test_start_Init   test_list.o
    0x000036de   0x000036de   0x00000002   PAD
    0x000036e0   0x000036e0   0x0000001c   Code   RO          745    i.test_testend      test_list.o
    0x000036fc   0x000036fc   0x00000020   Data   RO         3612    Region$$Table       anon$$obj.o


    Execution Region RW_IRAM1 (Exec base: 0x20000000, Load base: 0x0000371c, Size: 0x00001040, Max: 0x00008000, ABSOLUTE)

    Exec Addr    Load Addr    Size         Type   Attr      Idx    E Section Name        Object

    0x20000000   0x0000371c   0x00000001   Data   RW          201    .data               main.o
    0x20000001   0x0000371d   0x00000001   PAD
    0x20000002   0x0000371e   0x00000008   Data   RW          293    .data               uart5.o
    0x2000000a   0x00003726   0x00000006   Data   RW          481    .data               uart1.o
    0x20000010   0x0000372c   0x00000002   Data   RW          578    .data               led_ctrl.o
    0x20000012   0x0000372e   0x00000002   PAD
    0x20000014   0x00003730   0x0000000d   Data   RW          747    .data               test_list.o
    0x20000021   0x0000373d   0x00000001   PAD
    0x20000022   0x0000373e   0x00000006   Data   RW          949    .data               uart0.o
    0x20000028   0x00003744   0x0000000c   Data   RW         1102    .data               system_fm33lg0xx.o
    0x20000034        -       0x00000268   Zero   RW          292    .bss                uart5.o
    0x2000029c        -       0x00000268   Zero   RW          480    .bss                uart1.o
    0x20000504        -       0x0000000c   Zero   RW          746    .bss                test_list.o
    0x20000510        -       0x00000268   Zero   RW          948    .bss                uart0.o
    0x20000778        -       0x000000c8   Zero   RW         1017    .bss                pc_xieyi_ctrl.o
    0x20000840        -       0x00000800   Zero   RW            1    STACK               startup_fm33lg0xx.o


==============================================================================

Image component sizes


      Code (inc. data)   RO Data    RW Data    ZI Data      Debug   Object Name

       980         50          0          0          0      61277   adc_chk.o
       356         42          0          0          0      13010   fm33lg0xx_fl.o
      1334         24          0          0          0      60754   fm33lg0xx_fl_adc.o
       490         16          0          0          0      68955   fm33lg0xx_fl_atim.o
       668         82          0          0          0      28787   fm33lg0xx_fl_cmu.o
         0          0          0          0          0      23972   fm33lg0xx_fl_comp.o
       564         18          0          0          0      24147   fm33lg0xx_fl_gpio.o
       318         16          0          0          0       6064   fm33lg0xx_fl_iwdt.o
       772         36          0          0          0      40411   fm33lg0xx_fl_uart.o
       116         24          0          0          0      19360   gpio.o
        72         16          0          2          0       1439   led_ctrl.o
       104          8          0          1          0       4386   main.o
       132         10          0          0          0      70868   mf_config.o
       268         12          0          0        200       2325   pc_xieyi_ctrl.o
        28          8        192          0       2048        796   startup_fm33lg0xx.o
       776        102          0         12          0       2607   system_fm33lg0xx.o
       302         54          0         13         12       3940   test_list.o
       344         48          0          0          0      35674   time.o
       124          6          0          0          0       1237   tongxin_xieyi_ctrl.o
       562         66          0          6        616       6984   uart0.o
       886        106          0          6        616      11244   uart1.o
       666         86          0          8        616      19354   uart5.o
        48         10          0          0          0        664   wtd.o

    ----------------------------------------------------------------------
      9926        840        224         52       4108     508255   Object Totals
         0          0         32          0          0          0   (incl. Generated)
        16          0          0          4          0          0   (incl. Padding)

    ----------------------------------------------------------------------

      Code (inc. data)   RO Data    RW Data    ZI Data      Debug   Library Member Name

         0          0          0          0          0          0   entry.o
         0          0          0          0          0          0   entry10a.o
         0          0          0          0          0          0   entry11a.o
         8          4          0          0          0          0   entry2.o
         4          0          0          0          0          0   entry5.o
         0          0          0          0          0          0   entry7b.o
         0          0          0          0          0          0   entry8b.o
         8          4          0          0          0          0   entry9a.o
        30          0          0          0          0          0   handlers.o
        36          8          0          0          0         68   init.o
         0          0          0          0          0          0   iusefp.o
       122          0          0          0          0         84   llmul.o
        32          0          0          0          0         68   llshl.o
        38          0          0          0          0         68   llsshr.o
        34          0          0          0          0         68   llushr.o
        36          0          0          0          0         60   memcpya.o
        36          0          0          0          0        100   memseta.o
      2286         94          0          0          0        460   printfa.o
        44          0          0          0          0         72   uidiv.o
        96          0          0          0          0         84   uldiv.o
        40          2          0          0          0         68   cdrcmple.o
       356          4          0          0          0        140   dadd.o
       240          6          0          0          0         84   ddiv.o
       236          0          0          0          0        216   depilogue.o
        64         10          0          0          0         68   dfixul.o
       208          6          0          0          0         88   dmul.o

    ----------------------------------------------------------------------
      3958        138          0          0          0       1796   Library Totals
         4          0          0          0          0          0   (incl. Padding)

    ----------------------------------------------------------------------

      Code (inc. data)   RO Data    RW Data    ZI Data      Debug   Library Name

      2810        110          0          0          0       1132   mc_p.l
      1144         28          0          0          0        664   mf_p.l

    ----------------------------------------------------------------------
      3958        138          0          0          0       1796   Library Totals

    ----------------------------------------------------------------------

==============================================================================


      Code (inc. data)   RO Data    RW Data    ZI Data      Debug   

     13884        978        224         52       4108     504211   Grand Totals
     13884        978        224         52       4108     504211   ELF Image Totals
     13884        978        224         52          0          0   ROM Totals

==============================================================================

    Total RO  Size (Code + RO Data)                14108 (  13.78kB)
    Total RW  Size (RW Data + ZI Data)              4160 (   4.06kB)
    Total ROM Size (Code + RO Data + RW Data)      14160 (  13.83kB)

==============================================================================

