Component: ARM Compiler 5.06 update 6 (build 750) Tool: armlink [4d35ed]

==============================================================================

Section Cross References

    startup_fm33lg0xx.o(RESET) refers to startup_fm33lg0xx.o(STACK) for __initial_sp
    startup_fm33lg0xx.o(RESET) refers to startup_fm33lg0xx.o(.text) for Reset_Handler
    startup_fm33lg0xx.o(RESET) refers to uart0.o(i.UART0_IRQHandler) for UART0_IRQHandler
    startup_fm33lg0xx.o(RESET) refers to uart1.o(i.UART1_IRQHandler) for UART1_IRQHandler
    startup_fm33lg0xx.o(RESET) refers to uart5.o(i.UART5_IRQHandler) for UART5_IRQHandler
    startup_fm33lg0xx.o(RESET) refers to time.o(i.ATIM_IRQHandler) for ATIM_IRQHandler
    startup_fm33lg0xx.o(RESET) refers to gpio.o(i.GPIO_IRQHandler) for GPIO_IRQHandler
    startup_fm33lg0xx.o(.text) refers to system_fm33lg0xx.o(i.SystemInit) for SystemInit
    startup_fm33lg0xx.o(.text) refers to entry.o(.ARM.Collect$$$$00000000) for __main
    mf_config.o(i.MF_Clock_Init) refers to system_fm33lg0xx.o(i.SystemCoreClockUpdate) for SystemCoreClockUpdate
    main.o(i.main) refers to fm33lg0xx_fl.o(i.FL_Init) for FL_Init
    main.o(i.main) refers to mf_config.o(i.MF_Clock_Init) for MF_Clock_Init
    main.o(i.main) refers to main.o(i.test_Init) for test_Init
    main.o(i.main) refers to gpio.o(i.LED_On) for LED_On
    main.o(i.main) refers to uart5.o(i.Uart5_Rx_rec) for Uart5_Rx_rec
    main.o(i.main) refers to uart1.o(i.Uart1_Rx_rec) for Uart1_Rx_rec
    main.o(i.main) refers to uart0.o(i.Uart0_Rx_rec) for Uart0_Rx_rec
    main.o(i.main) refers to led_ctrl.o(i.LED_FLAG_LOOP) for LED_FLAG_LOOP
    main.o(i.main) refers to test_list.o(i.test_Loop_Func) for test_Loop_Func
    main.o(i.test_Init) refers to gpio.o(i.Others_GPIO_Init) for Others_GPIO_Init
    main.o(i.test_Init) refers to uart5.o(i.UART5_MF_Config_Init) for UART5_MF_Config_Init
    main.o(i.test_Init) refers to uart1.o(i.UART1_MF_Config_Init) for UART1_MF_Config_Init
    main.o(i.test_Init) refers to uart0.o(i.UART0_MF_Config_Init) for UART0_MF_Config_Init
    main.o(i.test_Init) refers to time.o(i.ATIM_Init) for ATIM_Init
    main.o(i.test_Init) refers to adc_chk.o(i.MF_ADC_PC10_Config_Init) for MF_ADC_PC10_Config_Init
    main.o(i.test_Init) refers to test_list.o(i.gongwei_jiance) for gongwei_jiance
    main.o(i.test_Init) refers to test_list.o(i.test_start_Init) for test_start_Init
    main.o(i.test_Init) refers to wtd.o(i.WatchDog_Init) for WatchDog_Init
    uart5.o(i.MF_UART5_Init) refers to fm33lg0xx_fl_gpio.o(i.FL_GPIO_Init) for FL_GPIO_Init
    uart5.o(i.MF_UART5_Init) refers to fm33lg0xx_fl_uart.o(i.FL_UART_Init) for FL_UART_Init
    uart5.o(i.MF_UART5_Interrupt_Init) refers to uart5.o(i.FL_UART_EnableIT_TXShiftBuffEmpty) for FL_UART_EnableIT_TXShiftBuffEmpty
    uart5.o(i.UART5_IRQHandler) refers to uart5.o(i.FL_UART_WriteTXBuff) for FL_UART_WriteTXBuff
    uart5.o(i.UART5_IRQHandler) refers to uart5.o(.bss) for uart5_Rec_shuju_neirong
    uart5.o(i.UART5_IRQHandler) refers to uart5.o(.data) for uart5_Rec_shuju_neirong_count
    uart5.o(i.UART5_MF_Config_Init) refers to uart5.o(i.MF_UART5_Init) for MF_UART5_Init
    uart5.o(i.UART5_MF_Config_Init) refers to uart5.o(i.MF_UART5_Interrupt_Init) for MF_UART5_Interrupt_Init
    uart5.o(i.UART5_MF_Config_Init) refers to uart5.o(i.UART5_MF_NVIC_Init) for UART5_MF_NVIC_Init
    uart5.o(i.UART5_MF_Config_Init) refers to uart5.o(i.Uart5_Tx_Send_init) for Uart5_Tx_Send_init
    uart5.o(i.UART5_MF_NVIC_Init) refers to fm33lg0xx_fl.o(i.FL_NVIC_Init) for FL_NVIC_Init
    uart5.o(i.Uart5_Rx_rec) refers to led_ctrl.o(i.LED_FLAG_Run) for LED_FLAG_Run
    uart5.o(i.Uart5_Rx_rec) refers to memcpya.o(.text) for __aeabi_memcpy4
    uart5.o(i.Uart5_Rx_rec) refers to uart5.o(i.Uart5_Tx_Send) for Uart5_Tx_Send
    uart5.o(i.Uart5_Rx_rec) refers to uart5.o(.data) for uart5_Rec_shuju_flag
    uart5.o(i.Uart5_Rx_rec) refers to uart5.o(.bss) for uart5_Rec_shuju_neirong
    uart5.o(i.Uart5_Tx_Send) refers to fm33lg0xx_fl.o(i.FL_DelayMs) for FL_DelayMs
    uart5.o(i.Uart5_Tx_Send) refers to memcpya.o(.text) for __aeabi_memcpy
    uart5.o(i.Uart5_Tx_Send) refers to uart5.o(i.FL_UART_EnableIT_TXShiftBuffEmpty) for FL_UART_EnableIT_TXShiftBuffEmpty
    uart5.o(i.Uart5_Tx_Send) refers to uart5.o(i.FL_UART_WriteTXBuff) for FL_UART_WriteTXBuff
    uart5.o(i.Uart5_Tx_Send) refers to uart5.o(.data) for chaoshi_dengdai
    uart5.o(i.Uart5_Tx_Send) refers to uart5.o(.bss) for UART5Op
    uart5.o(i.Uart5_Tx_Send_init) refers to uart5.o(.bss) for UART5Op
    time.o(i.ATIM_IRQHandler) refers to uart5.o(.data) for uart5_Rec_shuju_time_count
    time.o(i.ATIM_IRQHandler) refers to uart1.o(.data) for uart1_Rec_shuju_time_count
    time.o(i.ATIM_IRQHandler) refers to uart0.o(.data) for uart0_Rec_shuju_time_count
    time.o(i.ATIM_IRQHandler) refers to test_list.o(.bss) for Test_quanju_canshu_L
    time.o(i.ATIM_IRQHandler) refers to led_ctrl.o(.data) for LED_thing_time
[...]
    ..\Drivers\FM33LG0xx_FL_Driver\Src\fm33lg0xx_fl_rtcb.c 0x00000000   Number         0  fm33lg0xx_fl_rtcb.o ABSOLUTE
    ..\Drivers\FM33LG0xx_FL_Driver\Src\fm33lg0xx_fl_spi.c 0x00000000   Number         0  fm33lg0xx_fl_spi.o ABSOLUTE
    ..\Drivers\FM33LG0xx_FL_Driver\Src\fm33lg0xx_fl_svd.c 0x00000000   Number         0  fm33lg0xx_fl_svd.o ABSOLUTE
    ..\Drivers\FM33LG0xx_FL_Driver\Src\fm33lg0xx_fl_u7816.c 0x00000000   Number         0  fm33lg0xx_fl_u7816.o ABSOLUTE
    ..\Drivers\FM33LG0xx_FL_Driver\Src\fm33lg0xx_fl_uart.c 0x00000000   Number         0  fm33lg0xx_fl_uart.o ABSOLUTE
    ..\Drivers\FM33LG0xx_FL_Driver\Src\fm33lg0xx_fl_vao.c 0x00000000   Number         0  fm33lg0xx_fl_vao.o ABSOLUTE
    ..\Drivers\FM33LG0xx_FL_Driver\Src\fm33lg0xx_fl_vrefp.c 0x00000000   Number         0  fm33lg0xx_fl_vrefp.o ABSOLUTE
    ..\Drivers\FM33LG0xx_FL_Driver\Src\fm33lg0xx_fl_wwdt.c 0x00000000   Number         0  fm33lg0xx_fl_wwdt.o ABSOLUTE
    ..\MF-config\Src\mf_config.c             0x00000000   Number         0  mf_config.o ABSOLUTE
    ..\Src\ADC_CHK.c                         0x00000000   Number         0  adc_chk.o ABSOLUTE
    ..\Src\GPIO.c                            0x00000000   Number         0  gpio.o ABSOLUTE
    ..\Src\LED_CTRL.c                        0x00000000   Number         0  led_ctrl.o ABSOLUTE
    ..\Src\PC_xieyi_Ctrl.c                   0x00000000   Number         0  pc_xieyi_ctrl.o ABSOLUTE
    ..\Src\Test_List.c                       0x00000000   Number         0  test_list.o ABSOLUTE
    ..\Src\WTD.c                             0x00000000   Number         0  wtd.o ABSOLUTE
    ..\Src\ZDINA219.c                        0x00000000   Number         0  zdina219.o ABSOLUTE
    ..\Src\main.c                            0x00000000   Number         0  main.o ABSOLUTE
    ..\Src\time.c                            0x00000000   Number         0  time.o ABSOLUTE
    ..\Src\tongxin_xieyi_Ctrl.c              0x00000000   Number         0  tongxin_xieyi_ctrl.o ABSOLUTE
    ..\Src\uart0.c                           0x00000000   Number         0  uart0.o ABSOLUTE
    ..\Src\uart1.c                           0x00000000   Number         0  uart1.o ABSOLUTE
    ..\Src\uart5.c                           0x00000000   Number         0  uart5.o ABSOLUTE
    ..\\Drivers\\CMSIS\\Device\\FM\\FM33xx\\Source\\system_fm33lg0xx.c 0x00000000   Number         0  system_fm33lg0xx.o ABSOLUTE
    ..\\Drivers\\FM33LG0xx_FL_Driver\\Src\\fm33lg0xx_fl.c 0x00000000   Number         0  fm33lg0xx_fl.o ABSOLUTE
    ..\\Drivers\\FM33LG0xx_FL_Driver\\Src\\fm33lg0xx_fl_adc.c 0x00000000   Number         0  fm33lg0xx_fl_adc.o ABSOLUTE
    ..\\Drivers\\FM33LG0xx_FL_Driver\\Src\\fm33lg0xx_fl_aes.c 0x00000000   Number         0  fm33lg0xx_fl_aes.o ABSOLUTE
    ..\\Drivers\\FM33LG0xx_FL_Driver\\Src\\fm33lg0xx_fl_atim.c 0x00000000   Number         0  fm33lg0xx_fl_atim.o ABSOLUTE
    ..\\Drivers\\FM33LG0xx_FL_Driver\\Src\\fm33lg0xx_fl_bstim16.c 0x00000000   Number         0  fm33lg0xx_fl_bstim16.o ABSOLUTE
    ..\\Drivers\\FM33LG0xx_FL_Driver\\Src\\fm33lg0xx_fl_bstim32.c 0x00000000   Number         0  fm33lg0xx_fl_bstim32.o ABSOLUTE
    ..\\Drivers\\FM33LG0xx_FL_Driver\\Src\\fm33lg0xx_fl_can.c 0x00000000   Number         0  fm33lg0xx_fl_can.o ABSOLUTE
    ..\\Drivers\\FM33LG0xx_FL_Driver\\Src\\fm33lg0xx_fl_cmu.c 0x00000000   Number         0  fm33lg0xx_fl_cmu.o ABSOLUTE
    ..\\Drivers\\FM33LG0xx_FL_Driver\\Src\\fm33lg0xx_fl_comp.c 0x00000000   Number         0  fm33lg0xx_fl_comp.o ABSOLUTE
    ..\\Drivers\\FM33LG0xx_FL_Driver\\Src\\fm33lg0xx_fl_crc.c 0x00000000   Number         0  fm33lg0xx_fl_crc.o ABSOLUTE
    ..\\Drivers\\FM33LG0xx_FL_Driver\\Src\\fm33lg0xx_fl_dac.c 0x00000000   Number         0  fm33lg0xx_fl_dac.o ABSOLUTE
    ..\\Drivers\\FM33LG0xx_FL_Driver\\Src\\fm33lg0xx_fl_divas.c 0x00000000   Number         0  fm33lg0xx_fl_divas.o ABSOLUTE
    ..\\Drivers\\FM33LG0xx_FL_Driver\\Src\\fm33lg0xx_fl_dma.c 0x00000000   Number         0  fm33lg0xx_fl_dma.o ABSOLUTE
    ..\\Drivers\\FM33LG0xx_FL_Driver\\Src\\fm33lg0xx_fl_exti.c 0x00000000   Number         0  fm33lg0xx_fl_exti.o ABSOLUTE
    ..\\Drivers\\FM33LG0xx_FL_Driver\\Src\\fm33lg0xx_fl_flash.c 0x00000000   Number         0  fm33lg0xx_fl_flash.o ABSOLUTE
    ..\\Drivers\\FM33LG0xx_FL_Driver\\Src\\fm33lg0xx_fl_gpio.c 0x00000000   Number         0  fm33lg0xx_fl_gpio.o ABSOLUTE
    ..\\Drivers\\FM33LG0xx_FL_Driver\\Src\\fm33lg0xx_fl_gptim.c 0x00000000   Number         0  fm33lg0xx_fl_gptim.o ABSOLUTE
    ..\\Drivers\\FM33LG0xx_FL_Driver\\Src\\fm33lg0xx_fl_i2c.c 0x00000000   Number         0  fm33lg0xx_fl_i2c.o ABSOLUTE
    ..\\Drivers\\FM33LG0xx_FL_Driver\\Src\\fm33lg0xx_fl_iwdt.c 0x00000000   Number         0  fm33lg0xx_fl_iwdt.o ABSOLUTE
    ..\\Drivers\\FM33LG0xx_FL_Driver\\Src\\fm33lg0xx_fl_lcd.c 0x00000000   Number         0  fm33lg0xx_fl_lcd.o ABSOLUTE
    ..\\Drivers\\FM33LG0xx_FL_Driver\\Src\\fm33lg0xx_fl_lptim16.c 0x00000000   Number         0  fm33lg0xx_fl_lptim16.o ABSOLUTE
    ..\\Drivers\\FM33LG0xx_FL_Driver\\Src\\fm33lg0xx_fl_lptim32.c 0x00000000   Number         0  fm33lg0xx_fl_lptim32.o ABSOLUTE
    ..\\Drivers\\FM33LG0xx_FL_Driver\\Src\\fm33lg0xx_fl_lpuart.c 0x00000000   Number         0  fm33lg0xx_fl_lpuart.o ABSOLUTE
    ..\\Drivers\\FM33LG0xx_FL_Driver\\Src\\fm33lg0xx_fl_opa.c 0x00000000   Number         0  fm33lg0xx_fl_opa.o ABSOLUTE
    ..\\Drivers\\FM33LG0xx_FL_Driver\\Src\\fm33lg0xx_fl_pgl.c 0x00000000   Number         0  fm33lg0xx_fl_pgl.o ABSOLUTE
    ..\\Drivers\\FM33LG0xx_FL_Driver\\Src\\fm33lg0xx_fl_pmu.c 0x00000000   Number         0  fm33lg0xx_fl_pmu.o ABSOLUTE
    ..\\Drivers\\FM33LG0xx_FL_Driver\\Src\\fm33lg0xx_fl_rng.c 0x00000000   Number         0  fm33lg0xx_fl_rng.o ABSOLUTE
    ..\\Drivers\\FM33LG0xx_FL_Driver\\Src\\fm33lg0xx_fl_rtca.c 0x00000000   Number         0  fm33lg0xx_fl_rtca.o ABSOLUTE
    ..\\Drivers\\FM33LG0xx_FL_Driver\\Src\\fm33lg0xx_fl_rtcb.c 0x00000000   Number         0  fm33lg0xx_fl_rtcb.o ABSOLUTE
    ..\\Drivers\\FM33LG0xx_FL_Driver\\Src\\fm33lg0xx_fl_spi.c 0x00000000   Number         0  fm33lg0xx_fl_spi.o ABSOLUTE
    ..\\Drivers\\FM33LG0xx_FL_Driver\\Src\\fm33lg0xx_fl_svd.c 0x00000000   Number         0  fm33lg0xx_fl_svd.o ABSOLUTE
    ..\\Drivers\\FM33LG0xx_FL_Driver\\Src\\fm33lg0xx_fl_u7816.c 0x00000000   Number         0  fm33lg0xx_fl_u7816.o ABSOLUTE
    ..\\Drivers\\FM33LG0xx_FL_Driver\\Src\\fm33lg0xx_fl_uart.c 0x00000000   Number         0  fm33lg0xx_fl_uart.o ABSOLUTE
    ..\\Drivers\\FM33LG0xx_FL_Driver\\Src\\fm33lg0xx_fl_vao.c 0x00000000   Number         0  fm33lg0xx_fl_vao.o ABSOLUTE
    ..\\Drivers\\FM33LG0xx_FL_Driver\\Src\\fm33lg0xx_fl_vrefp.c 0x00000000   Number         0  fm33lg0xx_fl_vrefp.o ABSOLUTE
    ..\\Drivers\\FM33LG0xx_FL_Driver\\Src\\fm33lg0xx_fl_wwdt.c 0x00000000   Number         0  fm33lg0xx_fl_wwdt.o ABSOLUTE
    ..\\MF-config\\Src\\mf_config.c          0x00000000   Number         0  mf_config.o ABSOLUTE
    ..\\Src\\ADC_CHK.c                       0x00000000   Number         0  adc_chk.o ABSOLUTE
    ..\\Src\\GPIO.c                          0x00000000   Number         0  gpio.o ABSOLUTE
    ..\\Src\\LED_CTRL.c                      0x00000000   Number         0  led_ctrl.o ABSOLUTE
    ..\\Src\\PC_xieyi_Ctrl.c                 0x00000000   Number         0  pc_xieyi_ctrl.o ABSOLUTE
    ..\\Src\\Test_List.c                     0x00000000   Number         0  test_list.o ABSOLUTE
    ..\\Src\\WTD.c                           0x00000000   Number         0  wtd.o ABSOLUTE
    ..\\Src\\ZDINA219.c                      0x00000000   Number         0  zdina219.o ABSOLUTE
    ..\\Src\\main.c                          0x00000000   Number         0  main.o ABSOLUTE
    ..\\Src\\time.c                          0x00000000   Number         0  time.o ABSOLUTE
    ..\\Src\\tongxin_xieyi_Ctrl.c            0x00000000   Number         0  tongxin_xieyi_ctrl.o ABSOLUTE
    ..\\Src\\uart0.c                         0x00000000   Number         0  uart0.o ABSOLUTE
    ..\\Src\\uart1.c                         0x00000000   Number         0  uart1.o ABSOLUTE
    ..\\Src\\uart5.c                         0x00000000   Number         0  uart5.o ABSOLUTE
    cdrcmple.s                               0x00000000   Number         0  cdrcmple.o ABSOLUTE
    cfcmple.s                                0x00000000   Number         0  cfcmple.o ABSOLUTE
    dc.s                                     0x00000000   Number         0  dc.o ABSOLUTE
    handlers.s                               0x00000000   Number         0  handlers.o ABSOLUTE
    init.s                                   0x00000000   Number         0  init.o ABSOLUTE
    .ARM.Collect$$$$00000000                 0x000000c0   Section        0  entry.o(.ARM.Collect$$$$00000000)
    .ARM.Collect$$$$00000001                 0x000000c0   Section        4  entry2.o(.ARM.Collect$$$$00000001)
    .ARM.Collect$$$$00000004                 0x000000c4   Section        4  entry5.o(.ARM.Collect$$$$00000004)
    .ARM.Collect$$$$00000008                 0x000000c8   Section        0  entry7b.o(.ARM.Collect$$$$00000008)
    .ARM.Collect$$$$0000000A                 0x000000c8   Section        0  entry8b.o(.ARM.Collect$$$$0000000A)
    .ARM.Collect$$$$0000000B                 0x000000c8   Section        8  entry9a.o(.ARM.Collect$$$$0000000B)
    .ARM.Collect$$$$0000000D                 0x000000d0   Section        0  entry10a.o(.ARM.Collect$$$$0000000D)
    .ARM.Collect$$$$0000000F                 0x000000d0   Section        0  entry11a.o(.ARM.Collect$$$$0000000F)
    .ARM.Collect$$$$00002712                 0x000000d0   Section        4  entry2.o(.ARM.Collect$$$$00002712)
    __lit__00000000                          0x000000d0   Data           4  entry2.o(.ARM.Collect$$$$00002712)
    .text                                    0x000000d4   Section       28  startup_fm33lg0xx.o(.text)
    .text                                    0x000000f0   Section        0  uidiv.o(.text)
    .text                                    0x0000011c   Section        0  idiv.o(.text)
    .text                                    0x00000144   Section        0  uldiv.o(.text)
    .text                                    0x000001a4   Section        0  llmul.o(.text)
    .text                                    0x0000021e   Section        0  memcpya.o(.text)
    .text                                    0x00000242   Section        0  memseta.o(.text)
    .text                                    0x00000268   Section        0  dadd.o(.text)
    .text                                    0x000003cc   Section        0  dmul.o(.text)
    .text                                    0x0000049c   Section        0  ddiv.o(.text)
    .text                                    0x0000058c   Section        0  llshl.o(.text)
    .text                                    0x000005ac   Section        0  llushr.o(.text)
    .text                                    0x000005ce   Section        0  llsshr.o(.text)
    .text                                    0x000005f4   Section        0  depilogue.o(.text)
    .text                                    0x000005f4   Section        0  iusefp.o(.text)
    .text                                    0x000006b4   Section        0  dfixul.o(.text)
    .text                                    0x000006f4   Section       40  cdrcmple.o(.text)
    .text                                    0x0000071c   Section       36  init.o(.text)
    i.ANJIAN_1_OFF                           0x00000740   Section        0  gpio.o(i.ANJIAN_1_OFF)
    i.ANJIAN_2_OFF                           0x00000754   Section        0  gpio.o(i.ANJIAN_2_OFF)
    i.ANJIAN_3_OFF                           0x00000768   Section        0  gpio.o(i.ANJIAN_3_OFF)
    i.ANJIAN_4_OFF                           0x0000077c   Section        0  gpio.o(i.ANJIAN_4_OFF)
    i.ATIM_IRQHandler                        0x00000790   Section        0  time.o(i.ATIM_IRQHandler)
    i.ATIM_Init                              0x0000085c   Section        0  time.o(i.ATIM_Init)
    i.ATIM_NVIC_Init                         0x00000870   Section        0  time.o(i.ATIM_NVIC_Init)
    i.ATIM_Start                             0x00000880   Section        0  time.o(i.ATIM_Start)
    i.CheckZDCurrent                         0x00000898   Section        0  zdina219.o(i.CheckZDCurrent)
    i.Current_CHK_CTRL_OFF                   0x00000934   Section        0  gpio.o(i.Current_CHK_CTRL_OFF)
    i.Current_CHK_Func                       0x00000944   Section        0  zdina219.o(i.Current_CHK_Func)
    i.DeBug_print                            0x0000095c   Section        0  uart1.o(i.DeBug_print)
    i.FL_ADC_ClearFlag_EndOfConversion       0x000009a0   Section        0  adc_chk.o(i.FL_ADC_ClearFlag_EndOfConversion)
    FL_ADC_ClearFlag_EndOfConversion         0x000009a1   Thumb Code     6  adc_chk.o(i.FL_ADC_ClearFlag_EndOfConversion)
    i.FL_ADC_CommonInit                      0x000009a8   Section        0  fm33lg0xx_fl_adc.o(i.FL_ADC_CommonInit)
    i.FL_ADC_Disable                         0x00000b34   Section        0  adc_chk.o(i.FL_ADC_Disable)
    FL_ADC_Disable                           0x00000b35   Thumb Code    10  adc_chk.o(i.FL_ADC_Disable)
    i.FL_ADC_Disable                         0x00000b3e   Section        0  fm33lg0xx_fl_adc.o(i.FL_ADC_Disable)
    FL_ADC_Disable                           0x00000b3f   Thumb Code    10  fm33lg0xx_fl_adc.o(i.FL_ADC_Disable)
    i.FL_ADC_DisableOverSampling             0x00000b48   Section        0  fm33lg0xx_fl_adc.o(i.FL_ADC_DisableOverSampling)
    FL_ADC_DisableOverSampling               0x00000b49   Thumb Code    12  fm33lg0xx_fl_adc.o(i.FL_ADC_DisableOverSampling)
    i.FL_ADC_DisableSequencerChannel         0x00000b54   Section        0  adc_chk.o(i.FL_ADC_DisableSequencerChannel)
    FL_ADC_DisableSequencerChannel           0x00000b55   Thumb Code    12  adc_chk.o(i.FL_ADC_DisableSequencerChannel)
    i.FL_ADC_Enable                          0x00000b60   Section        0  adc_chk.o(i.FL_ADC_Enable)
    FL_ADC_Enable                            0x00000b61   Thumb Code    10  adc_chk.o(i.FL_ADC_Enable)
    i.FL_ADC_EnableSWConversion              0x00000b6a   Section        0  adc_chk.o(i.FL_ADC_EnableSWConversion)
    FL_ADC_EnableSWConversion                0x00000b6b   Thumb Code    10  adc_chk.o(i.FL_ADC_EnableSWConversion)
    i.FL_ADC_EnableSequencerChannel          0x00000b74   Section        0  adc_chk.o(i.FL_ADC_EnableSequencerChannel)
    FL_ADC_EnableSequencerChannel            0x00000b75   Thumb Code    12  adc_chk.o(i.FL_ADC_EnableSequencerChannel)
    i.FL_ADC_Init                            0x00000b80   Section        0  fm33lg0xx_fl_adc.o(i.FL_ADC_Init)
    i.FL_ADC_IsActiveFlag_EndOfConversion    0x00000f08   Section        0  adc_chk.o(i.FL_ADC_IsActiveFlag_EndOfConversion)
    FL_ADC_IsActiveFlag_EndOfConversion      0x00000f09   Thumb Code    16  adc_chk.o(i.FL_ADC_IsActiveFlag_EndOfConversion)
    i.FL_ADC_SetClockSource                  0x00000f18   Section        0  fm33lg0xx_fl_adc.o(i.FL_ADC_SetClockSource)
    FL_ADC_SetClockSource                    0x00000f19   Thumb Code    12  fm33lg0xx_fl_adc.o(i.FL_ADC_SetClockSource)
    i.FL_ATIM_GenerateUpdateEvent            0x00000f24   Section        0  fm33lg0xx_fl_atim.o(i.FL_ATIM_GenerateUpdateEvent)
    FL_ATIM_GenerateUpdateEvent              0x00000f25   Thumb Code    10  fm33lg0xx_fl_atim.o(i.FL_ATIM_GenerateUpdateEvent)
    i.FL_ATIM_Init                           0x00000f30   Section        0  fm33lg0xx_fl_atim.o(i.FL_ATIM_Init)
    i.FL_ATIM_IsActiveFlag_Update            0x000010c8   Section        0  fm33lg0xx_fl_atim.o(i.FL_ATIM_IsActiveFlag_Update)
    FL_ATIM_IsActiveFlag_Update              0x000010c9   Thumb Code    16  fm33lg0xx_fl_atim.o(i.FL_ATIM_IsActiveFlag_Update)
    i.FL_ATIM_SetCounterAlignedMode          0x000010d8   Section        0  fm33lg0xx_fl_atim.o(i.FL_ATIM_SetCounterAlignedMode)
    FL_ATIM_SetCounterAlignedMode            0x000010d9   Thumb Code    12  fm33lg0xx_fl_atim.o(i.FL_ATIM_SetCounterAlignedMode)
    i.FL_ATIM_SetCounterDirection            0x000010e4   Section        0  fm33lg0xx_fl_atim.o(i.FL_ATIM_SetCounterDirection)
    FL_ATIM_SetCounterDirection              0x000010e5   Thumb Code    12  fm33lg0xx_fl_atim.o(i.FL_ATIM_SetCounterDirection)
    i.FL_CMU_EnableGroup3BusClock            0x000010f0   Section        0  fm33lg0xx_fl_uart.o(i.FL_CMU_EnableGroup3BusClock)
    FL_CMU_EnableGroup3BusClock              0x000010f1   Thumb Code    12  fm33lg0xx_fl_uart.o(i.FL_CMU_EnableGroup3BusClock)
    i.FL_CMU_EnableGroup3OperationClock      0x00001100   Section        0  fm33lg0xx_fl_atim.o(i.FL_CMU_EnableGroup3OperationClock)
    FL_CMU_EnableGroup3OperationClock        0x00001101   Thumb Code    12  fm33lg0xx_fl_atim.o(i.FL_CMU_EnableGroup3OperationClock)
    i.FL_CMU_EnableGroup3OperationClock      0x00001110   Section        0  fm33lg0xx_fl_uart.o(i.FL_CMU_EnableGroup3OperationClock)
    FL_CMU_EnableGroup3OperationClock        0x00001111   Thumb Code    12  fm33lg0xx_fl_uart.o(i.FL_CMU_EnableGroup3OperationClock)
    i.FL_CMU_EnableGroup4BusClock            0x00001120   Section        0  fm33lg0xx_fl_atim.o(i.FL_CMU_EnableGroup4BusClock)
    FL_CMU_EnableGroup4BusClock              0x00001121   Thumb Code    12  fm33lg0xx_fl_atim.o(i.FL_CMU_EnableGroup4BusClock)
    i.FL_CMU_GetAHBClockFreq                 0x00001130   Section        0  fm33lg0xx_fl_cmu.o(i.FL_CMU_GetAHBClockFreq)
    i.FL_CMU_GetAPBClockFreq                 0x000011a8   Section        0  fm33lg0xx_fl_cmu.o(i.FL_CMU_GetAPBClockFreq)
    i.FL_CMU_GetPLLClockFreq                 0x00001220   Section        0  fm33lg0xx_fl_cmu.o(i.FL_CMU_GetPLLClockFreq)
    i.FL_CMU_GetRCHFClockFreq                0x000012cc   Section        0  fm33lg0xx_fl_cmu.o(i.FL_CMU_GetRCHFClockFreq)
    i.FL_CMU_GetRCLFClockFreq                0x0000131c   Section        0  fm33lg0xx_fl_cmu.o(i.FL_CMU_GetRCLFClockFreq)
    i.FL_CMU_GetSystemClockFreq              0x00001368   Section        0  fm33lg0xx_fl_cmu.o(i.FL_CMU_GetSystemClockFreq)
    i.FL_CMU_SetADCPrescaler                 0x000013cc   Section        0  adc_chk.o(i.FL_CMU_SetADCPrescaler)
    FL_CMU_SetADCPrescaler                   0x000013cd   Thumb Code    16  adc_chk.o(i.FL_CMU_SetADCPrescaler)
    i.FL_DelayInit                           0x000013e0   Section        0  fm33lg0xx_fl.o(i.FL_DelayInit)
    i.FL_DelayMs                             0x00001400   Section        0  fm33lg0xx_fl.o(i.FL_DelayMs)
    i.FL_DelayUs                             0x00001438   Section        0  fm33lg0xx_fl.o(i.FL_DelayUs)
    i.FL_GPIO_DisablePinAnalogSwitch         0x0000147c   Section        0  fm33lg0xx_fl_gpio.o(i.FL_GPIO_DisablePinAnalogSwitch)
    FL_GPIO_DisablePinAnalogSwitch           0x0000147d   Thumb Code    10  fm33lg0xx_fl_gpio.o(i.FL_GPIO_DisablePinAnalogSwitch)
    i.FL_GPIO_DisablePinInput                0x00001486   Section        0  fm33lg0xx_fl_gpio.o(i.FL_GPIO_DisablePinInput)
    FL_GPIO_DisablePinInput                  0x00001487   Thumb Code    10  fm33lg0xx_fl_gpio.o(i.FL_GPIO_DisablePinInput)
    i.FL_GPIO_DisablePinOpenDrain            0x00001490   Section        0  fm33lg0xx_fl_gpio.o(i.FL_GPIO_DisablePinOpenDrain)
    FL_GPIO_DisablePinOpenDrain              0x00001491   Thumb Code    10  fm33lg0xx_fl_gpio.o(i.FL_GPIO_DisablePinOpenDrain)
    i.FL_GPIO_DisablePinPullup               0x0000149a   Section        0  fm33lg0xx_fl_gpio.o(i.FL_GPIO_DisablePinPullup)
    FL_GPIO_DisablePinPullup                 0x0000149b   Thumb Code    10  fm33lg0xx_fl_gpio.o(i.FL_GPIO_DisablePinPullup)
    i.FL_GPIO_DisablePinRemap                0x000014a4   Section        0  fm33lg0xx_fl_gpio.o(i.FL_GPIO_DisablePinRemap)
    FL_GPIO_DisablePinRemap                  0x000014a5   Thumb Code    10  fm33lg0xx_fl_gpio.o(i.FL_GPIO_DisablePinRemap)
    i.FL_GPIO_GetInputPin                    0x000014ae   Section        0  test_list.o(i.FL_GPIO_GetInputPin)
    FL_GPIO_GetInputPin                      0x000014af   Thumb Code    22  test_list.o(i.FL_GPIO_GetInputPin)
    i.FL_GPIO_GetInputPin                    0x000014c4   Section        0  zdina219.o(i.FL_GPIO_GetInputPin)
    FL_GPIO_GetInputPin                      0x000014c5   Thumb Code    22  zdina219.o(i.FL_GPIO_GetInputPin)
    i.FL_GPIO_Init                           0x000014dc   Section        0  fm33lg0xx_fl_gpio.o(i.FL_GPIO_Init)
    i.FL_GPIO_ResetOutputPin                 0x000016c4   Section        0  gpio.o(i.FL_GPIO_ResetOutputPin)
    FL_GPIO_ResetOutputPin                   0x000016c5   Thumb Code     6  gpio.o(i.FL_GPIO_ResetOutputPin)
    i.FL_GPIO_ResetOutputPin                 0x000016ca   Section        0  zdina219.o(i.FL_GPIO_ResetOutputPin)
    FL_GPIO_ResetOutputPin                   0x000016cb   Thumb Code     6  zdina219.o(i.FL_GPIO_ResetOutputPin)
    i.FL_GPIO_SetOutputPin                   0x000016d0   Section        0  gpio.o(i.FL_GPIO_SetOutputPin)
    FL_GPIO_SetOutputPin                     0x000016d1   Thumb Code     6  gpio.o(i.FL_GPIO_SetOutputPin)
    i.FL_GPIO_SetOutputPin                   0x000016d6   Section        0  zdina219.o(i.FL_GPIO_SetOutputPin)
    FL_GPIO_SetOutputPin                     0x000016d7   Thumb Code     6  zdina219.o(i.FL_GPIO_SetOutputPin)
    i.FL_GPIO_SetPinMode                     0x000016dc   Section        0  fm33lg0xx_fl_gpio.o(i.FL_GPIO_SetPinMode)
    FL_GPIO_SetPinMode                       0x000016dd   Thumb Code    26  fm33lg0xx_fl_gpio.o(i.FL_GPIO_SetPinMode)
    i.FL_IWDT_Init                           0x000016f8   Section        0  fm33lg0xx_fl_iwdt.o(i.FL_IWDT_Init)
    i.FL_IWDT_ReadCounter                    0x00001818   Section        0  fm33lg0xx_fl_iwdt.o(i.FL_IWDT_ReadCounter)
    FL_IWDT_ReadCounter                      0x00001819   Thumb Code    20  fm33lg0xx_fl_iwdt.o(i.FL_IWDT_ReadCounter)
    i.FL_IWDT_StructInit                     0x0000182c   Section        0  fm33lg0xx_fl_iwdt.o(i.FL_IWDT_StructInit)
    i.FL_Init                                0x00001836   Section        0  fm33lg0xx_fl.o(i.FL_Init)
    i.FL_NVIC_Init                           0x00001840   Section        0  fm33lg0xx_fl.o(i.FL_NVIC_Init)
    i.FL_UART_EnableIT_TXShiftBuffEmpty      0x00001888   Section        0  uart5.o(i.FL_UART_EnableIT_TXShiftBuffEmpty)
    FL_UART_EnableIT_TXShiftBuffEmpty        0x00001889   Thumb Code    10  uart5.o(i.FL_UART_EnableIT_TXShiftBuffEmpty)
    i.FL_UART_EnableIT_TXShiftBuffEmpty      0x00001892   Section        0  uart1.o(i.FL_UART_EnableIT_TXShiftBuffEmpty)
    FL_UART_EnableIT_TXShiftBuffEmpty        0x00001893   Thumb Code    10  uart1.o(i.FL_UART_EnableIT_TXShiftBuffEmpty)
    i.FL_UART_EnableIT_TXShiftBuffEmpty      0x0000189c   Section        0  uart0.o(i.FL_UART_EnableIT_TXShiftBuffEmpty)
    FL_UART_EnableIT_TXShiftBuffEmpty        0x0000189d   Thumb Code    10  uart0.o(i.FL_UART_EnableIT_TXShiftBuffEmpty)
    i.FL_UART_Init                           0x000018a8   Section        0  fm33lg0xx_fl_uart.o(i.FL_UART_Init)
    i.FL_UART_WriteTXBuff                    0x00001b8c   Section        0  uart5.o(i.FL_UART_WriteTXBuff)
    FL_UART_WriteTXBuff                      0x00001b8d   Thumb Code    12  uart5.o(i.FL_UART_WriteTXBuff)
    i.FL_UART_WriteTXBuff                    0x00001b98   Section        0  uart1.o(i.FL_UART_WriteTXBuff)
    FL_UART_WriteTXBuff                      0x00001b99   Thumb Code    12  uart1.o(i.FL_UART_WriteTXBuff)
    i.FL_UART_WriteTXBuff                    0x00001ba4   Section        0  uart0.o(i.FL_UART_WriteTXBuff)
    FL_UART_WriteTXBuff                      0x00001ba5   Thumb Code    12  uart0.o(i.FL_UART_WriteTXBuff)
    i.GPIO_IRQHandler                        0x00001bb0   Section        0  gpio.o(i.GPIO_IRQHandler)
    i.GetSingleChannelSample_POLL            0x00001bd8   Section        0  adc_chk.o(i.GetSingleChannelSample_POLL)
    GetSingleChannelSample_POLL              0x00001bd9   Thumb Code   114  adc_chk.o(i.GetSingleChannelSample_POLL)
    i.GetSingleChannelVoltage_POLL           0x00001c54   Section        0  adc_chk.o(i.GetSingleChannelVoltage_POLL)
    i.GetVREF1P2Sample_POLL                  0x00001cd0   Section        0  adc_chk.o(i.GetVREF1P2Sample_POLL)
    GetVREF1P2Sample_POLL                    0x00001cd1   Thumb Code   144  adc_chk.o(i.GetVREF1P2Sample_POLL)
    i.INA219_IIC_GPIO_Init                   0x00001d6c   Section        0  zdina219.o(i.INA219_IIC_GPIO_Init)
    i.LED_FLAG_LOOP                          0x00001db0   Section        0  led_ctrl.o(i.LED_FLAG_LOOP)
    i.LED_FLAG_Run                           0x00001ddc   Section        0  led_ctrl.o(i.LED_FLAG_Run)
    i.LED_Off                                0x00001df8   Section        0  gpio.o(i.LED_Off)
    i.LED_On                                 0x00001e0c   Section        0  gpio.o(i.LED_On)
    i.MF_ADC_Common_Init                     0x00001e20   Section        0  adc_chk.o(i.MF_ADC_Common_Init)
    MF_ADC_Common_Init                       0x00001e21   Thumb Code    24  adc_chk.o(i.MF_ADC_Common_Init)
    i.MF_ADC_Init                            0x00001e38   Section        0  adc_chk.o(i.MF_ADC_Init)
    MF_ADC_Init                              0x00001e39   Thumb Code   238  adc_chk.o(i.MF_ADC_Init)
    i.MF_ADC_PC10_Config_Init                0x00001f30   Section        0  adc_chk.o(i.MF_ADC_PC10_Config_Init)
    i.MF_ATIM_Interrupt_Init                 0x00001f3c   Section        0  time.o(i.MF_ATIM_Interrupt_Init)
    i.MF_ATIM_TimerBase_Init                 0x00001f5c   Section        0  time.o(i.MF_ATIM_TimerBase_Init)
    i.MF_Clock_Init                          0x00001f8c   Section        0  mf_config.o(i.MF_Clock_Init)
    i.MF_UART0_Init                          0x00002010   Section        0  uart0.o(i.MF_UART0_Init)
    i.MF_UART0_Interrupt_Init                0x0000207c   Section        0  uart0.o(i.MF_UART0_Interrupt_Init)
    i.MF_UART1_Init                          0x000020b0   Section        0  uart1.o(i.MF_UART1_Init)
    i.MF_UART1_Interrupt_Init                0x00002114   Section        0  uart1.o(i.MF_UART1_Interrupt_Init)
    i.MF_UART5_Init                          0x00002148   Section        0  uart5.o(i.MF_UART5_Init)
    i.MF_UART5_Interrupt_Init                0x000021b0   Section        0  uart5.o(i.MF_UART5_Interrupt_Init)
    i.NVIC_SetPriority                       0x000021e4   Section        0  fm33lg0xx_fl.o(i.NVIC_SetPriority)
    NVIC_SetPriority                         0x000021e5   Thumb Code   110  fm33lg0xx_fl.o(i.NVIC_SetPriority)
    i.Others_GPIO_Init                       0x0000225c   Section        0  gpio.o(i.Others_GPIO_Init)
    i.PC_Chuankou_tongxin_Debug_send         0x000024a8   Section        0  uart1.o(i.PC_Chuankou_tongxin_Debug_send)
    i.PC_Chuankou_tongxin_send               0x000024c8   Section        0  uart1.o(i.PC_Chuankou_tongxin_send)
    i.PC_xieyifasong_1                       0x000024d8   Section        0  pc_xieyi_ctrl.o(i.PC_xieyifasong_1)
    i.PC_xieyifasong_2                       0x000024fc   Section        0  pc_xieyi_ctrl.o(i.PC_xieyifasong_2)
    i.PC_xieyijiexi                          0x0000266c   Section        0  pc_xieyi_ctrl.o(i.PC_xieyijiexi)
    i.ReadZD_Current                         0x00002744   Section        0  zdina219.o(i.ReadZD_Current)
    i.SY_dianya_CHK_CTRL_OFF                 0x00002884   Section        0  gpio.o(i.SY_dianya_CHK_CTRL_OFF)
    i.SystemCoreClockUpdate                  0x00002894   Section        0  system_fm33lg0xx.o(i.SystemCoreClockUpdate)
    i.SystemInit                             0x000029d0   Section        0  system_fm33lg0xx.o(i.SystemInit)
    i.SystemPLLClockUpdate                   0x00002acc   Section        0  system_fm33lg0xx.o(i.SystemPLLClockUpdate)
    SystemPLLClockUpdate                     0x00002acd   Thumb Code   182  system_fm33lg0xx.o(i.SystemPLLClockUpdate)
    i.TONGXIN_xieyifasong_ICDC               0x00002b9c   Section        0  tongxin_xieyi_ctrl.o(i.TONGXIN_xieyifasong_ICDC)
    i.TONGXIN_xieyifasong_NTST               0x00002bb4   Section        0  tongxin_xieyi_ctrl.o(i.TONGXIN_xieyifasong_NTST)
    i.TONGXIN_xieyijiexi                     0x00002be0   Section        0  tongxin_xieyi_ctrl.o(i.TONGXIN_xieyijiexi)
    i.UART0_IRQHandler                       0x00002d60   Section        0  uart0.o(i.UART0_IRQHandler)
    i.UART0_MF_Config_Init                   0x00002e50   Section        0  uart0.o(i.UART0_MF_Config_Init)
    i.UART0_MF_NVIC_Init                     0x00002e64   Section        0  uart0.o(i.UART0_MF_NVIC_Init)
    i.UART1_IRQHandler                       0x00002e74   Section        0  uart1.o(i.UART1_IRQHandler)
    i.UART1_MF_Config_Init                   0x00002f6c   Section        0  uart1.o(i.UART1_MF_Config_Init)
    i.UART1_MF_NVIC_Init                     0x00002f80   Section        0  uart1.o(i.UART1_MF_NVIC_Init)
    i.UART5_IRQHandler                       0x00002f90   Section        0  uart5.o(i.UART5_IRQHandler)
    i.UART5_MF_Config_Init                   0x00003080   Section        0  uart5.o(i.UART5_MF_Config_Init)
    i.UART5_MF_NVIC_Init                     0x00003094   Section        0  uart5.o(i.UART5_MF_NVIC_Init)
    i.UART_TX_state_change                   0x000030a4   Section        0  uart1.o(i.UART_TX_state_change)
    i.Uart0_Rx_rec                           0x000030d8   Section        0  uart0.o(i.Uart0_Rx_rec)
    i.Uart0_Tx_Send                          0x00003130   Section        0  uart0.o(i.Uart0_Tx_Send)
    i.Uart0_Tx_Send_init                     0x000031a4   Section        0  uart0.o(i.Uart0_Tx_Send_init)
    i.Uart1_Rx_rec                           0x000031b4   Section        0  uart1.o(i.Uart1_Rx_rec)
    i.Uart1_Tx_Send                          0x00003220   Section        0  uart1.o(i.Uart1_Tx_Send)
    i.Uart1_Tx_Send_init                     0x00003298   Section        0  uart1.o(i.Uart1_Tx_Send_init)
    i.Uart5_Rx_rec                           0x000032b0   Section        0  uart5.o(i.Uart5_Rx_rec)
    i.Uart5_Tx_Send                          0x00003300   Section        0  uart5.o(i.Uart5_Tx_Send)
    i.Uart5_Tx_Send_init                     0x00003374   Section        0  uart5.o(i.Uart5_Tx_Send_init)
    i.Uart_shineng_OFF                       0x00003384   Section        0  gpio.o(i.Uart_shineng_OFF)
    i.Uart_shineng_ON                        0x00003398   Section        0  gpio.o(i.Uart_shineng_ON)
    i.VCC_dianya_CHK_CTRL_OFF                0x000033ac   Section        0  gpio.o(i.VCC_dianya_CHK_CTRL_OFF)
    i.VCC_dianya_CHK_CTRL_ON                 0x000033bc   Section        0  gpio.o(i.VCC_dianya_CHK_CTRL_ON)
    i.WatchDog_Init                          0x000033cc   Section        0  wtd.o(i.WatchDog_Init)
    i.ZDINA219_IIC_Delay                     0x000033fc   Section        0  zdina219.o(i.ZDINA219_IIC_Delay)
    i.ZDINA219_IIC_RevByte                   0x0000340c   Section        0  zdina219.o(i.ZDINA219_IIC_RevByte)
    i.ZDINA219_IIC_RevBytes                  0x0000345c   Section        0  zdina219.o(i.ZDINA219_IIC_RevBytes)
    i.ZDINA219_IIC_SendByte                  0x000034c0   Section        0  zdina219.o(i.ZDINA219_IIC_SendByte)
    i.ZDINA219_IIC_SendBytes                 0x00003544   Section        0  zdina219.o(i.ZDINA219_IIC_SendBytes)
    i.ZDINA219_IIC_Start                     0x00003560   Section        0  zdina219.o(i.ZDINA219_IIC_Start)
    i.ZDINA219_IIC_Stop                      0x00003586   Section        0  zdina219.o(i.ZDINA219_IIC_Stop)
    i.ZDINA219_SCL                           0x000035b8   Section        0  zdina219.o(i.ZDINA219_SCL)
    i.ZDINA219_SDA                           0x000035dc   Section        0  zdina219.o(i.ZDINA219_SDA)
    i.ZDINA219_SDA_OUT_Dir_CTL               0x00003600   Section        0  zdina219.o(i.ZDINA219_SDA_OUT_Dir_CTL)
    i.__0vsnprintf                           0x00003638   Section        0  printfa.o(i.__0vsnprintf)
    i.__ARM_clz                              0x00003664   Section        0  depilogue.o(i.__ARM_clz)
    i.__ARM_common_ll_muluu                  0x00003692   Section        0  adc_chk.o(i.__ARM_common_ll_muluu)
    i.__ARM_common_switch8                   0x000036c2   Section        0  test_list.o(i.__ARM_common_switch8)
    i.__scatterload_copy                     0x000036de   Section       14  handlers.o(i.__scatterload_copy)
    i.__scatterload_null                     0x000036ec   Section        2  handlers.o(i.__scatterload_null)
    i.__scatterload_zeroinit                 0x000036ee   Section       14  handlers.o(i.__scatterload_zeroinit)
    i._fp_digits                             0x000036fc   Section        0  printfa.o(i._fp_digits)
    _fp_digits                               0x000036fd   Thumb Code   344  printfa.o(i._fp_digits)
    i._printf_core                           0x00003870   Section        0  printfa.o(i._printf_core)
    _printf_core                             0x00003871   Thumb Code  1754  printfa.o(i._printf_core)
    i._printf_post_padding                   0x00003f5c   Section        0  printfa.o(i._printf_post_padding)
    _printf_post_padding                     0x00003f5d   Thumb Code    32  printfa.o(i._printf_post_padding)
    i._printf_pre_padding                    0x00003f7c   Section        0  printfa.o(i._printf_pre_padding)
    _printf_pre_padding                      0x00003f7d   Thumb Code    44  printfa.o(i._printf_pre_padding)
    i._snputc                                0x00003fa8   Section        0  printfa.o(i._snputc)
    _snputc                                  0x00003fa9   Thumb Code    22  printfa.o(i._snputc)
    i.beidian_gongdian_OFF                   0x00003fc0   Section        0  gpio.o(i.beidian_gongdian_OFF)
    i.beidian_gongdian_On                    0x00003fd0   Section        0  gpio.o(i.beidian_gongdian_On)
    i.bijiao_zifuchuan                       0x00003fe0   Section        0  tongxin_xieyi_ctrl.o(i.bijiao_zifuchuan)
    i.dianlu_119_OFF                         0x00004004   Section        0  gpio.o(i.dianlu_119_OFF)
    i.erji_dianya_CHK_CTRL_OFF               0x00004018   Section        0  gpio.o(i.erji_dianya_CHK_CTRL_OFF)
    i.erji_dianya_CHK_CTRL_ON                0x0000402c   Section        0  gpio.o(i.erji_dianya_CHK_CTRL_ON)
    i.get_VCC_weizhi_dianya                  0x00004040   Section        0  adc_chk.o(i.get_VCC_weizhi_dianya)
    i.get_erjidianyuan_weizhi_dianya         0x0000405c   Section        0  adc_chk.o(i.get_erjidianyuan_weizhi_dianya)
    i.get_zhudian_gongdian_weizhi_dianya     0x0000407a   Section        0  adc_chk.o(i.get_zhudian_gongdian_weizhi_dianya)
    i.gongwei_jiance                         0x00004090   Section        0  test_list.o(i.gongwei_jiance)
    i.main                                   0x0000410c   Section        0  main.o(i.main)
    i.test_Init                              0x00004154   Section        0  main.o(i.test_Init)
    i.test_Loop_Func                         0x0000417c   Section        0  test_list.o(i.test_Loop_Func)
    i.test_err_end_Func                      0x00004390   Section        0  test_list.o(i.test_err_end_Func)
    i.test_jieguo_qingling                   0x000043ac   Section        0  test_list.o(i.test_jieguo_qingling)
    i.test_start                             0x000043e8   Section        0  test_list.o(i.test_start)
    i.test_start_Init                        0x00004440   Section        0  test_list.o(i.test_start_Init)
    i.test_testend                           0x00004464   Section        0  test_list.o(i.test_testend)
    i.zhudian_dianya_CHK_CTRL_OFF            0x00004480   Section        0  gpio.o(i.zhudian_dianya_CHK_CTRL_OFF)
    i.zhudian_gongdian_OFF                   0x00004490   Section        0  gpio.o(i.zhudian_gongdian_OFF)
    i.zhudian_gongdian_On                    0x000044a0   Section        0  gpio.o(i.zhudian_gongdian_On)
    .data                                    0x20000000   Section        1  main.o(.data)
    .data                                    0x20000002   Section        8  uart5.o(.data)
    .data                                    0x2000000a   Section        6  uart1.o(.data)
    .data                                    0x20000010   Section        2  led_ctrl.o(.data)
    .data                                    0x20000012   Section        2  test_list.o(.data)
    .data                                    0x20000014   Section        2  zdina219.o(.data)
    .data                                    0x20000016   Section        6  uart0.o(.data)
    .data                                    0x2000001c   Section        5  pc_xieyi_ctrl.o(.data)
    .data                                    0x20000021   Section       55  tongxin_xieyi_ctrl.o(.data)
    .data                                    0x20000058   Section       12  system_fm33lg0xx.o(.data)
    .bss                                     0x20000064   Section      616  uart5.o(.bss)
    .bss                                     0x200002cc   Section      616  uart1.o(.bss)
    .bss                                     0x20000534   Section       92  test_list.o(.bss)
    .bss                                     0x20000590   Section       30  zdina219.o(.bss)
    .bss                                     0x200005b0   Section      616  uart0.o(.bss)
    .bss                                     0x20000818   Section      200  pc_xieyi_ctrl.o(.bss)
    STACK                                    0x200008e0   Section     2048  startup_fm33lg0xx.o(STACK)

    Global Symbols

    Symbol Name                              Value     Ov Type        Size  Object(Section)

    BuildAttributes$$THM_ISAv3M$S$PE$A:L22$X:L11$S22$IEEE1$IW$USESV6$~STKCKD$USESV7$~SHL$OTIME$ROPI$EBA8$MICROLIB$REQ8$PRES8$EABIv2 0x00000000   Number         0  anon$$obj.o ABSOLUTE
    __ARM_use_no_argv                        0x00000000   Number         0  main.o ABSOLUTE
    __Vectors                                0x00000000   Data           4  startup_fm33lg0xx.o(RESET)
    __cpp_initialize__aeabi_                  - Undefined Weak Reference
    __cxa_finalize                            - Undefined Weak Reference
    __decompress                              - Undefined Weak Reference
    _clock_init                               - Undefined Weak Reference
    _microlib_exit                            - Undefined Weak Reference
    __Vectors_End                            0x000000c0   Data           0  startup_fm33lg0xx.o(RESET)
    __Vectors_Size                           0x000000c0   Number         0  startup_fm33lg0xx.o ABSOLUTE
    __main                                   0x000000c1   Thumb Code     0  entry.o(.ARM.Collect$$$$00000000)
    _main_stk                                0x000000c1   Thumb Code     0  entry2.o(.ARM.Collect$$$$00000001)
    _main_scatterload                        0x000000c5   Thumb Code     0  entry5.o(.ARM.Collect$$$$00000004)
    __main_after_scatterload                 0x000000c9   Thumb Code     0  entry5.o(.ARM.Collect$$$$00000004)
    _main_clock                              0x000000c9   Thumb Code     0  entry7b.o(.ARM.Collect$$$$00000008)
    _main_cpp_init                           0x000000c9   Thumb Code     0  entry8b.o(.ARM.Collect$$$$0000000A)
    _main_init                               0x000000c9   Thumb Code     0  entry9a.o(.ARM.Collect$$$$0000000B)
    __rt_final_cpp                           0x000000d1   Thumb Code     0  entry10a.o(.ARM.Collect$$$$0000000D)
    __rt_final_exit                          0x000000d1   Thumb Code     0  entry11a.o(.ARM.Collect$$$$0000000F)
    Reset_Handler                            0x000000d5   Thumb Code     8  startup_fm33lg0xx.o(.text)
    NMI_Handler                              0x000000dd   Thumb Code     2  startup_fm33lg0xx.o(.text)
    HardFault_Handler                        0x000000df   Thumb Code     2  startup_fm33lg0xx.o(.text)
    SVC_Handler                              0x000000e1   Thumb Code     2  startup_fm33lg0xx.o(.text)
    PendSV_Handler                           0x000000e3   Thumb Code     2  startup_fm33lg0xx.o(.text)
    SysTick_Handler                          0x000000e5   Thumb Code     2  startup_fm33lg0xx.o(.text)
    ADC_IRQHandler                           0x000000e7   Thumb Code     0  startup_fm33lg0xx.o(.text)
    AES_IRQHandler                           0x000000e7   Thumb Code     0  startup_fm33lg0xx.o(.text)
    BSTIM_IRQHandler                         0x000000e7   Thumb Code     0  startup_fm33lg0xx.o(.text)
    CAN_IRQHandler                           0x000000e7   Thumb Code     0  startup_fm33lg0xx.o(.text)
    CCL_IRQHandler                           0x000000e7   Thumb Code     0  startup_fm33lg0xx.o(.text)
    COMPx_IRQHandler                         0x000000e7   Thumb Code     0  startup_fm33lg0xx.o(.text)
    DAC_IRQHandler                           0x000000e7   Thumb Code     0  startup_fm33lg0xx.o(.text)
    DMA_IRQHandler                           0x000000e7   Thumb Code     0  startup_fm33lg0xx.o(.text)
    FDET_IRQHandler                          0x000000e7   Thumb Code     0  startup_fm33lg0xx.o(.text)
    FLASH_IRQHandler                         0x000000e7   Thumb Code     0  startup_fm33lg0xx.o(.text)
    GPTIM0_1_IRQHandler                      0x000000e7   Thumb Code     0  startup_fm33lg0xx.o(.text)
    GPTIM2_IRQHandler                        0x000000e7   Thumb Code     0  startup_fm33lg0xx.o(.text)
    I2C_IRQHandler                           0x000000e7   Thumb Code     0  startup_fm33lg0xx.o(.text)
    LPTIM_IRQHandler                         0x000000e7   Thumb Code     0  startup_fm33lg0xx.o(.text)
    LPUARTx_IRQHandler                       0x000000e7   Thumb Code     0  startup_fm33lg0xx.o(.text)
    LUT_IRQHandler                           0x000000e7   Thumb Code     0  startup_fm33lg0xx.o(.text)
    RTC_IRQHandler                           0x000000e7   Thumb Code     0  startup_fm33lg0xx.o(.text)
    SPI0_IRQHandler                          0x000000e7   Thumb Code     0  startup_fm33lg0xx.o(.text)
    SPI1_IRQHandler                          0x000000e7   Thumb Code     0  startup_fm33lg0xx.o(.text)
    SPI2_IRQHandler                          0x000000e7   Thumb Code     0  startup_fm33lg0xx.o(.text)
    SVD_IRQHandler                           0x000000e7   Thumb Code     0  startup_fm33lg0xx.o(.text)
    U7816_IRQHandler                         0x000000e7   Thumb Code     0  startup_fm33lg0xx.o(.text)
    UART3_IRQHandler                         0x000000e7   Thumb Code     0  startup_fm33lg0xx.o(.text)
    UART4_IRQHandler                         0x000000e7   Thumb Code     0  startup_fm33lg0xx.o(.text)
    VREF_IRQHandler                          0x000000e7   Thumb Code     0  startup_fm33lg0xx.o(.text)
    WDT_IRQHandler                           0x000000e7   Thumb Code     0  startup_fm33lg0xx.o(.text)
    WKUPx_IRQHandler                         0x000000e7   Thumb Code     0  startup_fm33lg0xx.o(.text)
    __aeabi_uidiv                            0x000000f1   Thumb Code     0  uidiv.o(.text)
    __aeabi_uidivmod                         0x000000f1   Thumb Code    44  uidiv.o(.text)
    __aeabi_idiv                             0x0000011d   Thumb Code     0  idiv.o(.text)
    __aeabi_idivmod                          0x0000011d   Thumb Code    40  idiv.o(.text)
    __aeabi_uldivmod                         0x00000145   Thumb Code    96  uldiv.o(.text)
    __aeabi_lmul                             0x000001a5   Thumb Code   122  llmul.o(.text)
    _ll_mul                                  0x000001a5   Thumb Code     0  llmul.o(.text)
    __aeabi_memcpy                           0x0000021f   Thumb Code    36  memcpya.o(.text)
    __aeabi_memcpy4                          0x0000021f   Thumb Code     0  memcpya.o(.text)
    __aeabi_memcpy8                          0x0000021f   Thumb Code     0  memcpya.o(.text)
    __aeabi_memset                           0x00000243   Thumb Code    14  memseta.o(.text)
    __aeabi_memset4                          0x00000243   Thumb Code     0  memseta.o(.text)
    __aeabi_memset8                          0x00000243   Thumb Code     0  memseta.o(.text)
    __aeabi_memclr                           0x00000251   Thumb Code     4  memseta.o(.text)
    __aeabi_memclr4                          0x00000251   Thumb Code     0  memseta.o(.text)
    __aeabi_memclr8                          0x00000251   Thumb Code     0  memseta.o(.text)
    _memset$wrapper                          0x00000255   Thumb Code    18  memseta.o(.text)
    __aeabi_dadd                             0x00000269   Thumb Code   328  dadd.o(.text)
    __aeabi_dsub                             0x000003b1   Thumb Code    12  dadd.o(.text)
    __aeabi_drsub                            0x000003bd   Thumb Code    12  dadd.o(.text)
    __aeabi_dmul                             0x000003cd   Thumb Code   202  dmul.o(.text)
    __aeabi_ddiv                             0x0000049d   Thumb Code   234  ddiv.o(.text)
    __aeabi_llsl                             0x0000058d   Thumb Code    32  llshl.o(.text)
    _ll_shift_l                              0x0000058d   Thumb Code     0  llshl.o(.text)
    __aeabi_llsr                             0x000005ad   Thumb Code    34  llushr.o(.text)
    _ll_ushift_r                             0x000005ad   Thumb Code     0  llushr.o(.text)
    __aeabi_lasr                             0x000005cf   Thumb Code    38  llsshr.o(.text)
    _ll_sshift_r                             0x000005cf   Thumb Code     0  llsshr.o(.text)
    __I$use$fp                               0x000005f5   Thumb Code     0  iusefp.o(.text)
    _double_round                            0x000005f5   Thumb Code    26  depilogue.o(.text)
    _double_epilogue                         0x0000060f   Thumb Code   164  depilogue.o(.text)
    __aeabi_d2ulz                            0x000006b5   Thumb Code    54  dfixul.o(.text)
    __aeabi_cdrcmple                         0x000006f5   Thumb Code    38  cdrcmple.o(.text)
    __scatterload                            0x0000071d   Thumb Code    28  init.o(.text)
    __scatterload_rt2                        0x0000071d   Thumb Code     0  init.o(.text)
    ANJIAN_1_OFF                             0x00000741   Thumb Code    14  gpio.o(i.ANJIAN_1_OFF)
    ANJIAN_2_OFF                             0x00000755   Thumb Code    14  gpio.o(i.ANJIAN_2_OFF)
    ANJIAN_3_OFF                             0x00000769   Thumb Code    14  gpio.o(i.ANJIAN_3_OFF)
    ANJIAN_4_OFF                             0x0000077d   Thumb Code    14  gpio.o(i.ANJIAN_4_OFF)
    ATIM_IRQHandler                          0x00000791   Thumb Code   174  time.o(i.ATIM_IRQHandler)
    ATIM_Init                                0x0000085d   Thumb Code    20  time.o(i.ATIM_Init)
    ATIM_NVIC_Init                           0x00000871   Thumb Code    16  time.o(i.ATIM_NVIC_Init)
    ATIM_Start                               0x00000881   Thumb Code    18  time.o(i.ATIM_Start)
    CheckZDCurrent                           0x00000899   Thumb Code   156  zdina219.o(i.CheckZDCurrent)
    Current_CHK_CTRL_OFF                     0x00000935   Thumb Code    12  gpio.o(i.Current_CHK_CTRL_OFF)
    Current_CHK_Func                         0x00000945   Thumb Code    22  zdina219.o(i.Current_CHK_Func)
    DeBug_print                              0x0000095d   Thumb Code    62  uart1.o(i.DeBug_print)
    FL_ADC_CommonInit                        0x000009a9   Thumb Code   386  fm33lg0xx_fl_adc.o(i.FL_ADC_CommonInit)
    FL_ADC_Init                              0x00000b81   Thumb Code   890  fm33lg0xx_fl_adc.o(i.FL_ADC_Init)
    FL_ATIM_Init                             0x00000f31   Thumb Code   400  fm33lg0xx_fl_atim.o(i.FL_ATIM_Init)
    FL_CMU_GetAHBClockFreq                   0x00001131   Thumb Code   114  fm33lg0xx_fl_cmu.o(i.FL_CMU_GetAHBClockFreq)
    FL_CMU_GetAPBClockFreq                   0x000011a9   Thumb Code   114  fm33lg0xx_fl_cmu.o(i.FL_CMU_GetAPBClockFreq)
    FL_CMU_GetPLLClockFreq                   0x00001221   Thumb Code   162  fm33lg0xx_fl_cmu.o(i.FL_CMU_GetPLLClockFreq)
    FL_CMU_GetRCHFClockFreq                  0x000012cd   Thumb Code    60  fm33lg0xx_fl_cmu.o(i.FL_CMU_GetRCHFClockFreq)
    FL_CMU_GetRCLFClockFreq                  0x0000131d   Thumb Code    70  fm33lg0xx_fl_cmu.o(i.FL_CMU_GetRCLFClockFreq)
    FL_CMU_GetSystemClockFreq                0x00001369   Thumb Code    86  fm33lg0xx_fl_cmu.o(i.FL_CMU_GetSystemClockFreq)
    FL_DelayInit                             0x000013e1   Thumb Code    26  fm33lg0xx_fl.o(i.FL_DelayInit)
    FL_DelayMs                               0x00001401   Thumb Code    46  fm33lg0xx_fl.o(i.FL_DelayMs)
    FL_DelayUs                               0x00001439   Thumb Code    56  fm33lg0xx_fl.o(i.FL_DelayUs)
    FL_GPIO_Init                             0x000014dd   Thumb Code   470  fm33lg0xx_fl_gpio.o(i.FL_GPIO_Init)
    FL_IWDT_Init                             0x000016f9   Thumb Code   272  fm33lg0xx_fl_iwdt.o(i.FL_IWDT_Init)
    FL_IWDT_StructInit                       0x0000182d   Thumb Code    10  fm33lg0xx_fl_iwdt.o(i.FL_IWDT_StructInit)
    FL_Init                                  0x00001837   Thumb Code     8  fm33lg0xx_fl.o(i.FL_Init)
    FL_NVIC_Init                             0x00001841   Thumb Code    68  fm33lg0xx_fl.o(i.FL_NVIC_Init)
    FL_UART_Init                             0x000018a9   Thumb Code   712  fm33lg0xx_fl_uart.o(i.FL_UART_Init)
    GPIO_IRQHandler                          0x00001bb1   Thumb Code    34  gpio.o(i.GPIO_IRQHandler)
    GetSingleChannelVoltage_POLL             0x00001c55   Thumb Code   110  adc_chk.o(i.GetSingleChannelVoltage_POLL)
    INA219_IIC_GPIO_Init                     0x00001d6d   Thumb Code    64  zdina219.o(i.INA219_IIC_GPIO_Init)
    LED_FLAG_LOOP                            0x00001db1   Thumb Code    36  led_ctrl.o(i.LED_FLAG_LOOP)
    LED_FLAG_Run                             0x00001ddd   Thumb Code    20  led_ctrl.o(i.LED_FLAG_Run)
    LED_Off                                  0x00001df9   Thumb Code    14  gpio.o(i.LED_Off)
    LED_On                                   0x00001e0d   Thumb Code    14  gpio.o(i.LED_On)
    MF_ADC_PC10_Config_Init                  0x00001f31   Thumb Code    12  adc_chk.o(i.MF_ADC_PC10_Config_Init)
    MF_ATIM_Interrupt_Init                   0x00001f3d   Thumb Code    28  time.o(i.MF_ATIM_Interrupt_Init)
    MF_ATIM_TimerBase_Init                   0x00001f5d   Thumb Code    40  time.o(i.MF_ATIM_TimerBase_Init)
    MF_Clock_Init                            0x00001f8d   Thumb Code   122  mf_config.o(i.MF_Clock_Init)
    MF_UART0_Init                            0x00002011   Thumb Code   100  uart0.o(i.MF_UART0_Init)
    MF_UART0_Interrupt_Init                  0x0000207d   Thumb Code    46  uart0.o(i.MF_UART0_Interrupt_Init)
    MF_UART1_Init                            0x000020b1   Thumb Code    92  uart1.o(i.MF_UART1_Init)
    MF_UART1_Interrupt_Init                  0x00002115   Thumb Code    46  uart1.o(i.MF_UART1_Interrupt_Init)
    MF_UART5_Init                            0x00002149   Thumb Code    96  uart5.o(i.MF_UART5_Init)
    MF_UART5_Interrupt_Init                  0x000021b1   Thumb Code    46  uart5.o(i.MF_UART5_Interrupt_Init)
    Others_GPIO_Init                         0x0000225d   Thumb Code   578  gpio.o(i.Others_GPIO_Init)
    PC_Chuankou_tongxin_Debug_send           0x000024a9   Thumb Code    28  uart1.o(i.PC_Chuankou_tongxin_Debug_send)
    PC_Chuankou_tongxin_send                 0x000024c9   Thumb Code    16  uart1.o(i.PC_Chuankou_tongxin_send)
    PC_xieyifasong_1                         0x000024d9   Thumb Code    28  pc_xieyi_ctrl.o(i.PC_xieyifasong_1)
    PC_xieyifasong_2                         0x000024fd   Thumb Code   360  pc_xieyi_ctrl.o(i.PC_xieyifasong_2)
    PC_xieyijiexi                            0x0000266d   Thumb Code   206  pc_xieyi_ctrl.o(i.PC_xieyijiexi)
    ReadZD_Current                           0x00002745   Thumb Code   308  zdina219.o(i.ReadZD_Current)
    SY_dianya_CHK_CTRL_OFF                   0x00002885   Thumb Code    12  gpio.o(i.SY_dianya_CHK_CTRL_OFF)
    SystemCoreClockUpdate                    0x00002895   Thumb Code   282  system_fm33lg0xx.o(i.SystemCoreClockUpdate)
    SystemInit                               0x000029d1   Thumb Code   230  system_fm33lg0xx.o(i.SystemInit)
    TONGXIN_xieyifasong_ICDC                 0x00002b9d   Thumb Code    20  tongxin_xieyi_ctrl.o(i.TONGXIN_xieyifasong_ICDC)
    TONGXIN_xieyifasong_NTST                 0x00002bb5   Thumb Code    34  tongxin_xieyi_ctrl.o(i.TONGXIN_xieyifasong_NTST)
    TONGXIN_xieyijiexi                       0x00002be1   Thumb Code   302  tongxin_xieyi_ctrl.o(i.TONGXIN_xieyijiexi)
    UART0_IRQHandler                         0x00002d61   Thumb Code   214  uart0.o(i.UART0_IRQHandler)
    UART0_MF_Config_Init                     0x00002e51   Thumb Code    20  uart0.o(i.UART0_MF_Config_Init)
    UART0_MF_NVIC_Init                       0x00002e65   Thumb Code    16  uart0.o(i.UART0_MF_NVIC_Init)
    UART1_IRQHandler                         0x00002e75   Thumb Code   218  uart1.o(i.UART1_IRQHandler)
    UART1_MF_Config_Init                     0x00002f6d   Thumb Code    20  uart1.o(i.UART1_MF_Config_Init)
    UART1_MF_NVIC_Init                       0x00002f81   Thumb Code    16  uart1.o(i.UART1_MF_NVIC_Init)
    UART5_IRQHandler                         0x00002f91   Thumb Code   214  uart5.o(i.UART5_IRQHandler)
    UART5_MF_Config_Init                     0x00003081   Thumb Code    20  uart5.o(i.UART5_MF_Config_Init)
    UART5_MF_NVIC_Init                       0x00003095   Thumb Code    16  uart5.o(i.UART5_MF_NVIC_Init)
    UART_TX_state_change                     0x000030a5   Thumb Code    48  uart1.o(i.UART_TX_state_change)
    Uart0_Rx_rec                             0x000030d9   Thumb Code    68  uart0.o(i.Uart0_Rx_rec)
    Uart0_Tx_Send                            0x00003131   Thumb Code    98  uart0.o(i.Uart0_Tx_Send)
    Uart0_Tx_Send_init                       0x000031a5   Thumb Code    10  uart0.o(i.Uart0_Tx_Send_init)
    Uart1_Rx_rec                             0x000031b5   Thumb Code    84  uart1.o(i.Uart1_Rx_rec)
    Uart1_Tx_Send                            0x00003221   Thumb Code   104  uart1.o(i.Uart1_Tx_Send)
    Uart1_Tx_Send_init                       0x00003299   Thumb Code    18  uart1.o(i.Uart1_Tx_Send_init)
    Uart5_Rx_rec                             0x000032b1   Thumb Code    58  uart5.o(i.Uart5_Rx_rec)
    Uart5_Tx_Send                            0x00003301   Thumb Code    98  uart5.o(i.Uart5_Tx_Send)
    Uart5_Tx_Send_init                       0x00003375   Thumb Code    10  uart5.o(i.Uart5_Tx_Send_init)
    Uart_shineng_OFF                         0x00003385   Thumb Code    14  gpio.o(i.Uart_shineng_OFF)
    Uart_shineng_ON                          0x00003399   Thumb Code    14  gpio.o(i.Uart_shineng_ON)
    VCC_dianya_CHK_CTRL_OFF                  0x000033ad   Thumb Code    12  gpio.o(i.VCC_dianya_CHK_CTRL_OFF)
    VCC_dianya_CHK_CTRL_ON                   0x000033bd   Thumb Code    12  gpio.o(i.VCC_dianya_CHK_CTRL_ON)
    WatchDog_Init                            0x000033cd   Thumb Code    38  wtd.o(i.WatchDog_Init)
    ZDINA219_IIC_Delay                       0x000033fd   Thumb Code    16  zdina219.o(i.ZDINA219_IIC_Delay)
    ZDINA219_IIC_RevByte                     0x0000340d   Thumb Code    76  zdina219.o(i.ZDINA219_IIC_RevByte)
    ZDINA219_IIC_RevBytes                    0x0000345d   Thumb Code    98  zdina219.o(i.ZDINA219_IIC_RevBytes)
    ZDINA219_IIC_SendByte                    0x000034c1   Thumb Code   128  zdina219.o(i.ZDINA219_IIC_SendByte)
    ZDINA219_IIC_SendBytes                   0x00003545   Thumb Code    28  zdina219.o(i.ZDINA219_IIC_SendBytes)
    ZDINA219_IIC_Start                       0x00003561   Thumb Code    38  zdina219.o(i.ZDINA219_IIC_Start)
    ZDINA219_IIC_Stop                        0x00003587   Thumb Code    48  zdina219.o(i.ZDINA219_IIC_Stop)
    ZDINA219_SCL                             0x000035b9   Thumb Code    30  zdina219.o(i.ZDINA219_SCL)
    ZDINA219_SDA                             0x000035dd   Thumb Code    30  zdina219.o(i.ZDINA219_SDA)
    ZDINA219_SDA_OUT_Dir_CTL                 0x00003601   Thumb Code    50  zdina219.o(i.ZDINA219_SDA_OUT_Dir_CTL)
    __0vsnprintf                             0x00003639   Thumb Code    40  printfa.o(i.__0vsnprintf)
    __1vsnprintf                             0x00003639   Thumb Code     0  printfa.o(i.__0vsnprintf)
    __2vsnprintf                             0x00003639   Thumb Code     0  printfa.o(i.__0vsnprintf)
    __c89vsnprintf                           0x00003639   Thumb Code     0  printfa.o(i.__0vsnprintf)
    vsnprintf                                0x00003639   Thumb Code     0  printfa.o(i.__0vsnprintf)
    __ARM_clz                                0x00003665   Thumb Code    46  depilogue.o(i.__ARM_clz)
    __ARM_common_ll_muluu                    0x00003693   Thumb Code    48  adc_chk.o(i.__ARM_common_ll_muluu)
    __ARM_common_switch8                     0x000036c3   Thumb Code    28  test_list.o(i.__ARM_common_switch8)
    __scatterload_copy                       0x000036df   Thumb Code    14  handlers.o(i.__scatterload_copy)
    __scatterload_null                       0x000036ed   Thumb Code     2  handlers.o(i.__scatterload_null)
    __scatterload_zeroinit                   0x000036ef   Thumb Code    14  handlers.o(i.__scatterload_zeroinit)
    beidian_gongdian_OFF                     0x00003fc1   Thumb Code    12  gpio.o(i.beidian_gongdian_OFF)
    beidian_gongdian_On                      0x00003fd1   Thumb Code    12  gpio.o(i.beidian_gongdian_On)
    bijiao_zifuchuan                         0x00003fe1   Thumb Code    36  tongxin_xieyi_ctrl.o(i.bijiao_zifuchuan)
    dianlu_119_OFF                           0x00004005   Thumb Code    14  gpio.o(i.dianlu_119_OFF)
    erji_dianya_CHK_CTRL_OFF                 0x00004019   Thumb Code    14  gpio.o(i.erji_dianya_CHK_CTRL_OFF)
    erji_dianya_CHK_CTRL_ON                  0x0000402d   Thumb Code    14  gpio.o(i.erji_dianya_CHK_CTRL_ON)
    get_VCC_weizhi_dianya                    0x00004041   Thumb Code    28  adc_chk.o(i.get_VCC_weizhi_dianya)
    get_erjidianyuan_weizhi_dianya           0x0000405d   Thumb Code    30  adc_chk.o(i.get_erjidianyuan_weizhi_dianya)
    get_zhudian_gongdian_weizhi_dianya       0x0000407b   Thumb Code    20  adc_chk.o(i.get_zhudian_gongdian_weizhi_dianya)
    gongwei_jiance                           0x00004091   Thumb Code    98  test_list.o(i.gongwei_jiance)
    main                                     0x0000410d   Thumb Code    64  main.o(i.main)
    test_Init                                0x00004155   Thumb Code    40  main.o(i.test_Init)
    test_Loop_Func                           0x0000417d   Thumb Code   430  test_list.o(i.test_Loop_Func)
    test_err_end_Func                        0x00004391   Thumb Code    24  test_list.o(i.test_err_end_Func)
    test_jieguo_qingling                     0x000043ad   Thumb Code    56  test_list.o(i.test_jieguo_qingling)
    test_start                               0x000043e9   Thumb Code    38  test_list.o(i.test_start)
    test_start_Init                          0x00004441   Thumb Code    36  test_list.o(i.test_start_Init)
    test_testend                             0x00004465   Thumb Code    18  test_list.o(i.test_testend)
    zhudian_dianya_CHK_CTRL_OFF              0x00004481   Thumb Code    12  gpio.o(i.zhudian_dianya_CHK_CTRL_OFF)
    zhudian_gongdian_OFF                     0x00004491   Thumb Code    12  gpio.o(i.zhudian_gongdian_OFF)
    zhudian_gongdian_On                      0x000044a1   Thumb Code    12  gpio.o(i.zhudian_gongdian_On)
    Region$$Table$$Base                      0x000044b0   Number         0  anon$$obj.o(Region$$Table)
    Region$$Table$$Limit                     0x000044d0   Number         0  anon$$obj.o(Region$$Table)
    Debug_Mode                               0x20000000   Data           1  main.o(.data)
    uart5_Rec_shuju_flag                     0x20000002   Data           1  uart5.o(.data)
    uart5_Rec_shuju_neirong_count            0x20000004   Data           2  uart5.o(.data)
    chaoshi_dengdai                          0x20000006   Data           2  uart5.o(.data)
    uart5_Rec_shuju_time_count               0x20000008   Data           2  uart5.o(.data)
    send_over_flag                           0x2000000a   Data           1  uart1.o(.data)
    uart1_Rec_shuju_flag                     0x2000000b   Data           1  uart1.o(.data)
    uart1_Rec_shuju_neirong_count            0x2000000c   Data           2  uart1.o(.data)
    uart1_Rec_shuju_time_count               0x2000000e   Data           2  uart1.o(.data)
    LED_thing_FLAG                           0x20000010   Data           1  led_ctrl.o(.data)
    LED_thing_time                           0x20000011   Data           1  led_ctrl.o(.data)
    Test_liucheng_L                          0x20000012   Data           1  test_list.o(.data)
    test_xieyi_jilu_Rec                      0x20000013   Data           1  test_list.o(.data)
    ZDINA219Buff                             0x20000014   Data           2  zdina219.o(.data)
    uart0_Rec_shuju_flag                     0x20000016   Data           1  uart0.o(.data)
    uart0_Rec_shuju_neirong_count            0x20000018   Data           2  uart0.o(.data)
    uart0_Rec_shuju_time_count               0x2000001a   Data           2  uart0.o(.data)
    xieyi1_fanhui                            0x2000001c   Data           5  pc_xieyi_ctrl.o(.data)
    NTST_SET                                 0x20000021   Data          20  tongxin_xieyi_ctrl.o(.data)
    ICDC_SET                                 0x20000035   Data           7  tongxin_xieyi_ctrl.o(.data)
    NTST_Receive                             0x2000003c   Data           6  tongxin_xieyi_ctrl.o(.data)
    Get_IMEI                                 0x20000042   Data           7  tongxin_xieyi_ctrl.o(.data)
    Get_ICCID                                0x20000049   Data           8  tongxin_xieyi_ctrl.o(.data)
    Get_CSQ                                  0x20000051   Data           6  tongxin_xieyi_ctrl.o(.data)
    get_imei_ICCID_flag                      0x20000057   Data           1  tongxin_xieyi_ctrl.o(.data)
    XTLFClock                                0x20000058   Data           4  system_fm33lg0xx.o(.data)
    XTHFClock                                0x2000005c   Data           4  system_fm33lg0xx.o(.data)
    SystemCoreClock                          0x20000060   Data           4  system_fm33lg0xx.o(.data)
    uart5_Rec_shuju_neirong                  0x20000064   Data         200  uart5.o(.bss)
    uart5_Uart0_Tx_SendData                  0x2000012c   Data         200  uart5.o(.bss)
    send_data_zancun                         0x200001f4   Data         200  uart5.o(.bss)
    UART5Op                                  0x200002bc   Data          16  uart5.o(.bss)
    uart1_Rec_shuju_neirong                  0x200002cc   Data         200  uart1.o(.bss)
    uart1_Uart0_Tx_SendData                  0x20000394   Data         200  uart1.o(.bss)
    send_data_zancun_1                       0x2000045c   Data         200  uart1.o(.bss)
    UART1Op                                  0x20000524   Data          16  uart1.o(.bss)
    Test_quanju_canshu_L                     0x20000534   Data          12  test_list.o(.bss)
    Test_jiejuo_jilu                         0x20000540   Data          80  test_list.o(.bss)
    ZDINA219CurrentBuff                      0x20000590   Data          20  zdina219.o(.bss)
    ZDINA219CurrentMidBuff                   0x200005a4   Data          10  zdina219.o(.bss)
    uart0_Rec_shuju_neirong                  0x200005b0   Data         200  uart0.o(.bss)
    uart0_Uart0_Tx_SendData                  0x20000678   Data         200  uart0.o(.bss)
    send_data_zancun_0                       0x20000740   Data         200  uart0.o(.bss)
    UART0Op                                  0x20000808   Data          16  uart0.o(.bss)
    xieyi2_fanhui                            0x20000818   Data         200  pc_xieyi_ctrl.o(.bss)
    __initial_sp                             0x200010e0   Data           0  startup_fm33lg0xx.o(STACK)



==============================================================================

Memory Map of the image

  Image Entry point : 0x000000c1

  Load Region LR_IROM1 (Base: 0x00000000, Size: 0x00004534, Max: 0x00040000, ABSOLUTE)

    Execution Region ER_IROM1 (Exec base: 0x00000000, Load base: 0x00000000, Size: 0x000044d0, Max: 0x00040000, ABSOLUTE)

    Exec Addr    Load Addr    Size         Type   Attr      Idx    E Section Name        Object

    0x00000000   0x00000000   0x000000c0   Data   RO            3    RESET               startup_fm33lg0xx.o
    0x000000c0   0x000000c0   0x00000000   Code   RO         3697  * .ARM.Collect$$$$00000000  mc_p.l(entry.o)
    0x000000c0   0x000000c0   0x00000004   Code   RO         3764    .ARM.Collect$$$$00000001  mc_p.l(entry2.o)
    0x000000c4   0x000000c4   0x00000004   Code   RO         3767    .ARM.Collect$$$$00000004  mc_p.l(entry5.o)
    0x000000c8   0x000000c8   0x00000000   Code   RO         3769    .ARM.Collect$$$$00000008  mc_p.l(entry7b.o)
    0x000000c8   0x000000c8   0x00000000   Code   RO         3771    .ARM.Collect$$$$0000000A  mc_p.l(entry8b.o)
    0x000000c8   0x000000c8   0x00000008   Code   RO         3772    .ARM.Collect$$$$0000000B  mc_p.l(entry9a.o)
    0x000000d0   0x000000d0   0x00000000   Code   RO         3774    .ARM.Collect$$$$0000000D  mc_p.l(entry10a.o)
    0x000000d0   0x000000d0   0x00000000   Code   RO         3776    .ARM.Collect$$$$0000000F  mc_p.l(entry11a.o)
    0x000000d0   0x000000d0   0x00000004   Code   RO         3765    .ARM.Collect$$$$00002712  mc_p.l(entry2.o)
    0x000000d4   0x000000d4   0x0000001c   Code   RO            4    .text               startup_fm33lg0xx.o
    0x000000f0   0x000000f0   0x0000002c   Code   RO         3700    .text               mc_p.l(uidiv.o)
    0x0000011c   0x0000011c   0x00000028   Code   RO         3702    .text               mc_p.l(idiv.o)
    0x00000144   0x00000144   0x00000060   Code   RO         3704    .text               mc_p.l(uldiv.o)
    0x000001a4   0x000001a4   0x0000007a   Code   RO         3706    .text               mc_p.l(llmul.o)
    0x0000021e   0x0000021e   0x00000024   Code   RO         3708    .text               mc_p.l(memcpya.o)
    0x00000242   0x00000242   0x00000024   Code   RO         3710    .text               mc_p.l(memseta.o)
    0x00000266   0x00000266   0x00000002   PAD
    0x00000268   0x00000268   0x00000164   Code   RO         3748    .text               mf_p.l(dadd.o)
    0x000003cc   0x000003cc   0x000000d0   Code   RO         3750    .text               mf_p.l(dmul.o)
    0x0000049c   0x0000049c   0x000000f0   Code   RO         3752    .text               mf_p.l(ddiv.o)
    0x0000058c   0x0000058c   0x00000020   Code   RO         3781    .text               mc_p.l(llshl.o)
    0x000005ac   0x000005ac   0x00000022   Code   RO         3783    .text               mc_p.l(llushr.o)
    0x000005ce   0x000005ce   0x00000026   Code   RO         3785    .text               mc_p.l(llsshr.o)
    0x000005f4   0x000005f4   0x00000000   Code   RO         3787    .text               mc_p.l(iusefp.o)
    0x000005f4   0x000005f4   0x000000be   Code   RO         3790    .text               mf_p.l(depilogue.o)
    0x000006b2   0x000006b2   0x00000002   PAD
    0x000006b4   0x000006b4   0x00000040   Code   RO         3794    .text               mf_p.l(dfixul.o)
    0x000006f4   0x000006f4   0x00000028   Code   RO         3796    .text               mf_p.l(cdrcmple.o)
    0x0000071c   0x0000071c   0x00000024   Code   RO         3798    .text               mc_p.l(init.o)
    0x00000740   0x00000740   0x00000014   Code   RO          422    i.ANJIAN_1_OFF      gpio.o
    0x00000754   0x00000754   0x00000014   Code   RO          424    i.ANJIAN_2_OFF      gpio.o
    0x00000768   0x00000768   0x00000014   Code   RO          426    i.ANJIAN_3_OFF      gpio.o
    0x0000077c   0x0000077c   0x00000014   Code   RO          428    i.ANJIAN_4_OFF      gpio.o
    0x00000790   0x00000790   0x000000cc   Code   RO          368    i.ATIM_IRQHandler   time.o
    0x0000085c   0x0000085c   0x00000014   Code   RO          369    i.ATIM_Init         time.o
    0x00000870   0x00000870   0x00000010   Code   RO          370    i.ATIM_NVIC_Init    time.o
    0x00000880   0x00000880   0x00000018   Code   RO          371    i.ATIM_Start        time.o
    0x00000898   0x00000898   0x0000009c   Code   RO          987    i.CheckZDCurrent    zdina219.o
    0x00000934   0x00000934   0x00000010   Code   RO          430    i.Current_CHK_CTRL_OFF  gpio.o
    0x00000944   0x00000944   0x00000016   Code   RO          988    i.Current_CHK_Func  zdina219.o
    0x0000095a   0x0000095a   0x00000002   PAD
    0x0000095c   0x0000095c   0x00000044   Code   RO          632    i.DeBug_print       uart1.o
    0x000009a0   0x000009a0   0x00000006   Code   RO          771    i.FL_ADC_ClearFlag_EndOfConversion  adc_chk.o
    0x000009a6   0x000009a6   0x00000002   PAD
    0x000009a8   0x000009a8   0x0000018c   Code   RO         1397    i.FL_ADC_CommonInit  fm33lg0xx_fl_adc.o
    0x00000b34   0x00000b34   0x0000000a   Code   RO          772    i.FL_ADC_Disable    adc_chk.o
    0x00000b3e   0x00000b3e   0x0000000a   Code   RO         1400    i.FL_ADC_Disable    fm33lg0xx_fl_adc.o
    0x00000b48   0x00000b48   0x0000000c   Code   RO         1401    i.FL_ADC_DisableOverSampling  fm33lg0xx_fl_adc.o
    0x00000b54   0x00000b54   0x0000000c   Code   RO          773    i.FL_ADC_DisableSequencerChannel  adc_chk.o
    0x00000b60   0x00000b60   0x0000000a   Code   RO          774    i.FL_ADC_Enable     adc_chk.o
    0x00000b6a   0x00000b6a   0x0000000a   Code   RO          775    i.FL_ADC_EnableSWConversion  adc_chk.o
    0x00000b74   0x00000b74   0x0000000c   Code   RO          776    i.FL_ADC_EnableSequencerChannel  adc_chk.o
    0x00000b80   0x00000b80   0x00000388   Code   RO         1402    i.FL_ADC_Init       fm33lg0xx_fl_adc.o
    0x00000f08   0x00000f08   0x00000010   Code   RO          777    i.FL_ADC_IsActiveFlag_EndOfConversion  adc_chk.o
    0x00000f18   0x00000f18   0x0000000c   Code   RO         1403    i.FL_ADC_SetClockSource  fm33lg0xx_fl_adc.o
    0x00000f24   0x00000f24   0x0000000a   Code   RO         1530    i.FL_ATIM_GenerateUpdateEvent  fm33lg0xx_fl_atim.o
    0x00000f2e   0x00000f2e   0x00000002   PAD
    0x00000f30   0x00000f30   0x00000198   Code   RO         1533    i.FL_ATIM_Init      fm33lg0xx_fl_atim.o
    0x000010c8   0x000010c8   0x00000010   Code   RO         1534    i.FL_ATIM_IsActiveFlag_Update  fm33lg0xx_fl_atim.o
    0x000010d8   0x000010d8   0x0000000c   Code   RO         1539    i.FL_ATIM_SetCounterAlignedMode  fm33lg0xx_fl_atim.o
    0x000010e4   0x000010e4   0x0000000c   Code   RO         1540    i.FL_ATIM_SetCounterDirection  fm33lg0xx_fl_atim.o
    0x000010f0   0x000010f0   0x00000010   Code   RO         3491    i.FL_CMU_EnableGroup3BusClock  fm33lg0xx_fl_uart.o
    0x00001100   0x00001100   0x00000010   Code   RO         1545    i.FL_CMU_EnableGroup3OperationClock  fm33lg0xx_fl_atim.o
    0x00001110   0x00001110   0x00000010   Code   RO         3492    i.FL_CMU_EnableGroup3OperationClock  fm33lg0xx_fl_uart.o
    0x00001120   0x00001120   0x00000010   Code   RO         1546    i.FL_CMU_EnableGroup4BusClock  fm33lg0xx_fl_atim.o
    0x00001130   0x00001130   0x00000078   Code   RO         1807    i.FL_CMU_GetAHBClockFreq  fm33lg0xx_fl_cmu.o
    0x000011a8   0x000011a8   0x00000078   Code   RO         1808    i.FL_CMU_GetAPBClockFreq  fm33lg0xx_fl_cmu.o
    0x00001220   0x00001220   0x000000ac   Code   RO         1809    i.FL_CMU_GetPLLClockFreq  fm33lg0xx_fl_cmu.o
    0x000012cc   0x000012cc   0x00000050   Code   RO         1810    i.FL_CMU_GetRCHFClockFreq  fm33lg0xx_fl_cmu.o
    0x0000131c   0x0000131c   0x0000004c   Code   RO         1811    i.FL_CMU_GetRCLFClockFreq  fm33lg0xx_fl_cmu.o
    0x00001368   0x00001368   0x00000064   Code   RO         1812    i.FL_CMU_GetSystemClockFreq  fm33lg0xx_fl_cmu.o
    0x000013cc   0x000013cc   0x00000014   Code   RO          778    i.FL_CMU_SetADCPrescaler  adc_chk.o
    0x000013e0   0x000013e0   0x00000020   Code   RO         1327    i.FL_DelayInit      fm33lg0xx_fl.o
    0x00001400   0x00001400   0x00000038   Code   RO         1328    i.FL_DelayMs        fm33lg0xx_fl.o
    0x00001438   0x00001438   0x00000044   Code   RO         1330    i.FL_DelayUs        fm33lg0xx_fl.o
    0x0000147c   0x0000147c   0x0000000a   Code   RO         2457    i.FL_GPIO_DisablePinAnalogSwitch  fm33lg0xx_fl_gpio.o
    0x00001486   0x00001486   0x0000000a   Code   RO         2458    i.FL_GPIO_DisablePinInput  fm33lg0xx_fl_gpio.o
    0x00001490   0x00001490   0x0000000a   Code   RO         2459    i.FL_GPIO_DisablePinOpenDrain  fm33lg0xx_fl_gpio.o
    0x0000149a   0x0000149a   0x0000000a   Code   RO         2460    i.FL_GPIO_DisablePinPullup  fm33lg0xx_fl_gpio.o
    0x000014a4   0x000014a4   0x0000000a   Code   RO         2461    i.FL_GPIO_DisablePinRemap  fm33lg0xx_fl_gpio.o
    0x000014ae   0x000014ae   0x00000016   Code   RO          904    i.FL_GPIO_GetInputPin  test_list.o
    0x000014c4   0x000014c4   0x00000016   Code   RO          989    i.FL_GPIO_GetInputPin  zdina219.o
    0x000014da   0x000014da   0x00000002   PAD
    0x000014dc   0x000014dc   0x000001e8   Code   RO         2462    i.FL_GPIO_Init      fm33lg0xx_fl_gpio.o
    0x000016c4   0x000016c4   0x00000006   Code   RO          432    i.FL_GPIO_ResetOutputPin  gpio.o
    0x000016ca   0x000016ca   0x00000006   Code   RO          990    i.FL_GPIO_ResetOutputPin  zdina219.o
    0x000016d0   0x000016d0   0x00000006   Code   RO          433    i.FL_GPIO_SetOutputPin  gpio.o
    0x000016d6   0x000016d6   0x00000006   Code   RO          991    i.FL_GPIO_SetOutputPin  zdina219.o
    0x000016dc   0x000016dc   0x0000001a   Code   RO         2463    i.FL_GPIO_SetPinMode  fm33lg0xx_fl_gpio.o
    0x000016f6   0x000016f6   0x00000002   PAD
    0x000016f8   0x000016f8   0x00000120   Code   RO         2736    i.FL_IWDT_Init      fm33lg0xx_fl_iwdt.o
    0x00001818   0x00001818   0x00000014   Code   RO         2737    i.FL_IWDT_ReadCounter  fm33lg0xx_fl_iwdt.o
    0x0000182c   0x0000182c   0x0000000a   Code   RO         2738    i.FL_IWDT_StructInit  fm33lg0xx_fl_iwdt.o
    0x00001836   0x00001836   0x00000008   Code   RO         1332    i.FL_Init           fm33lg0xx_fl.o
    0x0000183e   0x0000183e   0x00000002   PAD
    0x00001840   0x00001840   0x00000048   Code   RO         1333    i.FL_NVIC_Init      fm33lg0xx_fl.o
    0x00001888   0x00001888   0x0000000a   Code   RO          282    i.FL_UART_EnableIT_TXShiftBuffEmpty  uart5.o
    0x00001892   0x00001892   0x0000000a   Code   RO          633    i.FL_UART_EnableIT_TXShiftBuffEmpty  uart1.o
    0x0000189c   0x0000189c   0x0000000a   Code   RO         1113    i.FL_UART_EnableIT_TXShiftBuffEmpty  uart0.o
    0x000018a6   0x000018a6   0x00000002   PAD
    0x000018a8   0x000018a8   0x000002e4   Code   RO         3498    i.FL_UART_Init      fm33lg0xx_fl_uart.o
    0x00001b8c   0x00001b8c   0x0000000c   Code   RO          283    i.FL_UART_WriteTXBuff  uart5.o
    0x00001b98   0x00001b98   0x0000000c   Code   RO          634    i.FL_UART_WriteTXBuff  uart1.o
    0x00001ba4   0x00001ba4   0x0000000c   Code   RO         1114    i.FL_UART_WriteTXBuff  uart0.o
    0x00001bb0   0x00001bb0   0x00000028   Code   RO          434    i.GPIO_IRQHandler   gpio.o
    0x00001bd8   0x00001bd8   0x0000007c   Code   RO          779    i.GetSingleChannelSample_POLL  adc_chk.o
    0x00001c54   0x00001c54   0x0000007c   Code   RO          780    i.GetSingleChannelVoltage_POLL  adc_chk.o
    0x00001cd0   0x00001cd0   0x0000009c   Code   RO          781    i.GetVREF1P2Sample_POLL  adc_chk.o
    0x00001d6c   0x00001d6c   0x00000044   Code   RO          992    i.INA219_IIC_GPIO_Init  zdina219.o
    0x00001db0   0x00001db0   0x0000002c   Code   RO          742    i.LED_FLAG_LOOP     led_ctrl.o
    0x00001ddc   0x00001ddc   0x0000001c   Code   RO          743    i.LED_FLAG_Run      led_ctrl.o
    0x00001df8   0x00001df8   0x00000014   Code   RO          435    i.LED_Off           gpio.o
    0x00001e0c   0x00001e0c   0x00000014   Code   RO          436    i.LED_On            gpio.o
    0x00001e20   0x00001e20   0x00000018   Code   RO          782    i.MF_ADC_Common_Init  adc_chk.o
    0x00001e38   0x00001e38   0x000000f8   Code   RO          783    i.MF_ADC_Init       adc_chk.o
    0x00001f30   0x00001f30   0x0000000c   Code   RO          784    i.MF_ADC_PC10_Config_Init  adc_chk.o
    0x00001f3c   0x00001f3c   0x00000020   Code   RO          372    i.MF_ATIM_Interrupt_Init  time.o
    0x00001f5c   0x00001f5c   0x00000030   Code   RO          373    i.MF_ATIM_TimerBase_Init  time.o
    0x00001f8c   0x00001f8c   0x00000084   Code   RO           13    i.MF_Clock_Init     mf_config.o
    0x00002010   0x00002010   0x0000006c   Code   RO         1115    i.MF_UART0_Init     uart0.o
    0x0000207c   0x0000207c   0x00000034   Code   RO         1116    i.MF_UART0_Interrupt_Init  uart0.o
    0x000020b0   0x000020b0   0x00000064   Code   RO          635    i.MF_UART1_Init     uart1.o
    0x00002114   0x00002114   0x00000034   Code   RO          636    i.MF_UART1_Interrupt_Init  uart1.o
    0x00002148   0x00002148   0x00000068   Code   RO          284    i.MF_UART5_Init     uart5.o
    0x000021b0   0x000021b0   0x00000034   Code   RO          285    i.MF_UART5_Interrupt_Init  uart5.o
    0x000021e4   0x000021e4   0x00000078   Code   RO         1334    i.NVIC_SetPriority  fm33lg0xx_fl.o
    0x0000225c   0x0000225c   0x0000024c   Code   RO          437    i.Others_GPIO_Init  gpio.o
    0x000024a8   0x000024a8   0x00000020   Code   RO          637    i.PC_Chuankou_tongxin_Debug_send  uart1.o
    0x000024c8   0x000024c8   0x00000010   Code   RO          638    i.PC_Chuankou_tongxin_send  uart1.o
    0x000024d8   0x000024d8   0x00000024   Code   RO         1189    i.PC_xieyifasong_1  pc_xieyi_ctrl.o
    0x000024fc   0x000024fc   0x00000170   Code   RO         1190    i.PC_xieyifasong_2  pc_xieyi_ctrl.o
    0x0000266c   0x0000266c   0x000000d8   Code   RO         1191    i.PC_xieyijiexi     pc_xieyi_ctrl.o
    0x00002744   0x00002744   0x00000140   Code   RO          993    i.ReadZD_Current    zdina219.o
    0x00002884   0x00002884   0x00000010   Code   RO          438    i.SY_dianya_CHK_CTRL_OFF  gpio.o
    0x00002894   0x00002894   0x0000013c   Code   RO         1289    i.SystemCoreClockUpdate  system_fm33lg0xx.o
    0x000029d0   0x000029d0   0x000000fc   Code   RO         1290    i.SystemInit        system_fm33lg0xx.o
    0x00002acc   0x00002acc   0x000000d0   Code   RO         1291    i.SystemPLLClockUpdate  system_fm33lg0xx.o
    0x00002b9c   0x00002b9c   0x00000018   Code   RO         1225    i.TONGXIN_xieyifasong_ICDC  tongxin_xieyi_ctrl.o
    0x00002bb4   0x00002bb4   0x0000002c   Code   RO         1226    i.TONGXIN_xieyifasong_NTST  tongxin_xieyi_ctrl.o
    0x00002be0   0x00002be0   0x00000180   Code   RO         1227    i.TONGXIN_xieyijiexi  tongxin_xieyi_ctrl.o
    0x00002d60   0x00002d60   0x000000f0   Code   RO         1117    i.UART0_IRQHandler  uart0.o
    0x00002e50   0x00002e50   0x00000014   Code   RO         1118    i.UART0_MF_Config_Init  uart0.o
    0x00002e64   0x00002e64   0x00000010   Code   RO         1119    i.UART0_MF_NVIC_Init  uart0.o
    0x00002e74   0x00002e74   0x000000f8   Code   RO          639    i.UART1_IRQHandler  uart1.o
    0x00002f6c   0x00002f6c   0x00000014   Code   RO          640    i.UART1_MF_Config_Init  uart1.o
    0x00002f80   0x00002f80   0x00000010   Code   RO          641    i.UART1_MF_NVIC_Init  uart1.o
    0x00002f90   0x00002f90   0x000000f0   Code   RO          286    i.UART5_IRQHandler  uart5.o
    0x00003080   0x00003080   0x00000014   Code   RO          287    i.UART5_MF_Config_Init  uart5.o
    0x00003094   0x00003094   0x00000010   Code   RO          288    i.UART5_MF_NVIC_Init  uart5.o
    0x000030a4   0x000030a4   0x00000034   Code   RO          642    i.UART_TX_state_change  uart1.o
    0x000030d8   0x000030d8   0x00000058   Code   RO         1120    i.Uart0_Rx_rec      uart0.o
    0x00003130   0x00003130   0x00000074   Code   RO         1121    i.Uart0_Tx_Send     uart0.o
    0x000031a4   0x000031a4   0x00000010   Code   RO         1122    i.Uart0_Tx_Send_init  uart0.o
    0x000031b4   0x000031b4   0x0000006c   Code   RO          643    i.Uart1_Rx_rec      uart1.o
    0x00003220   0x00003220   0x00000078   Code   RO          644    i.Uart1_Tx_Send     uart1.o
    0x00003298   0x00003298   0x00000018   Code   RO          645    i.Uart1_Tx_Send_init  uart1.o
    0x000032b0   0x000032b0   0x00000050   Code   RO          289    i.Uart5_Rx_rec      uart5.o
    0x00003300   0x00003300   0x00000074   Code   RO          290    i.Uart5_Tx_Send     uart5.o
    0x00003374   0x00003374   0x00000010   Code   RO          291    i.Uart5_Tx_Send_init  uart5.o
    0x00003384   0x00003384   0x00000014   Code   RO          440    i.Uart_shineng_OFF  gpio.o
    0x00003398   0x00003398   0x00000014   Code   RO          441    i.Uart_shineng_ON   gpio.o
    0x000033ac   0x000033ac   0x00000010   Code   RO          442    i.VCC_dianya_CHK_CTRL_OFF  gpio.o
    0x000033bc   0x000033bc   0x00000010   Code   RO          443    i.VCC_dianya_CHK_CTRL_ON  gpio.o
    0x000033cc   0x000033cc   0x00000030   Code   RO         1269    i.WatchDog_Init     wtd.o
    0x000033fc   0x000033fc   0x00000010   Code   RO          994    i.ZDINA219_IIC_Delay  zdina219.o
    0x0000340c   0x0000340c   0x00000050   Code   RO          996    i.ZDINA219_IIC_RevByte  zdina219.o
    0x0000345c   0x0000345c   0x00000062   Code   RO          997    i.ZDINA219_IIC_RevBytes  zdina219.o
    0x000034be   0x000034be   0x00000002   PAD
    0x000034c0   0x000034c0   0x00000084   Code   RO          998    i.ZDINA219_IIC_SendByte  zdina219.o
    0x00003544   0x00003544   0x0000001c   Code   RO          999    i.ZDINA219_IIC_SendBytes  zdina219.o
    0x00003560   0x00003560   0x00000026   Code   RO         1000    i.ZDINA219_IIC_Start  zdina219.o
    0x00003586   0x00003586   0x00000030   Code   RO         1001    i.ZDINA219_IIC_Stop  zdina219.o
    0x000035b6   0x000035b6   0x00000002   PAD
    0x000035b8   0x000035b8   0x00000024   Code   RO         1002    i.ZDINA219_SCL      zdina219.o
    0x000035dc   0x000035dc   0x00000024   Code   RO         1003    i.ZDINA219_SDA      zdina219.o
    0x00003600   0x00003600   0x00000038   Code   RO         1004    i.ZDINA219_SDA_OUT_Dir_CTL  zdina219.o
    0x00003638   0x00003638   0x0000002c   Code   RO         3720    i.__0vsnprintf      mc_p.l(printfa.o)
    0x00003664   0x00003664   0x0000002e   Code   RO         3792    i.__ARM_clz         mf_p.l(depilogue.o)
    0x00003692   0x00003692   0x00000030   Code   RO          888    i.__ARM_common_ll_muluu  adc_chk.o
    0x000036c2   0x000036c2   0x0000001c   Code   RO          970    i.__ARM_common_switch8  test_list.o
    0x000036de   0x000036de   0x0000000e   Code   RO         3804    i.__scatterload_copy  mc_p.l(handlers.o)
    0x000036ec   0x000036ec   0x00000002   Code   RO         3805    i.__scatterload_null  mc_p.l(handlers.o)
    0x000036ee   0x000036ee   0x0000000e   Code   RO         3806    i.__scatterload_zeroinit  mc_p.l(handlers.o)
    0x000036fc   0x000036fc   0x00000174   Code   RO         3722    i._fp_digits        mc_p.l(printfa.o)
    0x00003870   0x00003870   0x000006ec   Code   RO         3723    i._printf_core      mc_p.l(printfa.o)
    0x00003f5c   0x00003f5c   0x00000020   Code   RO         3724    i._printf_post_padding  mc_p.l(printfa.o)
    0x00003f7c   0x00003f7c   0x0000002c   Code   RO         3725    i._printf_pre_padding  mc_p.l(printfa.o)
    0x00003fa8   0x00003fa8   0x00000016   Code   RO         3726    i._snputc           mc_p.l(printfa.o)
    0x00003fbe   0x00003fbe   0x00000002   PAD
    0x00003fc0   0x00003fc0   0x00000010   Code   RO          444    i.beidian_gongdian_OFF  gpio.o
    0x00003fd0   0x00003fd0   0x00000010   Code   RO          445    i.beidian_gongdian_On  gpio.o
    0x00003fe0   0x00003fe0   0x00000024   Code   RO         1228    i.bijiao_zifuchuan  tongxin_xieyi_ctrl.o
    0x00004004   0x00004004   0x00000014   Code   RO          446    i.dianlu_119_OFF    gpio.o
    0x00004018   0x00004018   0x00000014   Code   RO          448    i.erji_dianya_CHK_CTRL_OFF  gpio.o
    0x0000402c   0x0000402c   0x00000014   Code   RO          449    i.erji_dianya_CHK_CTRL_ON  gpio.o
    0x00004040   0x00004040   0x0000001c   Code   RO          786    i.get_VCC_weizhi_dianya  adc_chk.o
    0x0000405c   0x0000405c   0x0000001e   Code   RO          787    i.get_erjidianyuan_weizhi_dianya  adc_chk.o
    0x0000407a   0x0000407a   0x00000014   Code   RO          789    i.get_zhudian_gongdian_weizhi_dianya  adc_chk.o
    0x0000408e   0x0000408e   0x00000002   PAD
    0x00004090   0x00004090   0x0000007c   Code   RO          905    i.gongwei_jiance    test_list.o
    0x0000410c   0x0000410c   0x00000048   Code   RO          199    i.main              main.o
    0x00004154   0x00004154   0x00000028   Code   RO          200    i.test_Init         main.o
    0x0000417c   0x0000417c   0x00000214   Code   RO          906    i.test_Loop_Func    test_list.o
    0x00004390   0x00004390   0x0000001c   Code   RO          907    i.test_err_end_Func  test_list.o
    0x000043ac   0x000043ac   0x0000003c   Code   RO          908    i.test_jieguo_qingling  test_list.o
    0x000043e8   0x000043e8   0x00000058   Code   RO          910    i.test_start        test_list.o
    0x00004440   0x00004440   0x00000024   Code   RO          911    i.test_start_Init   test_list.o
    0x00004464   0x00004464   0x0000001c   Code   RO          912    i.test_testend      test_list.o
    0x00004480   0x00004480   0x00000010   Code   RO          450    i.zhudian_dianya_CHK_CTRL_OFF  gpio.o
    0x00004490   0x00004490   0x00000010   Code   RO          452    i.zhudian_gongdian_OFF  gpio.o
    0x000044a0   0x000044a0   0x00000010   Code   RO          453    i.zhudian_gongdian_On  gpio.o
    0x000044b0   0x000044b0   0x00000020   Data   RO         3802    Region$$Table       anon$$obj.o


    Execution Region RW_IRAM1 (Exec base: 0x20000000, Load base: 0x000044d0, Size: 0x000010e0, Max: 0x00008000, ABSOLUTE)

    Exec Addr    Load Addr    Size         Type   Attr      Idx    E Section Name        Object

    0x20000000   0x000044d0   0x00000001   Data   RW          201    .data               main.o
    0x20000001   0x000044d1   0x00000001   PAD
    0x20000002   0x000044d2   0x00000008   Data   RW          293    .data               uart5.o
    0x2000000a   0x000044da   0x00000006   Data   RW          647    .data               uart1.o
    0x20000010   0x000044e0   0x00000002   Data   RW          744    .data               led_ctrl.o
    0x20000012   0x000044e2   0x00000002   Data   RW          914    .data               test_list.o
    0x20000014   0x000044e4   0x00000002   Data   RW         1006    .data               zdina219.o
    0x20000016   0x000044e6   0x00000006   Data   RW         1124    .data               uart0.o
    0x2000001c   0x000044ec   0x00000005   Data   RW         1193    .data               pc_xieyi_ctrl.o
    0x20000021   0x000044f1   0x00000037   Data   RW         1229    .data               tongxin_xieyi_ctrl.o
    0x20000058   0x00004528   0x0000000c   Data   RW         1292    .data               system_fm33lg0xx.o
    0x20000064        -       0x00000268   Zero   RW          292    .bss                uart5.o
    0x200002cc        -       0x00000268   Zero   RW          646    .bss                uart1.o
    0x20000534        -       0x0000005c   Zero   RW          913    .bss                test_list.o
    0x20000590        -       0x0000001e   Zero   RW         1005    .bss                zdina219.o
    0x200005ae   0x00004534   0x00000002   PAD
    0x200005b0        -       0x00000268   Zero   RW         1123    .bss                uart0.o
    0x20000818        -       0x000000c8   Zero   RW         1192    .bss                pc_xieyi_ctrl.o
    0x200008e0        -       0x00000800   Zero   RW            1    STACK               startup_fm33lg0xx.o


==============================================================================

Image component sizes


      Code (inc. data)   RO Data    RW Data    ZI Data      Debug   Object Name

       910         50          0          0          0      59015   adc_chk.o
       356         42          0          0          0      12762   fm33lg0xx_fl.o
      1334         24          0          0          0      60470   fm33lg0xx_fl_adc.o
       490         16          0          0          0      68643   fm33lg0xx_fl_atim.o
       668         82          0          0          0      28571   fm33lg0xx_fl_cmu.o
         0          0          0          0          0      23940   fm33lg0xx_fl_comp.o
       564         18          0          0          0      23859   fm33lg0xx_fl_gpio.o
       318         16          0          0          0       5908   fm33lg0xx_fl_iwdt.o
       772         36          0          0          0      40223   fm33lg0xx_fl_uart.o
      1004        118          0          0          0      29354   gpio.o
        72         16          0          2          0       1347   led_ctrl.o
       112          8          0          1          0       4246   main.o
       132         10          0          0          0      70644   mf_config.o
       620         26          0          5        200       2816   pc_xieyi_ctrl.o
        28          8        192          0       2048        772   startup_fm33lg0xx.o
       776        102          0         12          0       2479   system_fm33lg0xx.o
       946        208          0          2         92      22763   test_list.o
       344         48          0          0          0      35450   time.o
       488         96          0         55          0       3642   tongxin_xieyi_ctrl.o
       678         84          0          6        616       7388   uart0.o
       878        104          0          6        616      10752   uart1.o
       666         86          0          8        616      18918   uart5.o
        48         10          0          0          0        636   wtd.o
      1168         42          0          2         30      28281   zdina219.o

    ----------------------------------------------------------------------
     13392       1250        224        100       4220     562879   Object Totals
         0          0         32          0          0          0   (incl. Generated)
        20          0          0          1          2          0   (incl. Padding)

    ----------------------------------------------------------------------

      Code (inc. data)   RO Data    RW Data    ZI Data      Debug   Library Member Name

         0          0          0          0          0          0   entry.o
         0          0          0          0          0          0   entry10a.o
         0          0          0          0          0          0   entry11a.o
         8          4          0          0          0          0   entry2.o
         4          0          0          0          0          0   entry5.o
         0          0          0          0          0          0   entry7b.o
         0          0          0          0          0          0   entry8b.o
         8          4          0          0          0          0   entry9a.o
        30          0          0          0          0          0   handlers.o
        40          0          0          0          0         72   idiv.o
        36          8          0          0          0         68   init.o
         0          0          0          0          0          0   iusefp.o
       122          0          0          0          0         84   llmul.o
        32          0          0          0          0         68   llshl.o
        38          0          0          0          0         68   llsshr.o
        34          0          0          0          0         68   llushr.o
        36          0          0          0          0         60   memcpya.o
        36          0          0          0          0        100   memseta.o
      2286         94          0          0          0        460   printfa.o
        44          0          0          0          0         72   uidiv.o
        96          0          0          0          0         84   uldiv.o
        40          2          0          0          0         68   cdrcmple.o
       356          4          0          0          0        140   dadd.o
       240          6          0          0          0         84   ddiv.o
       236          0          0          0          0        216   depilogue.o
        64         10          0          0          0         68   dfixul.o
       208          6          0          0          0         88   dmul.o

    ----------------------------------------------------------------------
      4000        138          0          0          0       1868   Library Totals
         6          0          0          0          0          0   (incl. Padding)

    ----------------------------------------------------------------------

      Code (inc. data)   RO Data    RW Data    ZI Data      Debug   Library Name

      2850        110          0          0          0       1204   mc_p.l
      1144         28          0          0          0        664   mf_p.l

    ----------------------------------------------------------------------
      4000        138          0          0          0       1868   Library Totals

    ----------------------------------------------------------------------

==============================================================================


      Code (inc. data)   RO Data    RW Data    ZI Data      Debug   

     17392       1388        224        100       4220     556971   Grand Totals
     17392       1388        224        100       4220     556971   ELF Image Totals
     17392       1388        224        100          0          0   ROM Totals

==============================================================================

    Total RO  Size (Code + RO Data)                17616 (  17.20kB)
    Total RW  Size (RW Data + ZI Data)              4320 (   4.22kB)
    Total ROM Size (Code + RO Data + RW Data)      17716 (  17.30kB)

==============================================================================

